<html>
<body>
<pre>
<h1>µVision Build Log</h1>
<h2>Project:</h2>
E:\×ÊÁÏ\STM32L151_hard\LPM\Project\gpio.uvproj
Project File Date:  04/23/2016

<h2>Output:</h2>
compiling lpm.c...
..\Driver\LPM\lpm.c(35): warning:  #223-D: function "Run1" declared implicitly
"..\Driver\LPM\lpm.c" - 0 Errors, 1 Warning(s).
compiling lpm.c...
"..\Driver\LPM\lpm.c" - 0 Errors, 0 Warning(s).
compiling lpm.c...
"..\Driver\LPM\lpm.c" - 0 Errors, 0 Warning(s).
Build target 'gpio'
linking...
..\Output\Ethernet.axf: Error: L6200E: Symbol PWR_VoltageScalingConfig multiply defined (by lpm.o and stm32l1xx_pwr.o).
"..\Output\Ethernet.axf" - 1 Errors, 0 Warning(s).
Target not created
Build target 'gpio'
compiling lpm.c...
linking...
..\Output\Ethernet.axf: Error: L6200E: Symbol PWR_VoltageScalingConfig multiply defined (by lpm.o and stm32l1xx_pwr.o).
"..\Output\Ethernet.axf" - 1 Errors, 0 Warning(s).
Target not created
compiling lpm.c...
"..\Driver\LPM\lpm.c" - 0 Errors, 0 Warning(s).
Build target 'gpio'
linking...
Program Size: Code=6628 RO-data=276 RW-data=60 ZI-data=1636  
"..\Output\Ethernet.axf" - 0 Errors, 0 Warning(s).
Build target 'gpio'
linking...
Program Size: Code=6628 RO-data=276 RW-data=60 ZI-data=1636  
"..\Output\Ethernet.axf" - 0 Errors, 0 Warning(s).
Rebuild target 'gpio'
assembling startup_stm32l1xx_md.s...
compiling misc.c...
compiling stm32l1xx_adc.c...
compiling stm32l1xx_aes.c...
compiling stm32l1xx_aes_util.c...
compiling stm32l1xx_comp.c...
compiling stm32l1xx_crc.c...
compiling stm32l1xx_dac.c...
compiling stm32l1xx_dbgmcu.c...
compiling stm32l1xx_dma.c...
compiling stm32l1xx_exti.c...
compiling stm32l1xx_flash.c...
compiling stm32l1xx_fsmc.c...
compiling stm32l1xx_gpio.c...
compiling stm32l1xx_i2c.c...
compiling stm32l1xx_iwdg.c...
compiling stm32l1xx_lcd.c...
compiling stm32l1xx_opamp.c...
compiling stm32l1xx_pwr.c...
compiling stm32l1xx_rcc.c...
compiling stm32l1xx_rtc.c...
compiling stm32l1xx_sdio.c...
compiling stm32l1xx_spi.c...
compiling stm32l1xx_syscfg.c...
compiling stm32l1xx_tim.c...
compiling stm32l1xx_usart.c...
compiling stm32l1xx_wwdg.c...
compiling main.c...
compiling system_stm32l1xx.c...
compiling stm32l1xx_it.c...
compiling led.c...
compiling delay.c...
compiling sys.c...
compiling lpm.c...
linking...
Program Size: Code=6628 RO-data=276 RW-data=60 ZI-data=1636  
"..\Output\Ethernet.axf" - 0 Errors, 0 Warning(s).
Build target 'gpio'
compiling main.c...
compiling lpm.c...
linking...
Program Size: Code=5844 RO-data=276 RW-data=60 ZI-data=1636  
"..\Output\Ethernet.axf" - 0 Errors, 0 Warning(s).
compiling main.c...
"..\main\main.c" - 0 Errors, 0 Warning(s).
Build target 'gpio'
linking...
Program Size: Code=6700 RO-data=276 RW-data=64 ZI-data=1632  
"..\Output\Ethernet.axf" - 0 Errors, 0 Warning(s).
Build target 'gpio'
linking...
Program Size: Code=6700 RO-data=276 RW-data=64 ZI-data=1632  
"..\Output\Ethernet.axf" - 0 Errors, 0 Warning(s).
Build target 'gpio'
linking...
Program Size: Code=6700 RO-data=276 RW-data=64 ZI-data=1632  
"..\Output\Ethernet.axf" - 0 Errors, 0 Warning(s).
Build target 'gpio'
linking...
Program Size: Code=6700 RO-data=276 RW-data=64 ZI-data=1632  
"..\Output\Ethernet.axf" - 0 Errors, 0 Warning(s).
Build target 'gpio'
linking...
Program Size: Code=6700 RO-data=276 RW-data=64 ZI-data=1632  
"..\Output\Ethernet.axf" - 0 Errors, 0 Warning(s).
Build target 'gpio'
linking...
Program Size: Code=6700 RO-data=276 RW-data=64 ZI-data=1632  
"..\Output\Ethernet.axf" - 0 Errors, 0 Warning(s).
Build target 'gpio'
linking...
Program Size: Code=6700 RO-data=276 RW-data=64 ZI-data=1632  
"..\Output\Ethernet.axf" - 0 Errors, 0 Warning(s).
compiling main.c...
"..\main\main.c" - 0 Errors, 0 Warning(s).
Build target 'gpio'
linking...
..\Output\Ethernet.axf: Error: L6218E: Undefined symbol flag (referred from stm32l1xx_it.o).
"..\Output\Ethernet.axf" - 1 Errors, 0 Warning(s).
Target not created
compiling main.c...
"..\main\main.c" - 0 Errors, 0 Warning(s).
compiling stm32l1xx_it.c...
"..\main\stm32l1xx_it.c" - 0 Errors, 0 Warning(s).
Build target 'gpio'
compiling main.c...
linking...
Program Size: Code=5876 RO-data=276 RW-data=64 ZI-data=1632  
"..\Output\Ethernet.axf" - 0 Errors, 0 Warning(s).
compiling stm32l1xx_it.c...
"..\main\stm32l1xx_it.c" - 0 Errors, 0 Warning(s).
