<html>
<body>
<pre>
<h1>礦ision Build Log</h1>
<h2>Tool Versions:</h2>
IDE-Version: μVision V5.14.0.0
Copyright (C) 2015 ARM Ltd and ARM Germany GmbH. All rights reserved.
License Information: F D, Microsoft, LIC=1WS9U-SLS79-MQ70F-6XY2J-7NG0W-KEA29
 
Tool Versions:
Toolchain:       MDK-ARM Professional  Version: 5.14.0.0
Toolchain Path:  D:\Program Files (x86)\MDK5\ARM\ARMCC\Bin
C Compiler:      Armcc.exe V5.05 update 1 (build 106)
Assembler:       Armasm.exe V5.05 update 1 (build 106)
Linker/Locator:  ArmLink.exe V5.05 update 1 (build 106)
Library Manager: ArmAr.exe V5.05 update 1 (build 106)
Hex Converter:   FromElf.exe V5.05 update 1 (build 106)
CPU DLL:         SARMCM3.DLL V5.14.0.0
Dialog DLL:      DCM.DLL V1.13.1.0
Target DLL:      STLink\ST-LINKIII-KEIL_SWO.dll V2.0.14.0_KEIL
Dialog DLL:      TCM.DLL V1.14.4.0
 
<h2>Project:</h2>
E:\3.技术事件资料\2017-9-5 STM2L151C8T6 核心板\测试IC\LED\Project\UART.uvprojx
Project File Date:  11/25/2017

<h2>Output:</h2>
Build target 'UART'
assembling startup_stm32l1xx_md.s...
compiling misc.c...
compiling stm32l1xx_adc.c...
compiling stm32l1xx_aes.c...
compiling stm32l1xx_aes_util.c...
compiling stm32l1xx_comp.c...
compiling stm32l1xx_crc.c...
compiling stm32l1xx_dac.c...
compiling stm32l1xx_dbgmcu.c...
compiling stm32l1xx_dma.c...
compiling stm32l1xx_exti.c...
compiling stm32l1xx_flash.c...
compiling stm32l1xx_fsmc.c...
compiling stm32l1xx_gpio.c...
compiling stm32l1xx_i2c.c...
compiling stm32l1xx_iwdg.c...
compiling stm32l1xx_lcd.c...
compiling stm32l1xx_opamp.c...
compiling stm32l1xx_pwr.c...
compiling stm32l1xx_rcc.c...
compiling stm32l1xx_rtc.c...
compiling stm32l1xx_sdio.c...
compiling stm32l1xx_spi.c...
compiling stm32l1xx_syscfg.c...
compiling stm32l1xx_tim.c...
compiling stm32l1xx_usart.c...
compiling stm32l1xx_wwdg.c...
compiling main.c...
..\Driver\system\sys\sys.h(6): warning:  #47-D: incompatible redefinition of macro "NVIC_VectTab_RAM" (declared at line 107 of "..\STM32L1xx_StdPeriph_Driver\inc\misc.h")
  #define NVIC_VectTab_RAM             ((u32)0x20000000)
..\Driver\system\sys\sys.h(7): warning:  #47-D: incompatible redefinition of macro "NVIC_VectTab_FLASH" (declared at line 108 of "..\STM32L1xx_StdPeriph_Driver\inc\misc.h")
  #define NVIC_VectTab_FLASH           ((u32)0x08000000)
..\main\main.c: 2 warnings, 0 errors
compiling system_stm32l1xx.c...
compiling stm32l1xx_it.c...
compiling led.c...
compiling delay.c...
compiling sys.c...
linking...
Program Size: Code=7304 RO-data=276 RW-data=68 ZI-data=1028  
FromELF: creating hex file...
"..\Output\Ethernet.axf" - 0 Error(s), 2 Warning(s).

<h2>Collection of Component include folders:</h2>
  E:\3.技术事件资料\2017-9-5 STM2L151C8T6 核心板\测试IC\LED\Project\RTE
  D:\Program Files (x86)\MDK5\ARM\PACK\Keil\STM32L1xx_DFP\1.2.0

<h2>Collection of Component Files used:</h2>
</pre>
</body>
</html>
