Component: ARM Compiler 5.06 update 1 (build 61) Tool: armlink [4d35a8]

==============================================================================

Section Cross References

    main.o(i.main) refers to bsp.o(i.bsp_init) for bsp_init
    main.o(i.main) refers to usart.o(i.USART_OUT) for USART_OUT
    main.o(i.main) refers to transport.o(i.mqtt_test) for mqtt_test
    main.o(i.main) refers to stm32l1xx_gpio.o(i.GPIO_ResetBits) for GPIO_ResetBits
    main.o(i.main) refers to transport.o(i.transport_getdata) for transport_getdata
    main.o(i.main) refers to rt_memclr_w.o(.text) for __aeabi_memclr4
    main.o(i.main) refers to button.o(i.button_get_state) for button_get_state
    main.o(i.main) refers to timer.o(i.timer_is_timeout_1ms) for timer_is_timeout_1ms
    main.o(i.main) refers to stm32l1xx_gpio.o(i.GPIO_SetBits) for GPIO_SetBits
    system_stm32l1xx.o(i.SystemCoreClockUpdate) refers to system_stm32l1xx.o(.data) for SystemCoreClock
    system_stm32l1xx.o(i.SystemInit) refers to system_stm32l1xx.o(i.SetSysClock) for SetSysClock
    protocol.o(i.protocol_analyze) refers to _printf_percent.o(.ARM.Collect$$_printf_percent$$00000000) for _printf_percent
    protocol.o(i.protocol_analyze) refers to _printf_s.o(.ARM.Collect$$_printf_percent$$00000014) for _printf_s
    protocol.o(i.protocol_analyze) refers to _printf_str.o(.text) for _printf_str
    protocol.o(i.protocol_analyze) refers to rt_memclr_w.o(.text) for __aeabi_memclr4
    protocol.o(i.protocol_analyze) refers to usart.o(i.usart2_recv_data) for usart2_recv_data
    protocol.o(i.protocol_analyze) refers to strstr.o(.text) for strstr
    protocol.o(i.protocol_analyze) refers to common.o(i.str_picked) for str_picked
    protocol.o(i.protocol_analyze) refers to __2sprintf.o(.text) for __2sprintf
    protocol.o(i.protocol_analyze) refers to stm32l1xx_gpio.o(i.GPIO_ReadInputDataBit) for GPIO_ReadInputDataBit
    protocol.o(i.protocol_analyze) refers to main.o(.bss) for protocol_buff
    protocol.o(i.protocol_analyze) refers to gprs.o(.bss) for lock_id
    protocol.o(i.protocol_analyze) refers to usart.o(.bss) for usart2_buff
    adc.o(i.adc_get_average) refers to adc.o(i.adc_get_value) for adc_get_value
    adc.o(i.adc_get_average) refers to timer.o(i.timer_delay_1ms) for timer_delay_1ms
    adc.o(i.adc_get_value) refers to stm32l1xx_adc.o(i.ADC_RegularChannelConfig) for ADC_RegularChannelConfig
    adc.o(i.adc_get_value) refers to stm32l1xx_adc.o(i.ADC_SoftwareStartConv) for ADC_SoftwareStartConv
    adc.o(i.adc_get_value) refers to stm32l1xx_adc.o(i.ADC_GetFlagStatus) for ADC_GetFlagStatus
    adc.o(i.adc_get_value) refers to stm32l1xx_adc.o(i.ADC_GetConversionValue) for ADC_GetConversionValue
    adc.o(i.adc_gpio_init) refers to stm32l1xx_gpio.o(i.GPIO_Init) for GPIO_Init
    adc.o(i.adc_init) refers to stm32l1xx_adc.o(i.ADC_DeInit) for ADC_DeInit
    adc.o(i.adc_init) refers to stm32l1xx_adc.o(i.ADC_Init) for ADC_Init
    adc.o(i.adc_init) refers to stm32l1xx_adc.o(i.ADC_DelaySelectionConfig) for ADC_DelaySelectionConfig
    adc.o(i.adc_init) refers to stm32l1xx_adc.o(i.ADC_PowerDownCmd) for ADC_PowerDownCmd
    adc.o(i.adc_init) refers to stm32l1xx_adc.o(i.ADC_Cmd) for ADC_Cmd
    button.o(i.button_get_state) refers to bsp.o(i.bsp_get_port_value) for bsp_get_port_value
    button.o(i.button_get_state) refers to button.o(.data) for button_info
    button.o(i.button_gpio_init) refers to stm32l1xx_gpio.o(i.GPIO_Init) for GPIO_Init
    button.o(i.button_timer_ms) refers to button.o(.data) for button_info
    gprs.o(i.gprs_check_cmd) refers to strstr.o(.text) for strstr
    gprs.o(i.gprs_check_cmd) refers to usart.o(.bss) for usart2_buff
    gprs.o(i.gprs_config) refers to _printf_percent.o(.ARM.Collect$$_printf_percent$$00000000) for _printf_percent
    gprs.o(i.gprs_config) refers to _printf_s.o(.ARM.Collect$$_printf_percent$$00000014) for _printf_s
    gprs.o(i.gprs_config) refers to _printf_str.o(.text) for _printf_str
    gprs.o(i.gprs_config) refers to rt_memclr_w.o(.text) for __aeabi_memclr4
    gprs.o(i.gprs_config) refers to gprs.o(i.gprs_power_on) for gprs_power_on
    gprs.o(i.gprs_config) refers to timer.o(i.timer_delay_1ms) for timer_delay_1ms
    gprs.o(i.gprs_config) refers to gprs.o(i.gprs_send_at) for gprs_send_at
    gprs.o(i.gprs_config) refers to strstr.o(.text) for strstr
    gprs.o(i.gprs_config) refers to usart.o(i.USART_OUT) for USART_OUT
    gprs.o(i.gprs_config) refers to rt_memcpy_v6.o(.text) for __aeabi_memcpy
    gprs.o(i.gprs_config) refers to __2sprintf.o(.text) for __2sprintf
    gprs.o(i.gprs_config) refers to gprs.o(.data) for gprs_status
    gprs.o(i.gprs_config) refers to gprs.o(.bss) for lock_id
    gprs.o(i.gprs_gpio_init) refers to stm32l1xx_gpio.o(i.GPIO_Init) for GPIO_Init
    gprs.o(i.gprs_init_task_fun) refers to gprs.o(i.gprs_power_on) for gprs_power_on
    gprs.o(i.gprs_init_task_fun) refers to gprs.o(i.gprs_send_at) for gprs_send_at
    gprs.o(i.gprs_init_task_fun) refers to strstr.o(.text) for strstr
[...]
    .ARM.Collect$$libinit$$0000001D          0x080001b2   Section        0  libinit2.o(.ARM.Collect$$libinit$$0000001D)
    .ARM.Collect$$libinit$$0000001F          0x080001b2   Section        0  libinit2.o(.ARM.Collect$$libinit$$0000001F)
    .ARM.Collect$$libinit$$00000021          0x080001b2   Section        0  libinit2.o(.ARM.Collect$$libinit$$00000021)
    .ARM.Collect$$libinit$$00000023          0x080001b2   Section        0  libinit2.o(.ARM.Collect$$libinit$$00000023)
    .ARM.Collect$$libinit$$00000024          0x080001b2   Section        4  libinit2.o(.ARM.Collect$$libinit$$00000024)
    .ARM.Collect$$libinit$$00000025          0x080001b6   Section        0  libinit2.o(.ARM.Collect$$libinit$$00000025)
    .ARM.Collect$$libinit$$0000002C          0x080001b6   Section        0  libinit2.o(.ARM.Collect$$libinit$$0000002C)
    .ARM.Collect$$libinit$$0000002E          0x080001b6   Section        0  libinit2.o(.ARM.Collect$$libinit$$0000002E)
    .ARM.Collect$$libinit$$00000030          0x080001b6   Section        0  libinit2.o(.ARM.Collect$$libinit$$00000030)
    .ARM.Collect$$libinit$$00000032          0x080001b6   Section        0  libinit2.o(.ARM.Collect$$libinit$$00000032)
    .ARM.Collect$$libinit$$00000033          0x080001b6   Section        2  libinit2.o(.ARM.Collect$$libinit$$00000033)
    .ARM.Collect$$libshutdown$$00000000      0x080001b8   Section        2  libshutdown.o(.ARM.Collect$$libshutdown$$00000000)
    .ARM.Collect$$libshutdown$$00000002      0x080001ba   Section        0  libshutdown2.o(.ARM.Collect$$libshutdown$$00000002)
    .ARM.Collect$$libshutdown$$00000003      0x080001ba   Section        4  libshutdown2.o(.ARM.Collect$$libshutdown$$00000003)
    .ARM.Collect$$libshutdown$$00000004      0x080001be   Section        0  libshutdown2.o(.ARM.Collect$$libshutdown$$00000004)
    .ARM.Collect$$libshutdown$$00000007      0x080001be   Section        0  libshutdown2.o(.ARM.Collect$$libshutdown$$00000007)
    .ARM.Collect$$libshutdown$$0000000A      0x080001be   Section        0  libshutdown2.o(.ARM.Collect$$libshutdown$$0000000A)
    .ARM.Collect$$libshutdown$$0000000C      0x080001be   Section        0  libshutdown2.o(.ARM.Collect$$libshutdown$$0000000C)
    .ARM.Collect$$libshutdown$$0000000F      0x080001be   Section        0  libshutdown2.o(.ARM.Collect$$libshutdown$$0000000F)
    .ARM.Collect$$libshutdown$$00000010      0x080001be   Section        2  libshutdown2.o(.ARM.Collect$$libshutdown$$00000010)
    .ARM.Collect$$rtentry$$00000000          0x080001c0   Section        0  __rtentry.o(.ARM.Collect$$rtentry$$00000000)
    .ARM.Collect$$rtentry$$00000002          0x080001c0   Section        0  __rtentry2.o(.ARM.Collect$$rtentry$$00000002)
    .ARM.Collect$$rtentry$$00000004          0x080001c0   Section        6  __rtentry4.o(.ARM.Collect$$rtentry$$00000004)
    .ARM.Collect$$rtentry$$00000009          0x080001c6   Section        0  __rtentry2.o(.ARM.Collect$$rtentry$$00000009)
    .ARM.Collect$$rtentry$$0000000A          0x080001c6   Section        4  __rtentry2.o(.ARM.Collect$$rtentry$$0000000A)
    .ARM.Collect$$rtentry$$0000000C          0x080001ca   Section        0  __rtentry2.o(.ARM.Collect$$rtentry$$0000000C)
    .ARM.Collect$$rtentry$$0000000D          0x080001ca   Section        8  __rtentry2.o(.ARM.Collect$$rtentry$$0000000D)
    .ARM.Collect$$rtexit$$00000000           0x080001d2   Section        2  rtexit.o(.ARM.Collect$$rtexit$$00000000)
    .ARM.Collect$$rtexit$$00000002           0x080001d4   Section        0  rtexit2.o(.ARM.Collect$$rtexit$$00000002)
    .ARM.Collect$$rtexit$$00000003           0x080001d4   Section        4  rtexit2.o(.ARM.Collect$$rtexit$$00000003)
    .ARM.Collect$$rtexit$$00000004           0x080001d8   Section        6  rtexit2.o(.ARM.Collect$$rtexit$$00000004)
    .emb_text                                0x080001e0   Section        0  maybetermalloc1.o(.emb_text)
    .text                                    0x080001e0   Section       64  startup_stm32l1xx_hd.o(.text)
    .text                                    0x08000220   Section        0  h1_alloc.o(.text)
    .text                                    0x0800027e   Section        0  h1_free.o(.text)
    .text                                    0x080002cc   Section        0  __2printf.o(.text)
    .text                                    0x080002e4   Section        0  __2sprintf.o(.text)
    .text                                    0x08000310   Section        0  _printf_str.o(.text)
    .text                                    0x08000364   Section        0  _printf_dec.o(.text)
    .text                                    0x080003dc   Section        0  __printf_wp.o(.text)
    .text                                    0x080004ea   Section        0  strlen.o(.text)
    .text                                    0x08000528   Section      138  rt_memcpy_v6.o(.text)
    .text                                    0x080005b2   Section      100  rt_memcpy_w.o(.text)
    .text                                    0x08000616   Section       68  rt_memclr.o(.text)
    .text                                    0x0800065a   Section       78  rt_memclr_w.o(.text)
    .text                                    0x080006a8   Section        0  heapauxi.o(.text)
    .text                                    0x080006b0   Section        8  rt_heap_descriptor_intlibspace.o(.text)
    .text                                    0x080006b8   Section        8  rt_errno_addr_intlibspace.o(.text)
    .text                                    0x080006c0   Section        0  hguard.o(.text)
    .text                                    0x080006c4   Section        0  init_alloc.o(.text)
    .text                                    0x0800074e   Section        0  h1_init.o(.text)
    .text                                    0x0800075c   Section        0  _printf_intcommon.o(.text)
    .text                                    0x08000810   Section        0  _printf_char_common.o(.text)
    _printf_input_char                       0x08000811   Thumb Code    10  _printf_char_common.o(.text)
    .text                                    0x08000840   Section        0  _sputc.o(.text)
    .text                                    0x0800084a   Section        0  _printf_char.o(.text)
    .text                                    0x08000878   Section        0  _printf_char_file.o(.text)
    .text                                    0x0800089c   Section        8  libspace.o(.text)
    .text                                    0x080008a4   Section        0  h1_extend.o(.text)
    .text                                    0x080008d8   Section        0  ferror.o(.text)
    .text                                    0x080008e0   Section        0  initio.o(.text)
    .text                                    0x08000a18   Section        0  defsig_rtmem_outer.o(.text)
    .text                                    0x08000a26   Section        0  sys_io.o(.text)
    .text                                    0x08000a8c   Section        2  use_no_semi.o(.text)
    .text                                    0x08000a8e   Section        0  indicate_semi.o(.text)
    .text                                    0x08000a8e   Section       74  sys_stackheap_outer.o(.text)
    .text                                    0x08000ad8   Section        0  flsbuf.o(.text)
    .text                                    0x08000cae   Section        0  setvbuf.o(.text)
    .text                                    0x08000cf4   Section        0  fopen.o(.text)
    _freopen_locked                          0x08000cf5   Thumb Code     0  fopen.o(.text)
    .text                                    0x08000de0   Section        0  fclose.o(.text)
    .text                                    0x08000e2c   Section        0  exit.o(.text)
    .text                                    0x08000e3e   Section        0  defsig_exit.o(.text)
    .text                                    0x08000e48   Section        0  defsig_rtred_outer.o(.text)
    .text                                    0x08000e58   Section        0  defsig_rtmem_inner.o(.text)
    .text                                    0x08000ea8   Section        0  sys_exit.o(.text)
    .text                                    0x08000eb4   Section        0  fseek.o(.text)
    .text                                    0x08000fac   Section        0  stdio.o(.text)
    .text                                    0x0800109c   Section        0  defsig_general.o(.text)
    .text                                    0x080010d0   Section        0  defsig_rtred_inner.o(.text)
    .text                                    0x08001104   Section        0  sys_wrch.o(.text)
    .text                                    0x08001112   Section        0  ftell.o(.text)
    i.ADC_Cmd                                0x08001154   Section        0  stm32l1xx_adc.o(i.ADC_Cmd)
    i.ADC_DeInit                             0x0800116c   Section        0  stm32l1xx_adc.o(i.ADC_DeInit)
    i.ADC_DelaySelectionConfig               0x0800118c   Section        0  stm32l1xx_adc.o(i.ADC_DelaySelectionConfig)
    i.ADC_Init                               0x0800119c   Section        0  stm32l1xx_adc.o(i.ADC_Init)
    i.ADC_PowerDownCmd                       0x080011f0   Section        0  stm32l1xx_adc.o(i.ADC_PowerDownCmd)
    i.BusFault_Handler                       0x08001202   Section        0  stm32l1xx_it.o(i.BusFault_Handler)
    i.DebugMon_Handler                       0x08001206   Section        0  stm32l1xx_it.o(i.DebugMon_Handler)
    i.GPIO_Init                              0x08001208   Section        0  stm32l1xx_gpio.o(i.GPIO_Init)
    i.GPIO_PinAFConfig                       0x0800128c   Section        0  stm32l1xx_gpio.o(i.GPIO_PinAFConfig)
    i.GPIO_ReadInputDataBit                  0x080012d2   Section        0  stm32l1xx_gpio.o(i.GPIO_ReadInputDataBit)
    i.GPIO_ResetBits                         0x080012e4   Section        0  stm32l1xx_gpio.o(i.GPIO_ResetBits)
    i.GPIO_SetBits                           0x080012e8   Section        0  stm32l1xx_gpio.o(i.GPIO_SetBits)
    i.HardFault_Handler                      0x080012ec   Section        0  stm32l1xx_it.o(i.HardFault_Handler)
    i.MQTTDeserialize_connack                0x080012f0   Section        0  mqttconnectclient.o(i.MQTTDeserialize_connack)
    i.MQTTDeserialize_publish                0x08001366   Section        0  mqttdeserializepublish.o(i.MQTTDeserialize_publish)
    i.MQTTDeserialize_suback                 0x0800140e   Section        0  mqttsubscribeclient.o(i.MQTTDeserialize_suback)
    i.MQTTPacket_decode                      0x080014a0   Section        0  mqttpacket.o(i.MQTTPacket_decode)
    i.MQTTPacket_decodeBuf                   0x080014f8   Section        0  mqttpacket.o(i.MQTTPacket_decodeBuf)
    i.MQTTPacket_encode                      0x08001514   Section        0  mqttpacket.o(i.MQTTPacket_encode)
    i.MQTTPacket_len                         0x0800154c   Section        0  mqttpacket.o(i.MQTTPacket_len)
    i.MQTTPacket_read                        0x08001574   Section        0  mqttpacket.o(i.MQTTPacket_read)
    i.MQTTSerialize_connect                  0x080015dc   Section        0  mqttconnectclient.o(i.MQTTSerialize_connect)
    i.MQTTSerialize_connectLength            0x08001744   Section        0  mqttconnectclient.o(i.MQTTSerialize_connectLength)
    i.MQTTSerialize_disconnect               0x080017ba   Section        0  mqttconnectclient.o(i.MQTTSerialize_disconnect)
    i.MQTTSerialize_publish                  0x080017cc   Section        0  mqttserializepublish.o(i.MQTTSerialize_publish)
    i.MQTTSerialize_publishLength            0x0800187c   Section        0  mqttserializepublish.o(i.MQTTSerialize_publishLength)
    i.MQTTSerialize_subscribe                0x0800189e   Section        0  mqttsubscribeclient.o(i.MQTTSerialize_subscribe)
    i.MQTTSerialize_subscribeLength          0x0800194e   Section        0  mqttsubscribeclient.o(i.MQTTSerialize_subscribeLength)
    i.MQTTSerialize_zero                     0x0800197c   Section        0  mqttconnectclient.o(i.MQTTSerialize_zero)
    i.MQTTstrlen                             0x080019c8   Section        0  mqttpacket.o(i.MQTTstrlen)
    i.MemManage_Handler                      0x080019e0   Section        0  stm32l1xx_it.o(i.MemManage_Handler)
    i.NMI_Handler                            0x080019e4   Section        0  stm32l1xx_it.o(i.NMI_Handler)
    i.NVIC_Init                              0x080019e8   Section        0  misc.o(i.NVIC_Init)
    i.NVIC_PriorityGroupConfig               0x08001a60   Section        0  misc.o(i.NVIC_PriorityGroupConfig)
    i.PendSV_Handler                         0x08001a74   Section        0  stm32l1xx_it.o(i.PendSV_Handler)
    i.RCC_AHBPeriphClockCmd                  0x08001a78   Section        0  stm32l1xx_rcc.o(i.RCC_AHBPeriphClockCmd)
    i.RCC_APB1PeriphClockCmd                 0x08001a98   Section        0  stm32l1xx_rcc.o(i.RCC_APB1PeriphClockCmd)
    i.RCC_APB1PeriphResetCmd                 0x08001ab8   Section        0  stm32l1xx_rcc.o(i.RCC_APB1PeriphResetCmd)
    i.RCC_APB2PeriphClockCmd                 0x08001ad8   Section        0  stm32l1xx_rcc.o(i.RCC_APB2PeriphClockCmd)
    i.RCC_APB2PeriphResetCmd                 0x08001af8   Section        0  stm32l1xx_rcc.o(i.RCC_APB2PeriphResetCmd)
    i.RCC_DeInit                             0x08001b18   Section        0  stm32l1xx_rcc.o(i.RCC_DeInit)
    i.RCC_GetClocksFreq                      0x08001b70   Section        0  stm32l1xx_rcc.o(i.RCC_GetClocksFreq)
    i.RCC_GetFlagStatus                      0x08001c70   Section        0  stm32l1xx_rcc.o(i.RCC_GetFlagStatus)
    i.RCC_GetSYSCLKSource                    0x08001ca4   Section        0  stm32l1xx_rcc.o(i.RCC_GetSYSCLKSource)
    i.RCC_HCLKConfig                         0x08001cb4   Section        0  stm32l1xx_rcc.o(i.RCC_HCLKConfig)
    i.RCC_HSEConfig                          0x08001ccc   Section        0  stm32l1xx_rcc.o(i.RCC_HSEConfig)
    i.RCC_PCLK1Config                        0x08001cdc   Section        0  stm32l1xx_rcc.o(i.RCC_PCLK1Config)
    i.RCC_PCLK2Config                        0x08001cf4   Section        0  stm32l1xx_rcc.o(i.RCC_PCLK2Config)
    i.RCC_PLLCmd                             0x08001d0c   Section        0  stm32l1xx_rcc.o(i.RCC_PLLCmd)
    i.RCC_PLLConfig                          0x08001d18   Section        0  stm32l1xx_rcc.o(i.RCC_PLLConfig)
    i.RCC_SYSCLKConfig                       0x08001d2c   Section        0  stm32l1xx_rcc.o(i.RCC_SYSCLKConfig)
    i.RCC_WaitForHSEStartUp                  0x08001d44   Section        0  stm32l1xx_rcc.o(i.RCC_WaitForHSEStartUp)
    i.SVC_Handler                            0x08001d7c   Section        0  stm32l1xx_it.o(i.SVC_Handler)
    i.SetSysClock                            0x08001d80   Section        0  system_stm32l1xx.o(i.SetSysClock)
    SetSysClock                              0x08001d81   Thumb Code   258  system_stm32l1xx.o(i.SetSysClock)
    i.SysTick_Handler                        0x08001e90   Section        0  stm32l1xx_it.o(i.SysTick_Handler)
    i.SystemInit                             0x08001e94   Section        0  system_stm32l1xx.o(i.SystemInit)
    i.TIM2_IRQHandler                        0x08001efc   Section        0  timer.o(i.TIM2_IRQHandler)
    i.TIM_ClearFlag                          0x08001f4c   Section        0  stm32l1xx_tim.o(i.TIM_ClearFlag)
    i.TIM_ClearITPendingBit                  0x08001f52   Section        0  stm32l1xx_tim.o(i.TIM_ClearITPendingBit)
    i.TIM_Cmd                                0x08001f58   Section        0  stm32l1xx_tim.o(i.TIM_Cmd)
    i.TIM_DeInit                             0x08001f70   Section        0  stm32l1xx_tim.o(i.TIM_DeInit)
    i.TIM_GetITStatus                        0x0800206c   Section        0  stm32l1xx_tim.o(i.TIM_GetITStatus)
    i.TIM_ITConfig                           0x0800208e   Section        0  stm32l1xx_tim.o(i.TIM_ITConfig)
    i.TIM_SetCounter                         0x080020a0   Section        0  stm32l1xx_tim.o(i.TIM_SetCounter)
    i.TIM_TimeBaseInit                       0x080020a4   Section        0  stm32l1xx_tim.o(i.TIM_TimeBaseInit)
    i.USART1_IRQHandler                      0x08002104   Section        0  usart.o(i.USART1_IRQHandler)
    i.USART2_IRQHandler                      0x08002188   Section        0  usart.o(i.USART2_IRQHandler)
    i.USART3_IRQHandler                      0x08002214   Section        0  usart.o(i.USART3_IRQHandler)
    i.USART_ClearITPendingBit                0x0800229c   Section        0  stm32l1xx_usart.o(i.USART_ClearITPendingBit)
    i.USART_Cmd                              0x080022ba   Section        0  stm32l1xx_usart.o(i.USART_Cmd)
    i.USART_GetFlagStatus                    0x080022d2   Section        0  stm32l1xx_usart.o(i.USART_GetFlagStatus)
    i.USART_GetITStatus                      0x080022ec   Section        0  stm32l1xx_usart.o(i.USART_GetITStatus)
    i.USART_ITConfig                         0x08002340   Section        0  stm32l1xx_usart.o(i.USART_ITConfig)
    i.USART_Init                             0x0800238c   Section        0  stm32l1xx_usart.o(i.USART_Init)
    i.USART_OUT                              0x08002458   Section        0  usart.o(i.USART_OUT)
    i.USART_ReceiveData                      0x0800256c   Section        0  stm32l1xx_usart.o(i.USART_ReceiveData)
    i.USART_SendData                         0x08002576   Section        0  stm32l1xx_usart.o(i.USART_SendData)
    i.UsageFault_Handler                     0x0800257e   Section        0  stm32l1xx_it.o(i.UsageFault_Handler)
    i._is_digit                              0x08002582   Section        0  __printf_wp.o(i._is_digit)
    i.adc_init                               0x08002590   Section        0  adc.o(i.adc_init)
    i.bsp_get_port_value                     0x080025dc   Section        0  bsp.o(i.bsp_get_port_value)
    i.bsp_gpio_init                          0x080025fc   Section        0  bsp.o(i.bsp_gpio_init)
    i.bsp_init                               0x08002744   Section        0  bsp.o(i.bsp_init)
    i.bsp_nvic_init                          0x0800277c   Section        0  bsp.o(i.bsp_nvic_init)
    i.bsp_rcc_init                           0x080027fc   Section        0  bsp.o(i.bsp_rcc_init)
    i.bufchar                                0x0800289c   Section        0  mqttpacket.o(i.bufchar)
    i.button_get_state                       0x080028c4   Section        0  button.o(i.button_get_state)
    i.button_gpio_init                       0x080029bc   Section        0  button.o(i.button_gpio_init)
    i.button_timer_ms                        0x080029e0   Section        0  button.o(i.button_timer_ms)
    i.fputc                                  0x08002a14   Section        0  fputc.o(i.fputc)
    i.main                                   0x08002a30   Section        0  main.o(i.main)
    i.mqtt_test                              0x08002ae8   Section        0  transport.o(i.mqtt_test)
    i.readChar                               0x08002d54   Section        0  mqttpacket.o(i.readChar)
    i.readInt                                0x08002d62   Section        0  mqttpacket.o(i.readInt)
    i.readMQTTLenString                      0x08002d7c   Section        0  mqttpacket.o(i.readMQTTLenString)
    i.timer2_init                            0x08002db6   Section        0  timer.o(i.timer2_init)
    i.timer_is_timeout_1ms                   0x08002e04   Section        0  timer.o(i.timer_is_timeout_1ms)
    i.transport_getdata                      0x08002e28   Section        0  transport.o(i.transport_getdata)
    i.transport_sendPacketBuffer             0x08002e68   Section        0  transport.o(i.transport_sendPacketBuffer)
    i.usart1_init                            0x08002e88   Section        0  usart.o(i.usart1_init)
    i.usart2_init                            0x08002ed4   Section        0  usart.o(i.usart2_init)
    i.usart_send                             0x08002f14   Section        0  usart.o(i.usart_send)
    i.writeCString                           0x0800302c   Section        0  mqttpacket.o(i.writeCString)
    i.writeChar                              0x08003054   Section        0  mqttpacket.o(i.writeChar)
    i.writeInt                               0x08003060   Section        0  mqttpacket.o(i.writeInt)
    i.writeMQTTString                        0x08003090   Section        0  mqttpacket.o(i.writeMQTTString)
    .constdata                               0x080030d0   Section       88  transport.o(.constdata)
    .constdata                               0x08003128   Section        4  sys_io.o(.constdata)
    .constdata                               0x0800312c   Section        4  sys_io.o(.constdata)
    .constdata                               0x08003130   Section        4  sys_io.o(.constdata)
    .data                                    0x20000000   Section        8  button.o(.data)
    .data                                    0x20000008   Section        4  timer.o(.data)
    .data                                    0x2000000c   Section       25  usart.o(.data)
    .data                                    0x20000025   Section       25  stm32l1xx_rcc.o(.data)
    PLLMulTable                              0x20000025   Data           9  stm32l1xx_rcc.o(.data)
    APBAHBPrescTable                         0x2000002e   Data          16  stm32l1xx_rcc.o(.data)
    .data                                    0x20000040   Section        4  mqttpacket.o(.data)
    bufptr                                   0x20000040   Data           4  mqttpacket.o(.data)
    .data                                    0x20000044   Section        4  transport.o(.data)
    .data                                    0x20000048   Section        4  stdio_streams.o(.data)
    .data                                    0x2000004c   Section        4  stdio_streams.o(.data)
    .data                                    0x20000050   Section        4  stdio_streams.o(.data)
    .bss                                     0x20000054   Section       64  timer.o(.bss)
    .bss                                     0x20000094   Section     2050  usart.o(.bss)
    sb                                       0x20000094   Data         514  usart.o(.bss)
    .bss                                     0x20000898   Section       84  stdio_streams.o(.bss)
    .bss                                     0x200008ec   Section       84  stdio_streams.o(.bss)
    .bss                                     0x20000940   Section       84  stdio_streams.o(.bss)
    .bss                                     0x20000994   Section       96  libspace.o(.bss)
    HEAP                                     0x200009f8   Section      512  startup_stm32l1xx_hd.o(HEAP)
    Heap_Mem                                 0x200009f8   Data         512  startup_stm32l1xx_hd.o(HEAP)
    STACK                                    0x20000bf8   Section     1024  startup_stm32l1xx_hd.o(STACK)
    Stack_Mem                                0x20000bf8   Data        1024  startup_stm32l1xx_hd.o(STACK)
    __initial_sp                             0x20000ff8   Data           0  startup_stm32l1xx_hd.o(STACK)

    Global Symbols

    Symbol Name                              Value     Ov Type        Size  Object(Section)

    BuildAttributes$$THM_ISAv4$P$D$K$B$S$PE$A:L22UL41UL21$X:L11$S22US41US21$IEEE1$IW$USESV6$~STKCKD$USESV7$~SHL$OTIME$ROPI$IEEEJ$EBA8$UX$STANDARDLIB$REQ8$PRES8$EABIv2 0x00000000   Number         0  anon$$obj.o ABSOLUTE
    __ARM_use_no_argv                        0x00000000   Number         0  main.o ABSOLUTE
    _printf_flags                            0x00000000   Number         0  printf_stubs.o ABSOLUTE
    _printf_return_value                     0x00000000   Number         0  printf_stubs.o ABSOLUTE
    _printf_sizespec                         0x00000000   Number         0  printf_stubs.o ABSOLUTE
    _printf_widthprec                        0x00000000   Number         0  printf_stubs.o ABSOLUTE
    __ARM_exceptions_init                     - Undefined Weak Reference
    __alloca_initialize                       - Undefined Weak Reference
    __arm_preinit_                            - Undefined Weak Reference
    __cpp_initialize__aeabi_                  - Undefined Weak Reference
    __cxa_finalize                            - Undefined Weak Reference
    __sigvec_lookup                           - Undefined Weak Reference
    __user_heap_extent                        - Undefined Weak Reference
    _atexit_init                              - Undefined Weak Reference
    _call_atexit_fns                          - Undefined Weak Reference
    _clock_init                               - Undefined Weak Reference
    _fp_trap_init                             - Undefined Weak Reference
    _fp_trap_shutdown                         - Undefined Weak Reference
    _get_lc_collate                           - Undefined Weak Reference
    _get_lc_monetary                          - Undefined Weak Reference
    _get_lc_numeric                           - Undefined Weak Reference
    _get_lc_time                              - Undefined Weak Reference
    _getenv_init                              - Undefined Weak Reference
    _handle_redirection                       - Undefined Weak Reference
    _mutex_acquire                            - Undefined Weak Reference
    _mutex_free                               - Undefined Weak Reference
    _mutex_release                            - Undefined Weak Reference
    _printf_mbtowc                            - Undefined Weak Reference
    _printf_post_padding                      - Undefined Weak Reference
    _printf_pre_padding                       - Undefined Weak Reference
    _printf_truncate_signed                   - Undefined Weak Reference
    _printf_truncate_unsigned                 - Undefined Weak Reference
    _rand_init                                - Undefined Weak Reference
    _signal_finish                            - Undefined Weak Reference
    _signal_init                              - Undefined Weak Reference
    __Vectors_Size                           0x00000124   Number         0  startup_stm32l1xx_hd.o ABSOLUTE
    __Vectors                                0x08000000   Data           4  startup_stm32l1xx_hd.o(RESET)
    __Vectors_End                            0x08000124   Data           0  startup_stm32l1xx_hd.o(RESET)
    __main                                   0x08000125   Thumb Code     8  __main.o(!!!main)
    __scatterload                            0x0800012d   Thumb Code     0  __scatter.o(!!!scatter)
    __scatterload_rt2                        0x0800012d   Thumb Code    44  __scatter.o(!!!scatter)
    __scatterload_rt2_thumb_only             0x0800012d   Thumb Code     0  __scatter.o(!!!scatter)
    __scatterload_null                       0x0800013b   Thumb Code     0  __scatter.o(!!!scatter)
    __scatterload_copy                       0x08000161   Thumb Code    26  __scatter_copy.o(!!handler_copy)
    __scatterload_zeroinit                   0x0800017d   Thumb Code    28  __scatter_zi.o(!!handler_zi)
    _printf_d                                0x08000199   Thumb Code     0  _printf_d.o(.ARM.Collect$$_printf_percent$$00000009)
    _printf_percent                          0x08000199   Thumb Code     0  _printf_percent.o(.ARM.Collect$$_printf_percent$$00000000)
    _printf_s                                0x0800019f   Thumb Code     0  _printf_s.o(.ARM.Collect$$_printf_percent$$00000014)
    _printf_percent_end                      0x080001a5   Thumb Code     0  _printf_percent_end.o(.ARM.Collect$$_printf_percent$$00000017)
    __rt_lib_init                            0x080001a9   Thumb Code     0  libinit.o(.ARM.Collect$$libinit$$00000000)
    __rt_lib_init_fp_1                       0x080001ab   Thumb Code     0  libinit2.o(.ARM.Collect$$libinit$$00000002)
    __rt_lib_init_heap_2                     0x080001ab   Thumb Code     0  libinit2.o(.ARM.Collect$$libinit$$00000005)
    __rt_lib_init_preinit_1                  0x080001ab   Thumb Code     0  libinit2.o(.ARM.Collect$$libinit$$00000004)
    __rt_lib_init_atexit_1                   0x080001b3   Thumb Code     0  libinit2.o(.ARM.Collect$$libinit$$0000001B)
    __rt_lib_init_clock_1                    0x080001b3   Thumb Code     0  libinit2.o(.ARM.Collect$$libinit$$00000021)
    __rt_lib_init_fp_trap_1                  0x080001b3   Thumb Code     0  libinit2.o(.ARM.Collect$$libinit$$0000001F)
    __rt_lib_init_getenv_1                   0x080001b3   Thumb Code     0  libinit2.o(.ARM.Collect$$libinit$$00000023)
    __rt_lib_init_heap_1                     0x080001b3   Thumb Code     0  libinit2.o(.ARM.Collect$$libinit$$0000000A)
    __rt_lib_init_lc_collate_1               0x080001b3   Thumb Code     0  libinit2.o(.ARM.Collect$$libinit$$00000011)
    __rt_lib_init_lc_ctype_1                 0x080001b3   Thumb Code     0  libinit2.o(.ARM.Collect$$libinit$$00000013)
    __rt_lib_init_lc_monetary_1              0x080001b3   Thumb Code     0  libinit2.o(.ARM.Collect$$libinit$$00000015)
    __rt_lib_init_lc_numeric_1               0x080001b3   Thumb Code     0  libinit2.o(.ARM.Collect$$libinit$$00000017)
    __rt_lib_init_lc_time_1                  0x080001b3   Thumb Code     0  libinit2.o(.ARM.Collect$$libinit$$00000019)
    __rt_lib_init_rand_1                     0x080001b3   Thumb Code     0  libinit2.o(.ARM.Collect$$libinit$$0000000E)
    __rt_lib_init_signal_1                   0x080001b3   Thumb Code     0  libinit2.o(.ARM.Collect$$libinit$$0000001D)
    __rt_lib_init_stdio_2                    0x080001b3   Thumb Code     0  libinit2.o(.ARM.Collect$$libinit$$00000024)
    __rt_lib_init_user_alloc_1               0x080001b3   Thumb Code     0  libinit2.o(.ARM.Collect$$libinit$$0000000C)
    __rt_lib_init_alloca_1                   0x080001b7   Thumb Code     0  libinit2.o(.ARM.Collect$$libinit$$0000002E)
    __rt_lib_init_argv_1                     0x080001b7   Thumb Code     0  libinit2.o(.ARM.Collect$$libinit$$0000002C)
    __rt_lib_init_cpp_1                      0x080001b7   Thumb Code     0  libinit2.o(.ARM.Collect$$libinit$$00000032)
    __rt_lib_init_exceptions_1               0x080001b7   Thumb Code     0  libinit2.o(.ARM.Collect$$libinit$$00000030)
    __rt_lib_init_return                     0x080001b7   Thumb Code     0  libinit2.o(.ARM.Collect$$libinit$$00000033)
    __rt_lib_init_stdio_1                    0x080001b7   Thumb Code     0  libinit2.o(.ARM.Collect$$libinit$$00000025)
    __rt_lib_shutdown                        0x080001b9   Thumb Code     0  libshutdown.o(.ARM.Collect$$libshutdown$$00000000)
    __rt_lib_shutdown_cpp_1                  0x080001bb   Thumb Code     0  libshutdown2.o(.ARM.Collect$$libshutdown$$00000002)
    __rt_lib_shutdown_stdio_2                0x080001bb   Thumb Code     0  libshutdown2.o(.ARM.Collect$$libshutdown$$00000003)
    __rt_lib_shutdown_fp_trap_1              0x080001bf   Thumb Code     0  libshutdown2.o(.ARM.Collect$$libshutdown$$00000007)
    __rt_lib_shutdown_heap_1                 0x080001bf   Thumb Code     0  libshutdown2.o(.ARM.Collect$$libshutdown$$0000000F)
    __rt_lib_shutdown_return                 0x080001bf   Thumb Code     0  libshutdown2.o(.ARM.Collect$$libshutdown$$00000010)
    __rt_lib_shutdown_signal_1               0x080001bf   Thumb Code     0  libshutdown2.o(.ARM.Collect$$libshutdown$$0000000A)
    __rt_lib_shutdown_stdio_1                0x080001bf   Thumb Code     0  libshutdown2.o(.ARM.Collect$$libshutdown$$00000004)
    __rt_lib_shutdown_user_alloc_1           0x080001bf   Thumb Code     0  libshutdown2.o(.ARM.Collect$$libshutdown$$0000000C)
    __rt_entry                               0x080001c1   Thumb Code     0  __rtentry.o(.ARM.Collect$$rtentry$$00000000)
    __rt_entry_presh_1                       0x080001c1   Thumb Code     0  __rtentry2.o(.ARM.Collect$$rtentry$$00000002)
    __rt_entry_sh                            0x080001c1   Thumb Code     0  __rtentry4.o(.ARM.Collect$$rtentry$$00000004)
    __rt_entry_li                            0x080001c7   Thumb Code     0  __rtentry2.o(.ARM.Collect$$rtentry$$0000000A)
    __rt_entry_postsh_1                      0x080001c7   Thumb Code     0  __rtentry2.o(.ARM.Collect$$rtentry$$00000009)
    __rt_entry_main                          0x080001cb   Thumb Code     0  __rtentry2.o(.ARM.Collect$$rtentry$$0000000D)
    __rt_entry_postli_1                      0x080001cb   Thumb Code     0  __rtentry2.o(.ARM.Collect$$rtentry$$0000000C)
    __rt_exit                                0x080001d3   Thumb Code     0  rtexit.o(.ARM.Collect$$rtexit$$00000000)
    __rt_exit_ls                             0x080001d5   Thumb Code     0  rtexit2.o(.ARM.Collect$$rtexit$$00000003)
    __rt_exit_prels_1                        0x080001d5   Thumb Code     0  rtexit2.o(.ARM.Collect$$rtexit$$00000002)
    __rt_exit_exit                           0x080001d9   Thumb Code     0  rtexit2.o(.ARM.Collect$$rtexit$$00000004)
    Reset_Handler                            0x080001e1   Thumb Code     8  startup_stm32l1xx_hd.o(.text)
    _maybe_terminate_alloc                   0x080001e1   Thumb Code     0  maybetermalloc1.o(.emb_text)
    ADC1_IRQHandler                          0x080001fb   Thumb Code     0  startup_stm32l1xx_hd.o(.text)
    AES_IRQHandler                           0x080001fb   Thumb Code     0  startup_stm32l1xx_hd.o(.text)
    COMP_ACQ_IRQHandler                      0x080001fb   Thumb Code     0  startup_stm32l1xx_hd.o(.text)
    COMP_IRQHandler                          0x080001fb   Thumb Code     0  startup_stm32l1xx_hd.o(.text)
    DAC_IRQHandler                           0x080001fb   Thumb Code     0  startup_stm32l1xx_hd.o(.text)
    DMA1_Channel1_IRQHandler                 0x080001fb   Thumb Code     0  startup_stm32l1xx_hd.o(.text)
    DMA1_Channel2_IRQHandler                 0x080001fb   Thumb Code     0  startup_stm32l1xx_hd.o(.text)
    DMA1_Channel3_IRQHandler                 0x080001fb   Thumb Code     0  startup_stm32l1xx_hd.o(.text)
    DMA1_Channel4_IRQHandler                 0x080001fb   Thumb Code     0  startup_stm32l1xx_hd.o(.text)
    DMA1_Channel5_IRQHandler                 0x080001fb   Thumb Code     0  startup_stm32l1xx_hd.o(.text)
    DMA1_Channel6_IRQHandler                 0x080001fb   Thumb Code     0  startup_stm32l1xx_hd.o(.text)
    DMA1_Channel7_IRQHandler                 0x080001fb   Thumb Code     0  startup_stm32l1xx_hd.o(.text)
    DMA2_Channel1_IRQHandler                 0x080001fb   Thumb Code     0  startup_stm32l1xx_hd.o(.text)
    DMA2_Channel2_IRQHandler                 0x080001fb   Thumb Code     0  startup_stm32l1xx_hd.o(.text)
    DMA2_Channel3_IRQHandler                 0x080001fb   Thumb Code     0  startup_stm32l1xx_hd.o(.text)
    DMA2_Channel4_IRQHandler                 0x080001fb   Thumb Code     0  startup_stm32l1xx_hd.o(.text)
    DMA2_Channel5_IRQHandler                 0x080001fb   Thumb Code     0  startup_stm32l1xx_hd.o(.text)
    EXTI0_IRQHandler                         0x080001fb   Thumb Code     0  startup_stm32l1xx_hd.o(.text)
    EXTI15_10_IRQHandler                     0x080001fb   Thumb Code     0  startup_stm32l1xx_hd.o(.text)
    EXTI1_IRQHandler                         0x080001fb   Thumb Code     0  startup_stm32l1xx_hd.o(.text)
    EXTI2_IRQHandler                         0x080001fb   Thumb Code     0  startup_stm32l1xx_hd.o(.text)
    EXTI3_IRQHandler                         0x080001fb   Thumb Code     0  startup_stm32l1xx_hd.o(.text)
    EXTI4_IRQHandler                         0x080001fb   Thumb Code     0  startup_stm32l1xx_hd.o(.text)
    EXTI9_5_IRQHandler                       0x080001fb   Thumb Code     0  startup_stm32l1xx_hd.o(.text)
    FLASH_IRQHandler                         0x080001fb   Thumb Code     0  startup_stm32l1xx_hd.o(.text)
    I2C1_ER_IRQHandler                       0x080001fb   Thumb Code     0  startup_stm32l1xx_hd.o(.text)
    I2C1_EV_IRQHandler                       0x080001fb   Thumb Code     0  startup_stm32l1xx_hd.o(.text)
    I2C2_ER_IRQHandler                       0x080001fb   Thumb Code     0  startup_stm32l1xx_hd.o(.text)
    I2C2_EV_IRQHandler                       0x080001fb   Thumb Code     0  startup_stm32l1xx_hd.o(.text)
    LCD_IRQHandler                           0x080001fb   Thumb Code     0  startup_stm32l1xx_hd.o(.text)
    PVD_IRQHandler                           0x080001fb   Thumb Code     0  startup_stm32l1xx_hd.o(.text)
    RCC_IRQHandler                           0x080001fb   Thumb Code     0  startup_stm32l1xx_hd.o(.text)
    RTC_Alarm_IRQHandler                     0x080001fb   Thumb Code     0  startup_stm32l1xx_hd.o(.text)
    RTC_WKUP_IRQHandler                      0x080001fb   Thumb Code     0  startup_stm32l1xx_hd.o(.text)
    SDIO_IRQHandler                          0x080001fb   Thumb Code     0  startup_stm32l1xx_hd.o(.text)
    SPI1_IRQHandler                          0x080001fb   Thumb Code     0  startup_stm32l1xx_hd.o(.text)
    SPI2_IRQHandler                          0x080001fb   Thumb Code     0  startup_stm32l1xx_hd.o(.text)
    SPI3_IRQHandler                          0x080001fb   Thumb Code     0  startup_stm32l1xx_hd.o(.text)
    TAMPER_STAMP_IRQHandler                  0x080001fb   Thumb Code     0  startup_stm32l1xx_hd.o(.text)
    TIM10_IRQHandler                         0x080001fb   Thumb Code     0  startup_stm32l1xx_hd.o(.text)
    TIM11_IRQHandler                         0x080001fb   Thumb Code     0  startup_stm32l1xx_hd.o(.text)
    TIM3_IRQHandler                          0x080001fb   Thumb Code     0  startup_stm32l1xx_hd.o(.text)
    TIM4_IRQHandler                          0x080001fb   Thumb Code     0  startup_stm32l1xx_hd.o(.text)
    TIM5_IRQHandler                          0x080001fb   Thumb Code     0  startup_stm32l1xx_hd.o(.text)
    TIM6_IRQHandler                          0x080001fb   Thumb Code     0  startup_stm32l1xx_hd.o(.text)
    TIM7_IRQHandler                          0x080001fb   Thumb Code     0  startup_stm32l1xx_hd.o(.text)
    TIM9_IRQHandler                          0x080001fb   Thumb Code     0  startup_stm32l1xx_hd.o(.text)
    UART4_IRQHandler                         0x080001fb   Thumb Code     0  startup_stm32l1xx_hd.o(.text)
    UART5_IRQHandler                         0x080001fb   Thumb Code     0  startup_stm32l1xx_hd.o(.text)
    USB_FS_WKUP_IRQHandler                   0x080001fb   Thumb Code     0  startup_stm32l1xx_hd.o(.text)
    USB_HP_IRQHandler                        0x080001fb   Thumb Code     0  startup_stm32l1xx_hd.o(.text)
    USB_LP_IRQHandler                        0x080001fb   Thumb Code     0  startup_stm32l1xx_hd.o(.text)
    WWDG_IRQHandler                          0x080001fb   Thumb Code     0  startup_stm32l1xx_hd.o(.text)
    __user_initial_stackheap                 0x080001fd   Thumb Code     0  startup_stm32l1xx_hd.o(.text)
    malloc                                   0x08000221   Thumb Code    94  h1_alloc.o(.text)
    free                                     0x0800027f   Thumb Code    78  h1_free.o(.text)
    __2printf                                0x080002cd   Thumb Code    20  __2printf.o(.text)
    __2sprintf                               0x080002e5   Thumb Code    38  __2sprintf.o(.text)
    _printf_str                              0x08000311   Thumb Code    82  _printf_str.o(.text)
    _printf_int_dec                          0x08000365   Thumb Code   104  _printf_dec.o(.text)
    __printf                                 0x080003dd   Thumb Code   270  __printf_wp.o(.text)
    strlen                                   0x080004eb   Thumb Code    62  strlen.o(.text)
    __aeabi_memcpy                           0x08000529   Thumb Code     0  rt_memcpy_v6.o(.text)
    __rt_memcpy                              0x08000529   Thumb Code   138  rt_memcpy_v6.o(.text)
    _memcpy_lastbytes                        0x0800058f   Thumb Code     0  rt_memcpy_v6.o(.text)
    __aeabi_memcpy4                          0x080005b3   Thumb Code     0  rt_memcpy_w.o(.text)
    __aeabi_memcpy8                          0x080005b3   Thumb Code     0  rt_memcpy_w.o(.text)
    __rt_memcpy_w                            0x080005b3   Thumb Code   100  rt_memcpy_w.o(.text)
    _memcpy_lastbytes_aligned                0x080005fb   Thumb Code     0  rt_memcpy_w.o(.text)
    __aeabi_memclr                           0x08000617   Thumb Code     0  rt_memclr.o(.text)
    __rt_memclr                              0x08000617   Thumb Code    68  rt_memclr.o(.text)
    _memset                                  0x0800061b   Thumb Code     0  rt_memclr.o(.text)
    __aeabi_memclr4                          0x0800065b   Thumb Code     0  rt_memclr_w.o(.text)
    __aeabi_memclr8                          0x0800065b   Thumb Code     0  rt_memclr_w.o(.text)
    __rt_memclr_w                            0x0800065b   Thumb Code    78  rt_memclr_w.o(.text)
    _memset_w                                0x0800065f   Thumb Code     0  rt_memclr_w.o(.text)
    __use_two_region_memory                  0x080006a9   Thumb Code     2  heapauxi.o(.text)
    __rt_heap_escrow                         0x080006ab   Thumb Code     2  heapauxi.o(.text)
    __rt_heap_expand                         0x080006ad   Thumb Code     2  heapauxi.o(.text)
    __rt_heap_descriptor                     0x080006b1   Thumb Code     8  rt_heap_descriptor_intlibspace.o(.text)
    __aeabi_errno_addr                       0x080006b9   Thumb Code     8  rt_errno_addr_intlibspace.o(.text)
    __errno$intlibspace                      0x080006b9   Thumb Code     0  rt_errno_addr_intlibspace.o(.text)
    __rt_errno_addr$intlibspace              0x080006b9   Thumb Code     0  rt_errno_addr_intlibspace.o(.text)
    __use_no_heap                            0x080006c1   Thumb Code     2  hguard.o(.text)
    __heap$guard                             0x080006c3   Thumb Code     2  hguard.o(.text)
    _terminate_user_alloc                    0x080006c5   Thumb Code     2  init_alloc.o(.text)
    _init_user_alloc                         0x080006c7   Thumb Code     2  init_alloc.o(.text)
    __Heap_Full                              0x080006c9   Thumb Code    34  init_alloc.o(.text)
    __Heap_Broken                            0x080006eb   Thumb Code     6  init_alloc.o(.text)
    _init_alloc                              0x080006f1   Thumb Code    94  init_alloc.o(.text)
    __Heap_Initialize                        0x0800074f   Thumb Code    10  h1_init.o(.text)
    __Heap_DescSize                          0x08000759   Thumb Code     4  h1_init.o(.text)
    _printf_int_common                       0x0800075d   Thumb Code   178  _printf_intcommon.o(.text)
    _printf_char_common                      0x0800081b   Thumb Code    32  _printf_char_common.o(.text)
    _sputc                                   0x08000841   Thumb Code    10  _sputc.o(.text)
    _printf_cs_common                        0x0800084b   Thumb Code    20  _printf_char.o(.text)
    _printf_char                             0x0800085f   Thumb Code    16  _printf_char.o(.text)
    _printf_string                           0x0800086f   Thumb Code     8  _printf_char.o(.text)
    _printf_char_file                        0x08000879   Thumb Code    32  _printf_char_file.o(.text)
    __user_libspace                          0x0800089d   Thumb Code     8  libspace.o(.text)
    __user_perproc_libspace                  0x0800089d   Thumb Code     0  libspace.o(.text)
    __user_perthread_libspace                0x0800089d   Thumb Code     0  libspace.o(.text)
    __Heap_ProvideMemory                     0x080008a5   Thumb Code    52  h1_extend.o(.text)
    ferror                                   0x080008d9   Thumb Code     8  ferror.o(.text)
    _initio                                  0x080008e1   Thumb Code   210  initio.o(.text)
    _terminateio                             0x080009b3   Thumb Code    56  initio.o(.text)
    __rt_SIGRTMEM                            0x08000a19   Thumb Code    14  defsig_rtmem_outer.o(.text)
    _sys_open                                0x08000a27   Thumb Code    20  sys_io.o(.text)
    _sys_close                               0x08000a3b   Thumb Code    12  sys_io.o(.text)
    _sys_write                               0x08000a47   Thumb Code    16  sys_io.o(.text)
    _sys_read                                0x08000a57   Thumb Code    14  sys_io.o(.text)
    _sys_istty                               0x08000a65   Thumb Code    12  sys_io.o(.text)
    _sys_seek                                0x08000a71   Thumb Code    14  sys_io.o(.text)
    _sys_ensure                              0x08000a7f   Thumb Code     2  sys_io.o(.text)
    _sys_flen                                0x08000a81   Thumb Code    12  sys_io.o(.text)
    __I$use$semihosting                      0x08000a8d   Thumb Code     0  use_no_semi.o(.text)
    __use_no_semihosting_swi                 0x08000a8d   Thumb Code     2  use_no_semi.o(.text)
    __semihosting_library_function           0x08000a8f   Thumb Code     0  indicate_semi.o(.text)
    __user_setup_stackheap                   0x08000a8f   Thumb Code    74  sys_stackheap_outer.o(.text)
    __flsbuf                                 0x08000ad9   Thumb Code   470  flsbuf.o(.text)
    __flsbuf_byte                            0x08000ad9   Thumb Code     0  flsbuf.o(.text)
    __flsbuf_wide                            0x08000ad9   Thumb Code     0  flsbuf.o(.text)
    setvbuf                                  0x08000caf   Thumb Code    70  setvbuf.o(.text)
    freopen                                  0x08000cf5   Thumb Code   158  fopen.o(.text)
    fopen                                    0x08000d93   Thumb Code    74  fopen.o(.text)
    _fclose_internal                         0x08000de1   Thumb Code    76  fclose.o(.text)
    fclose                                   0x08000de1   Thumb Code     0  fclose.o(.text)
    exit                                     0x08000e2d   Thumb Code    18  exit.o(.text)
    __sig_exit                               0x08000e3f   Thumb Code    10  defsig_exit.o(.text)
    __rt_SIGRTRED                            0x08000e49   Thumb Code    14  defsig_rtred_outer.o(.text)
    __rt_SIGRTMEM_inner                      0x08000e59   Thumb Code    22  defsig_rtmem_inner.o(.text)
    _sys_exit                                0x08000ea9   Thumb Code     8  sys_exit.o(.text)
    _fseek                                   0x08000eb5   Thumb Code   242  fseek.o(.text)
    fseek                                    0x08000eb5   Thumb Code     0  fseek.o(.text)
    _seterr                                  0x08000fad   Thumb Code    20  stdio.o(.text)
    _writebuf                                0x08000fc1   Thumb Code    84  stdio.o(.text)
    _fflush                                  0x08001015   Thumb Code    70  stdio.o(.text)
    _deferredlazyseek                        0x0800105b   Thumb Code    60  stdio.o(.text)
    __default_signal_display                 0x0800109d   Thumb Code    50  defsig_general.o(.text)
    __rt_SIGRTRED_inner                      0x080010d1   Thumb Code    14  defsig_rtred_inner.o(.text)
    _ttywrch                                 0x08001105   Thumb Code    14  sys_wrch.o(.text)
    _ftell_internal                          0x08001113   Thumb Code    66  ftell.o(.text)
    ftell                                    0x08001113   Thumb Code     0  ftell.o(.text)
    ADC_Cmd                                  0x08001155   Thumb Code    22  stm32l1xx_adc.o(i.ADC_Cmd)
    ADC_DeInit                               0x0800116d   Thumb Code    28  stm32l1xx_adc.o(i.ADC_DeInit)
    ADC_DelaySelectionConfig                 0x0800118d   Thumb Code    16  stm32l1xx_adc.o(i.ADC_DelaySelectionConfig)
    ADC_Init                                 0x0800119d   Thumb Code    74  stm32l1xx_adc.o(i.ADC_Init)
    ADC_PowerDownCmd                         0x080011f1   Thumb Code    18  stm32l1xx_adc.o(i.ADC_PowerDownCmd)
    BusFault_Handler                         0x08001203   Thumb Code     4  stm32l1xx_it.o(i.BusFault_Handler)
    DebugMon_Handler                         0x08001207   Thumb Code     2  stm32l1xx_it.o(i.DebugMon_Handler)
    GPIO_Init                                0x08001209   Thumb Code   132  stm32l1xx_gpio.o(i.GPIO_Init)
    GPIO_PinAFConfig                         0x0800128d   Thumb Code    70  stm32l1xx_gpio.o(i.GPIO_PinAFConfig)
    GPIO_ReadInputDataBit                    0x080012d3   Thumb Code    18  stm32l1xx_gpio.o(i.GPIO_ReadInputDataBit)
    GPIO_ResetBits                           0x080012e5   Thumb Code     4  stm32l1xx_gpio.o(i.GPIO_ResetBits)
    GPIO_SetBits                             0x080012e9   Thumb Code     4  stm32l1xx_gpio.o(i.GPIO_SetBits)
    HardFault_Handler                        0x080012ed   Thumb Code     4  stm32l1xx_it.o(i.HardFault_Handler)
    MQTTDeserialize_connack                  0x080012f1   Thumb Code   118  mqttconnectclient.o(i.MQTTDeserialize_connack)
    MQTTDeserialize_publish                  0x08001367   Thumb Code   168  mqttdeserializepublish.o(i.MQTTDeserialize_publish)
    MQTTDeserialize_suback                   0x0800140f   Thumb Code   146  mqttsubscribeclient.o(i.MQTTDeserialize_suback)
    MQTTPacket_decode                        0x080014a1   Thumb Code    88  mqttpacket.o(i.MQTTPacket_decode)
    MQTTPacket_decodeBuf                     0x080014f9   Thumb Code    20  mqttpacket.o(i.MQTTPacket_decodeBuf)
    MQTTPacket_encode                        0x08001515   Thumb Code    54  mqttpacket.o(i.MQTTPacket_encode)
    MQTTPacket_len                           0x0800154d   Thumb Code    34  mqttpacket.o(i.MQTTPacket_len)
    MQTTPacket_read                          0x08001575   Thumb Code   102  mqttpacket.o(i.MQTTPacket_read)
    MQTTSerialize_connect                    0x080015dd   Thumb Code   342  mqttconnectclient.o(i.MQTTSerialize_connect)
    MQTTSerialize_connectLength              0x08001745   Thumb Code   118  mqttconnectclient.o(i.MQTTSerialize_connectLength)
    MQTTSerialize_disconnect                 0x080017bb   Thumb Code    18  mqttconnectclient.o(i.MQTTSerialize_disconnect)
    MQTTSerialize_publish                    0x080017cd   Thumb Code   176  mqttserializepublish.o(i.MQTTSerialize_publish)
    MQTTSerialize_publishLength              0x0800187d   Thumb Code    34  mqttserializepublish.o(i.MQTTSerialize_publishLength)
    MQTTSerialize_subscribe                  0x0800189f   Thumb Code   176  mqttsubscribeclient.o(i.MQTTSerialize_subscribe)
    MQTTSerialize_subscribeLength            0x0800194f   Thumb Code    46  mqttsubscribeclient.o(i.MQTTSerialize_subscribeLength)
    MQTTSerialize_zero                       0x0800197d   Thumb Code    76  mqttconnectclient.o(i.MQTTSerialize_zero)
    MQTTstrlen                               0x080019c9   Thumb Code    24  mqttpacket.o(i.MQTTstrlen)
    MemManage_Handler                        0x080019e1   Thumb Code     4  stm32l1xx_it.o(i.MemManage_Handler)
    NMI_Handler                              0x080019e5   Thumb Code     2  stm32l1xx_it.o(i.NMI_Handler)
    NVIC_Init                                0x080019e9   Thumb Code   106  misc.o(i.NVIC_Init)
    NVIC_PriorityGroupConfig                 0x08001a61   Thumb Code    10  misc.o(i.NVIC_PriorityGroupConfig)
    PendSV_Handler                           0x08001a75   Thumb Code     2  stm32l1xx_it.o(i.PendSV_Handler)
    RCC_AHBPeriphClockCmd                    0x08001a79   Thumb Code    26  stm32l1xx_rcc.o(i.RCC_AHBPeriphClockCmd)
    RCC_APB1PeriphClockCmd                   0x08001a99   Thumb Code    26  stm32l1xx_rcc.o(i.RCC_APB1PeriphClockCmd)
    RCC_APB1PeriphResetCmd                   0x08001ab9   Thumb Code    26  stm32l1xx_rcc.o(i.RCC_APB1PeriphResetCmd)
    RCC_APB2PeriphClockCmd                   0x08001ad9   Thumb Code    26  stm32l1xx_rcc.o(i.RCC_APB2PeriphClockCmd)
    RCC_APB2PeriphResetCmd                   0x08001af9   Thumb Code    26  stm32l1xx_rcc.o(i.RCC_APB2PeriphResetCmd)
    RCC_DeInit                               0x08001b19   Thumb Code    74  stm32l1xx_rcc.o(i.RCC_DeInit)
    RCC_GetClocksFreq                        0x08001b71   Thumb Code   234  stm32l1xx_rcc.o(i.RCC_GetClocksFreq)
    RCC_GetFlagStatus                        0x08001c71   Thumb Code    48  stm32l1xx_rcc.o(i.RCC_GetFlagStatus)
    RCC_GetSYSCLKSource                      0x08001ca5   Thumb Code    10  stm32l1xx_rcc.o(i.RCC_GetSYSCLKSource)
    RCC_HCLKConfig                           0x08001cb5   Thumb Code    18  stm32l1xx_rcc.o(i.RCC_HCLKConfig)
    RCC_HSEConfig                            0x08001ccd   Thumb Code    12  stm32l1xx_rcc.o(i.RCC_HSEConfig)
    RCC_PCLK1Config                          0x08001cdd   Thumb Code    18  stm32l1xx_rcc.o(i.RCC_PCLK1Config)
    RCC_PCLK2Config                          0x08001cf5   Thumb Code    20  stm32l1xx_rcc.o(i.RCC_PCLK2Config)
    RCC_PLLCmd                               0x08001d0d   Thumb Code     6  stm32l1xx_rcc.o(i.RCC_PLLCmd)
    RCC_PLLConfig                            0x08001d19   Thumb Code    14  stm32l1xx_rcc.o(i.RCC_PLLConfig)
    RCC_SYSCLKConfig                         0x08001d2d   Thumb Code    18  stm32l1xx_rcc.o(i.RCC_SYSCLKConfig)
    RCC_WaitForHSEStartUp                    0x08001d45   Thumb Code    56  stm32l1xx_rcc.o(i.RCC_WaitForHSEStartUp)
    SVC_Handler                              0x08001d7d   Thumb Code     2  stm32l1xx_it.o(i.SVC_Handler)
    SysTick_Handler                          0x08001e91   Thumb Code     2  stm32l1xx_it.o(i.SysTick_Handler)
    SystemInit                               0x08001e95   Thumb Code    88  system_stm32l1xx.o(i.SystemInit)
    TIM2_IRQHandler                          0x08001efd   Thumb Code    72  timer.o(i.TIM2_IRQHandler)
    TIM_ClearFlag                            0x08001f4d   Thumb Code     6  stm32l1xx_tim.o(i.TIM_ClearFlag)
    TIM_ClearITPendingBit                    0x08001f53   Thumb Code     6  stm32l1xx_tim.o(i.TIM_ClearITPendingBit)
    TIM_Cmd                                  0x08001f59   Thumb Code    24  stm32l1xx_tim.o(i.TIM_Cmd)
    TIM_DeInit                               0x08001f71   Thumb Code   220  stm32l1xx_tim.o(i.TIM_DeInit)
    TIM_GetITStatus                          0x0800206d   Thumb Code    34  stm32l1xx_tim.o(i.TIM_GetITStatus)
    TIM_ITConfig                             0x0800208f   Thumb Code    18  stm32l1xx_tim.o(i.TIM_ITConfig)
    TIM_SetCounter                           0x080020a1   Thumb Code     4  stm32l1xx_tim.o(i.TIM_SetCounter)
    TIM_TimeBaseInit                         0x080020a5   Thumb Code    76  stm32l1xx_tim.o(i.TIM_TimeBaseInit)
    USART1_IRQHandler                        0x08002105   Thumb Code   122  usart.o(i.USART1_IRQHandler)
    USART2_IRQHandler                        0x08002189   Thumb Code   128  usart.o(i.USART2_IRQHandler)
    USART3_IRQHandler                        0x08002215   Thumb Code   118  usart.o(i.USART3_IRQHandler)
    USART_ClearITPendingBit                  0x0800229d   Thumb Code    30  stm32l1xx_usart.o(i.USART_ClearITPendingBit)
    USART_Cmd                                0x080022bb   Thumb Code    24  stm32l1xx_usart.o(i.USART_Cmd)
    USART_GetFlagStatus                      0x080022d3   Thumb Code    26  stm32l1xx_usart.o(i.USART_GetFlagStatus)
    USART_GetITStatus                        0x080022ed   Thumb Code    84  stm32l1xx_usart.o(i.USART_GetITStatus)
    USART_ITConfig                           0x08002341   Thumb Code    74  stm32l1xx_usart.o(i.USART_ITConfig)
    USART_Init                               0x0800238d   Thumb Code   198  stm32l1xx_usart.o(i.USART_Init)
    USART_OUT                                0x08002459   Thumb Code   270  usart.o(i.USART_OUT)
    USART_ReceiveData                        0x0800256d   Thumb Code    10  stm32l1xx_usart.o(i.USART_ReceiveData)
    USART_SendData                           0x08002577   Thumb Code     8  stm32l1xx_usart.o(i.USART_SendData)
    UsageFault_Handler                       0x0800257f   Thumb Code     4  stm32l1xx_it.o(i.UsageFault_Handler)
    _is_digit                                0x08002583   Thumb Code    14  __printf_wp.o(i._is_digit)
    adc_init                                 0x08002591   Thumb Code    72  adc.o(i.adc_init)
    bsp_get_port_value                       0x080025dd   Thumb Code    26  bsp.o(i.bsp_get_port_value)
    bsp_gpio_init                            0x080025fd   Thumb Code   314  bsp.o(i.bsp_gpio_init)
    bsp_init                                 0x08002745   Thumb Code    56  bsp.o(i.bsp_init)
    bsp_nvic_init                            0x0800277d   Thumb Code   128  bsp.o(i.bsp_nvic_init)
    bsp_rcc_init                             0x080027fd   Thumb Code   158  bsp.o(i.bsp_rcc_init)
    bufchar                                  0x0800289d   Thumb Code    36  mqttpacket.o(i.bufchar)
    button_get_state                         0x080028c5   Thumb Code   244  button.o(i.button_get_state)
    button_gpio_init                         0x080029bd   Thumb Code    30  button.o(i.button_gpio_init)
    button_timer_ms                          0x080029e1   Thumb Code    46  button.o(i.button_timer_ms)
    fputc                                    0x08002a15   Thumb Code    26  fputc.o(i.fputc)
    main                                     0x08002a31   Thumb Code   128  main.o(i.main)
    mqtt_test                                0x08002ae9   Thumb Code   402  transport.o(i.mqtt_test)
    readChar                                 0x08002d55   Thumb Code    14  mqttpacket.o(i.readChar)
    readInt                                  0x08002d63   Thumb Code    26  mqttpacket.o(i.readInt)
    readMQTTLenString                        0x08002d7d   Thumb Code    58  mqttpacket.o(i.readMQTTLenString)
    timer2_init                              0x08002db7   Thumb Code    76  timer.o(i.timer2_init)
    timer_is_timeout_1ms                     0x08002e05   Thumb Code    32  timer.o(i.timer_is_timeout_1ms)
    transport_getdata                        0x08002e29   Thumb Code    56  transport.o(i.transport_getdata)
    transport_sendPacketBuffer               0x08002e69   Thumb Code    28  transport.o(i.transport_sendPacketBuffer)
    usart1_init                              0x08002e89   Thumb Code    70  usart.o(i.usart1_init)
    usart2_init                              0x08002ed5   Thumb Code    60  usart.o(i.usart2_init)
    usart_send                               0x08002f15   Thumb Code   274  usart.o(i.usart_send)
    writeCString                             0x0800302d   Thumb Code    40  mqttpacket.o(i.writeCString)
    writeChar                                0x08003055   Thumb Code    12  mqttpacket.o(i.writeChar)
    writeInt                                 0x08003061   Thumb Code    48  mqttpacket.o(i.writeInt)
    writeMQTTString                          0x08003091   Thumb Code    62  mqttpacket.o(i.writeMQTTString)
    __stdin_name                             0x08003128   Data           4  sys_io.o(.constdata)
    __stdout_name                            0x0800312c   Data           4  sys_io.o(.constdata)
    __stderr_name                            0x08003130   Data           4  sys_io.o(.constdata)
    Region$$Table$$Base                      0x08003134   Number         0  anon$$obj.o(Region$$Table)
    Region$$Table$$Limit                     0x08003154   Number         0  anon$$obj.o(Region$$Table)
    button_info                              0x20000000   Data           8  button.o(.data)
    g_timeout_cnt                            0x20000008   Data           4  timer.o(.data)
    gprs_buff                                0x2000000c   Data           4  usart.o(.data)
    usart1_rx_buff                           0x20000010   Data           4  usart.o(.data)
    usart2_rx_buff                           0x20000014   Data           4  usart.o(.data)
    usart3_rx_buff                           0x20000018   Data           4  usart.o(.data)
    usart1_cnt                               0x2000001c   Data           2  usart.o(.data)
    usart2_cnt                               0x2000001e   Data           2  usart.o(.data)
    usart3_cnt                               0x20000020   Data           2  usart.o(.data)
    usart1_rx_status                         0x20000022   Data           1  usart.o(.data)
    usart2_rx_status                         0x20000023   Data           1  usart.o(.data)
    usart3_rx_status                         0x20000024   Data           1  usart.o(.data)
    toStop                                   0x20000044   Data           4  transport.o(.data)
    __aeabi_stdin                            0x20000048   Data           4  stdio_streams.o(.data)
    __aeabi_stdout                           0x2000004c   Data           4  stdio_streams.o(.data)
    __aeabi_stderr                           0x20000050   Data           4  stdio_streams.o(.data)
    g_timer_cnt                              0x20000054   Data          64  timer.o(.bss)
    usart1_buff                              0x20000296   Data         512  usart.o(.bss)
    usart2_buff                              0x20000496   Data         512  usart.o(.bss)
    usart3_buff                              0x20000696   Data         512  usart.o(.bss)
    __stdin                                  0x20000898   Data          84  stdio_streams.o(.bss)
    __stdout                                 0x200008ec   Data          84  stdio_streams.o(.bss)
    __stderr                                 0x20000940   Data          84  stdio_streams.o(.bss)
    __libspace_start                         0x20000994   Data          96  libspace.o(.bss)
    __temporary_stack_top$libspace           0x200009f4   Data           0  libspace.o(.bss)



==============================================================================

Memory Map of the image

  Image Entry point : 0x08000125

  Load Region LR_IROM1 (Base: 0x08000000, Size: 0x000031a8, Max: 0x00040000, ABSOLUTE)

    Execution Region ER_IROM1 (Base: 0x08000000, Size: 0x00003154, Max: 0x00040000, ABSOLUTE)

    Base Addr    Size         Type   Attr      Idx    E Section Name        Object

    0x08000000   0x00000124   Data   RO         4815    RESET               startup_stm32l1xx_hd.o
    0x08000124   0x00000008   Code   RO         5404  * !!!main             c_w.l(__main.o)
    0x0800012c   0x00000034   Code   RO         5754    !!!scatter          c_w.l(__scatter.o)
    0x08000160   0x0000001a   Code   RO         5756    !!handler_copy      c_w.l(__scatter_copy.o)
    0x0800017a   0x00000002   PAD
    0x0800017c   0x0000001c   Code   RO         5758    !!handler_zi        c_w.l(__scatter_zi.o)
    0x08000198   0x00000000   Code   RO         5377    .ARM.Collect$$_printf_percent$$00000000  c_w.l(_printf_percent.o)
    0x08000198   0x00000006   Code   RO         5376    .ARM.Collect$$_printf_percent$$00000009  c_w.l(_printf_d.o)
    0x0800019e   0x00000006   Code   RO         5375    .ARM.Collect$$_printf_percent$$00000014  c_w.l(_printf_s.o)
    0x080001a4   0x00000004   Code   RO         5475    .ARM.Collect$$_printf_percent$$00000017  c_w.l(_printf_percent_end.o)
    0x080001a8   0x00000002   Code   RO         5665    .ARM.Collect$$libinit$$00000000  c_w.l(libinit.o)
    0x080001aa   0x00000000   Code   RO         5487    .ARM.Collect$$libinit$$00000002  c_w.l(libinit2.o)
    0x080001aa   0x00000000   Code   RO         5489    .ARM.Collect$$libinit$$00000004  c_w.l(libinit2.o)
    0x080001aa   0x00000008   Code   RO         5490    .ARM.Collect$$libinit$$00000005  c_w.l(libinit2.o)
    0x080001b2   0x00000000   Code   RO         5492    .ARM.Collect$$libinit$$0000000A  c_w.l(libinit2.o)
    0x080001b2   0x00000000   Code   RO         5494    .ARM.Collect$$libinit$$0000000C  c_w.l(libinit2.o)
    0x080001b2   0x00000000   Code   RO         5496    .ARM.Collect$$libinit$$0000000E  c_w.l(libinit2.o)
    0x080001b2   0x00000000   Code   RO         5499    .ARM.Collect$$libinit$$00000011  c_w.l(libinit2.o)
    0x080001b2   0x00000000   Code   RO         5501    .ARM.Collect$$libinit$$00000013  c_w.l(libinit2.o)
    0x080001b2   0x00000000   Code   RO         5503    .ARM.Collect$$libinit$$00000015  c_w.l(libinit2.o)
    0x080001b2   0x00000000   Code   RO         5505    .ARM.Collect$$libinit$$00000017  c_w.l(libinit2.o)
    0x080001b2   0x00000000   Code   RO         5507    .ARM.Collect$$libinit$$00000019  c_w.l(libinit2.o)
    0x080001b2   0x00000000   Code   RO         5509    .ARM.Collect$$libinit$$0000001B  c_w.l(libinit2.o)
    0x080001b2   0x00000000   Code   RO         5511    .ARM.Collect$$libinit$$0000001D  c_w.l(libinit2.o)
    0x080001b2   0x00000000   Code   RO         5513    .ARM.Collect$$libinit$$0000001F  c_w.l(libinit2.o)
    0x080001b2   0x00000000   Code   RO         5515    .ARM.Collect$$libinit$$00000021  c_w.l(libinit2.o)
    0x080001b2   0x00000000   Code   RO         5517    .ARM.Collect$$libinit$$00000023  c_w.l(libinit2.o)
    0x080001b2   0x00000004   Code   RO         5518    .ARM.Collect$$libinit$$00000024  c_w.l(libinit2.o)
    0x080001b6   0x00000000   Code   RO         5519    .ARM.Collect$$libinit$$00000025  c_w.l(libinit2.o)
    0x080001b6   0x00000000   Code   RO         5523    .ARM.Collect$$libinit$$0000002C  c_w.l(libinit2.o)
    0x080001b6   0x00000000   Code   RO         5525    .ARM.Collect$$libinit$$0000002E  c_w.l(libinit2.o)
    0x080001b6   0x00000000   Code   RO         5527    .ARM.Collect$$libinit$$00000030  c_w.l(libinit2.o)
    0x080001b6   0x00000000   Code   RO         5529    .ARM.Collect$$libinit$$00000032  c_w.l(libinit2.o)
    0x080001b6   0x00000002   Code   RO         5530    .ARM.Collect$$libinit$$00000033  c_w.l(libinit2.o)
    0x080001b8   0x00000002   Code   RO         5751    .ARM.Collect$$libshutdown$$00000000  c_w.l(libshutdown.o)
    0x080001ba   0x00000000   Code   RO         5667    .ARM.Collect$$libshutdown$$00000002  c_w.l(libshutdown2.o)
    0x080001ba   0x00000004   Code   RO         5668    .ARM.Collect$$libshutdown$$00000003  c_w.l(libshutdown2.o)
    0x080001be   0x00000000   Code   RO         5669    .ARM.Collect$$libshutdown$$00000004  c_w.l(libshutdown2.o)
    0x080001be   0x00000000   Code   RO         5672    .ARM.Collect$$libshutdown$$00000007  c_w.l(libshutdown2.o)
    0x080001be   0x00000000   Code   RO         5675    .ARM.Collect$$libshutdown$$0000000A  c_w.l(libshutdown2.o)
    0x080001be   0x00000000   Code   RO         5677    .ARM.Collect$$libshutdown$$0000000C  c_w.l(libshutdown2.o)
    0x080001be   0x00000000   Code   RO         5680    .ARM.Collect$$libshutdown$$0000000F  c_w.l(libshutdown2.o)
    0x080001be   0x00000002   Code   RO         5681    .ARM.Collect$$libshutdown$$00000010  c_w.l(libshutdown2.o)
    0x080001c0   0x00000000   Code   RO         5432    .ARM.Collect$$rtentry$$00000000  c_w.l(__rtentry.o)
    0x080001c0   0x00000000   Code   RO         5552    .ARM.Collect$$rtentry$$00000002  c_w.l(__rtentry2.o)
    0x080001c0   0x00000006   Code   RO         5564    .ARM.Collect$$rtentry$$00000004  c_w.l(__rtentry4.o)
    0x080001c6   0x00000000   Code   RO         5554    .ARM.Collect$$rtentry$$00000009  c_w.l(__rtentry2.o)
    0x080001c6   0x00000004   Code   RO         5555    .ARM.Collect$$rtentry$$0000000A  c_w.l(__rtentry2.o)
    0x080001ca   0x00000000   Code   RO         5557    .ARM.Collect$$rtentry$$0000000C  c_w.l(__rtentry2.o)
    0x080001ca   0x00000008   Code   RO         5558    .ARM.Collect$$rtentry$$0000000D  c_w.l(__rtentry2.o)
    0x080001d2   0x00000002   Code   RO         5688    .ARM.Collect$$rtexit$$00000000  c_w.l(rtexit.o)
    0x080001d4   0x00000000   Code   RO         5717    .ARM.Collect$$rtexit$$00000002  c_w.l(rtexit2.o)
    0x080001d4   0x00000004   Code   RO         5718    .ARM.Collect$$rtexit$$00000003  c_w.l(rtexit2.o)
    0x080001d8   0x00000006   Code   RO         5719    .ARM.Collect$$rtexit$$00000004  c_w.l(rtexit2.o)
    0x080001de   0x00000002   PAD
    0x080001e0   0x00000000   Code   RO         5570    .emb_text           c_w.l(maybetermalloc1.o)
    0x080001e0   0x00000040   Code   RO         4816    .text               startup_stm32l1xx_hd.o
    0x08000220   0x0000005e   Code   RO         5279    .text               c_w.l(h1_alloc.o)
    0x0800027e   0x0000004e   Code   RO         5281    .text               c_w.l(h1_free.o)
    0x080002cc   0x00000018   Code   RO         5337    .text               c_w.l(__2printf.o)
    0x080002e4   0x0000002c   Code   RO         5339    .text               c_w.l(__2sprintf.o)
    0x08000310   0x00000052   Code   RO         5351    .text               c_w.l(_printf_str.o)
    0x08000362   0x00000002   PAD
    0x08000364   0x00000078   Code   RO         5353    .text               c_w.l(_printf_dec.o)
    0x080003dc   0x0000010e   Code   RO         5363    .text               c_w.l(__printf_wp.o)
    0x080004ea   0x0000003e   Code   RO         5388    .text               c_w.l(strlen.o)
    0x08000528   0x0000008a   Code   RO         5392    .text               c_w.l(rt_memcpy_v6.o)
    0x080005b2   0x00000064   Code   RO         5394    .text               c_w.l(rt_memcpy_w.o)
    0x08000616   0x00000044   Code   RO         5398    .text               c_w.l(rt_memclr.o)
    0x0800065a   0x0000004e   Code   RO         5400    .text               c_w.l(rt_memclr_w.o)
    0x080006a8   0x00000006   Code   RO         5402    .text               c_w.l(heapauxi.o)
    0x080006ae   0x00000002   PAD
    0x080006b0   0x00000008   Code   RO         5436    .text               c_w.l(rt_heap_descriptor_intlibspace.o)
    0x080006b8   0x00000008   Code   RO         5441    .text               c_w.l(rt_errno_addr_intlibspace.o)
    0x080006c0   0x00000004   Code   RO         5443    .text               c_w.l(hguard.o)
    0x080006c4   0x0000008a   Code   RO         5445    .text               c_w.l(init_alloc.o)
    0x0800074e   0x0000000e   Code   RO         5449    .text               c_w.l(h1_init.o)
    0x0800075c   0x000000b2   Code   RO         5463    .text               c_w.l(_printf_intcommon.o)
    0x0800080e   0x00000002   PAD
    0x08000810   0x00000030   Code   RO         5465    .text               c_w.l(_printf_char_common.o)
    0x08000840   0x0000000a   Code   RO         5467    .text               c_w.l(_sputc.o)
    0x0800084a   0x0000002c   Code   RO         5471    .text               c_w.l(_printf_char.o)
    0x08000876   0x00000002   PAD
    0x08000878   0x00000024   Code   RO         5473    .text               c_w.l(_printf_char_file.o)
    0x0800089c   0x00000008   Code   RO         5548    .text               c_w.l(libspace.o)
    0x080008a4   0x00000034   Code   RO         5572    .text               c_w.l(h1_extend.o)
    0x080008d8   0x00000008   Code   RO         5580    .text               c_w.l(ferror.o)
    0x080008e0   0x00000138   Code   RO         5586    .text               c_w.l(initio.o)
    0x08000a18   0x0000000e   Code   RO         5594    .text               c_w.l(defsig_rtmem_outer.o)
    0x08000a26   0x00000066   Code   RO         5609    .text               c_w.l(sys_io.o)
    0x08000a8c   0x00000002   Code   RO         5614    .text               c_w.l(use_no_semi.o)
    0x08000a8e   0x00000000   Code   RO         5616    .text               c_w.l(indicate_semi.o)
    0x08000a8e   0x0000004a   Code   RO         5617    .text               c_w.l(sys_stackheap_outer.o)
    0x08000ad8   0x000001d6   Code   RO         5630    .text               c_w.l(flsbuf.o)
    0x08000cae   0x00000046   Code   RO         5632    .text               c_w.l(setvbuf.o)
    0x08000cf4   0x000000ec   Code   RO         5635    .text               c_w.l(fopen.o)
    0x08000de0   0x0000004c   Code   RO         5637    .text               c_w.l(fclose.o)
    0x08000e2c   0x00000012   Code   RO         5646    .text               c_w.l(exit.o)
    0x08000e3e   0x0000000a   Code   RO         5648    .text               c_w.l(defsig_exit.o)
    0x08000e48   0x0000000e   Code   RO         5650    .text               c_w.l(defsig_rtred_outer.o)
    0x08000e56   0x00000002   PAD
    0x08000e58   0x00000050   Code   RO         5654    .text               c_w.l(defsig_rtmem_inner.o)
    0x08000ea8   0x0000000c   Code   RO         5686    .text               c_w.l(sys_exit.o)
    0x08000eb4   0x000000f8   Code   RO         5696    .text               c_w.l(fseek.o)
    0x08000fac   0x000000f0   Code   RO         5698    .text               c_w.l(stdio.o)
    0x0800109c   0x00000032   Code   RO         5706    .text               c_w.l(defsig_general.o)
    0x080010ce   0x00000002   PAD
    0x080010d0   0x00000034   Code   RO         5708    .text               c_w.l(defsig_rtred_inner.o)
    0x08001104   0x0000000e   Code   RO         5714    .text               c_w.l(sys_wrch.o)
    0x08001112   0x00000042   Code   RO         5727    .text               c_w.l(ftell.o)
    0x08001154   0x00000016   Code   RO         1170    i.ADC_Cmd           stm32l1xx_adc.o
    0x0800116a   0x00000002   PAD
    0x0800116c   0x00000020   Code   RO         1176    i.ADC_DeInit        stm32l1xx_adc.o
    0x0800118c   0x00000010   Code   RO         1177    i.ADC_DelaySelectionConfig  stm32l1xx_adc.o
    0x0800119c   0x00000054   Code   RO         1190    i.ADC_Init          stm32l1xx_adc.o
    0x080011f0   0x00000012   Code   RO         1194    i.ADC_PowerDownCmd  stm32l1xx_adc.o
    0x08001202   0x00000004   Code   RO          172    i.BusFault_Handler  stm32l1xx_it.o
    0x08001206   0x00000002   Code   RO          173    i.DebugMon_Handler  stm32l1xx_it.o
    0x08001208   0x00000084   Code   RO         2380    i.GPIO_Init         stm32l1xx_gpio.o
    0x0800128c   0x00000046   Code   RO         2381    i.GPIO_PinAFConfig  stm32l1xx_gpio.o
    0x080012d2   0x00000012   Code   RO         2384    i.GPIO_ReadInputDataBit  stm32l1xx_gpio.o
    0x080012e4   0x00000004   Code   RO         2387    i.GPIO_ResetBits    stm32l1xx_gpio.o
    0x080012e8   0x00000004   Code   RO         2388    i.GPIO_SetBits      stm32l1xx_gpio.o
    0x080012ec   0x00000004   Code   RO          174    i.HardFault_Handler  stm32l1xx_it.o
    0x080012f0   0x00000076   Code   RO         4820    i.MQTTDeserialize_connack  mqttconnectclient.o
    0x08001366   0x000000a8   Code   RO         4908    i.MQTTDeserialize_publish  mqttdeserializepublish.o
    0x0800140e   0x00000092   Code   RO         5140    i.MQTTDeserialize_suback  mqttsubscribeclient.o
    0x080014a0   0x00000058   Code   RO         4983    i.MQTTPacket_decode  mqttpacket.o
    0x080014f8   0x0000001c   Code   RO         4984    i.MQTTPacket_decodeBuf  mqttpacket.o
    0x08001514   0x00000036   Code   RO         4986    i.MQTTPacket_encode  mqttpacket.o
    0x0800154a   0x00000002   PAD
    0x0800154c   0x00000028   Code   RO         4988    i.MQTTPacket_len    mqttpacket.o
    0x08001574   0x00000066   Code   RO         4989    i.MQTTPacket_read   mqttpacket.o
    0x080015da   0x00000002   PAD
    0x080015dc   0x00000168   Code   RO         4821    i.MQTTSerialize_connect  mqttconnectclient.o
    0x08001744   0x00000076   Code   RO         4822    i.MQTTSerialize_connectLength  mqttconnectclient.o
    0x080017ba   0x00000012   Code   RO         4823    i.MQTTSerialize_disconnect  mqttconnectclient.o
    0x080017cc   0x000000b0   Code   RO         5101    i.MQTTSerialize_publish  mqttserializepublish.o
    0x0800187c   0x00000022   Code   RO         5102    i.MQTTSerialize_publishLength  mqttserializepublish.o
    0x0800189e   0x000000b0   Code   RO         5141    i.MQTTSerialize_subscribe  mqttsubscribeclient.o
    0x0800194e   0x0000002e   Code   RO         5142    i.MQTTSerialize_subscribeLength  mqttsubscribeclient.o
    0x0800197c   0x0000004c   Code   RO         4825    i.MQTTSerialize_zero  mqttconnectclient.o
    0x080019c8   0x00000018   Code   RO         4991    i.MQTTstrlen        mqttpacket.o
    0x080019e0   0x00000004   Code   RO          175    i.MemManage_Handler  stm32l1xx_it.o
    0x080019e4   0x00000002   Code   RO          176    i.NMI_Handler       stm32l1xx_it.o
    0x080019e6   0x00000002   PAD
    0x080019e8   0x00000078   Code   RO         1119    i.NVIC_Init         misc.o
    0x08001a60   0x00000014   Code   RO         1120    i.NVIC_PriorityGroupConfig  misc.o
    0x08001a74   0x00000002   Code   RO          177    i.PendSV_Handler    stm32l1xx_it.o
    0x08001a76   0x00000002   PAD
    0x08001a78   0x00000020   Code   RO         3027    i.RCC_AHBPeriphClockCmd  stm32l1xx_rcc.o
    0x08001a98   0x00000020   Code   RO         3030    i.RCC_APB1PeriphClockCmd  stm32l1xx_rcc.o
    0x08001ab8   0x00000020   Code   RO         3032    i.RCC_APB1PeriphResetCmd  stm32l1xx_rcc.o
    0x08001ad8   0x00000020   Code   RO         3033    i.RCC_APB2PeriphClockCmd  stm32l1xx_rcc.o
    0x08001af8   0x00000020   Code   RO         3035    i.RCC_APB2PeriphResetCmd  stm32l1xx_rcc.o
    0x08001b18   0x00000058   Code   RO         3041    i.RCC_DeInit        stm32l1xx_rcc.o
    0x08001b70   0x00000100   Code   RO         3042    i.RCC_GetClocksFreq  stm32l1xx_rcc.o
    0x08001c70   0x00000034   Code   RO         3043    i.RCC_GetFlagStatus  stm32l1xx_rcc.o
    0x08001ca4   0x00000010   Code   RO         3045    i.RCC_GetSYSCLKSource  stm32l1xx_rcc.o
    0x08001cb4   0x00000018   Code   RO         3046    i.RCC_HCLKConfig    stm32l1xx_rcc.o
    0x08001ccc   0x00000010   Code   RO         3047    i.RCC_HSEConfig     stm32l1xx_rcc.o
    0x08001cdc   0x00000018   Code   RO         3056    i.RCC_PCLK1Config   stm32l1xx_rcc.o
    0x08001cf4   0x00000018   Code   RO         3057    i.RCC_PCLK2Config   stm32l1xx_rcc.o
    0x08001d0c   0x0000000c   Code   RO         3058    i.RCC_PLLCmd        stm32l1xx_rcc.o
    0x08001d18   0x00000014   Code   RO         3059    i.RCC_PLLConfig     stm32l1xx_rcc.o
    0x08001d2c   0x00000018   Code   RO         3063    i.RCC_SYSCLKConfig  stm32l1xx_rcc.o
    0x08001d44   0x00000038   Code   RO         3064    i.RCC_WaitForHSEStartUp  stm32l1xx_rcc.o
    0x08001d7c   0x00000002   Code   RO          178    i.SVC_Handler       stm32l1xx_it.o
    0x08001d7e   0x00000002   PAD
    0x08001d80   0x00000110   Code   RO          246    i.SetSysClock       system_stm32l1xx.o
    0x08001e90   0x00000002   Code   RO          179    i.SysTick_Handler   stm32l1xx_it.o
    0x08001e92   0x00000002   PAD
    0x08001e94   0x00000068   Code   RO          248    i.SystemInit        system_stm32l1xx.o
    0x08001efc   0x00000050   Code   RO          538    i.TIM2_IRQHandler   timer.o
    0x08001f4c   0x00000006   Code   RO         4057    i.TIM_ClearFlag     stm32l1xx_tim.o
    0x08001f52   0x00000006   Code   RO         4058    i.TIM_ClearITPendingBit  stm32l1xx_tim.o
    0x08001f58   0x00000018   Code   RO         4063    i.TIM_Cmd           stm32l1xx_tim.o
    0x08001f70   0x000000fc   Code   RO         4067    i.TIM_DeInit        stm32l1xx_tim.o
    0x0800206c   0x00000022   Code   RO         4083    i.TIM_GetITStatus   stm32l1xx_tim.o
    0x0800208e   0x00000012   Code   RO         4087    i.TIM_ITConfig      stm32l1xx_tim.o
    0x080020a0   0x00000004   Code   RO         4125    i.TIM_SetCounter    stm32l1xx_tim.o
    0x080020a4   0x00000060   Code   RO         4131    i.TIM_TimeBaseInit  stm32l1xx_tim.o
    0x08002104   0x00000084   Code   RO          583    i.USART1_IRQHandler  usart.o
    0x08002188   0x0000008c   Code   RO          584    i.USART2_IRQHandler  usart.o
    0x08002214   0x00000088   Code   RO          585    i.USART3_IRQHandler  usart.o
    0x0800229c   0x0000001e   Code   RO         4566    i.USART_ClearITPendingBit  stm32l1xx_usart.o
    0x080022ba   0x00000018   Code   RO         4569    i.USART_Cmd         stm32l1xx_usart.o
    0x080022d2   0x0000001a   Code   RO         4572    i.USART_GetFlagStatus  stm32l1xx_usart.o
    0x080022ec   0x00000054   Code   RO         4573    i.USART_GetITStatus  stm32l1xx_usart.o
    0x08002340   0x0000004a   Code   RO         4575    i.USART_ITConfig    stm32l1xx_usart.o
    0x0800238a   0x00000002   PAD
    0x0800238c   0x000000cc   Code   RO         4576    i.USART_Init        stm32l1xx_usart.o
    0x08002458   0x00000114   Code   RO          586    i.USART_OUT         usart.o
    0x0800256c   0x0000000a   Code   RO         4583    i.USART_ReceiveData  stm32l1xx_usart.o
    0x08002576   0x00000008   Code   RO         4586    i.USART_SendData    stm32l1xx_usart.o
    0x0800257e   0x00000004   Code   RO          180    i.UsageFault_Handler  stm32l1xx_it.o
    0x08002582   0x0000000e   Code   RO         5365    i._is_digit         c_w.l(__printf_wp.o)
    0x08002590   0x0000004c   Code   RO          320    i.adc_init          adc.o
    0x080025dc   0x00000020   Code   RO          781    i.bsp_get_port_value  bsp.o
    0x080025fc   0x00000148   Code   RO          782    i.bsp_gpio_init     bsp.o
    0x08002744   0x00000038   Code   RO          783    i.bsp_init          bsp.o
    0x0800277c   0x00000080   Code   RO          784    i.bsp_nvic_init     bsp.o
    0x080027fc   0x0000009e   Code   RO          786    i.bsp_rcc_init      bsp.o
    0x0800289a   0x00000002   PAD
    0x0800289c   0x00000028   Code   RO         4992    i.bufchar           mqttpacket.o
    0x080028c4   0x000000f8   Code   RO          355    i.button_get_state  button.o
    0x080029bc   0x00000024   Code   RO          356    i.button_gpio_init  button.o
    0x080029e0   0x00000034   Code   RO          358    i.button_timer_ms   button.o
    0x08002a14   0x0000001a   Code   RO         5583    i.fputc             c_w.l(fputc.o)
    0x08002a2e   0x00000002   PAD
    0x08002a30   0x000000b8   Code   RO            3    i.main              main.o
    0x08002ae8   0x0000026c   Code   RO         5226    i.mqtt_test         transport.o
    0x08002d54   0x0000000e   Code   RO         4994    i.readChar          mqttpacket.o
    0x08002d62   0x0000001a   Code   RO         4995    i.readInt           mqttpacket.o
    0x08002d7c   0x0000003a   Code   RO         4996    i.readMQTTLenString  mqttpacket.o
    0x08002db6   0x0000004c   Code   RO          539    i.timer2_init       timer.o
    0x08002e02   0x00000002   PAD
    0x08002e04   0x00000024   Code   RO          541    i.timer_is_timeout_1ms  timer.o
    0x08002e28   0x00000040   Code   RO         5227    i.transport_getdata  transport.o
    0x08002e68   0x00000020   Code   RO         5229    i.transport_sendPacketBuffer  transport.o
    0x08002e88   0x0000004c   Code   RO          587    i.usart1_init       usart.o
    0x08002ed4   0x00000040   Code   RO          589    i.usart2_init       usart.o
    0x08002f14   0x00000118   Code   RO          594    i.usart_send        usart.o
    0x0800302c   0x00000028   Code   RO         4997    i.writeCString      mqttpacket.o
    0x08003054   0x0000000c   Code   RO         4998    i.writeChar         mqttpacket.o
    0x08003060   0x00000030   Code   RO         4999    i.writeInt          mqttpacket.o
    0x08003090   0x0000003e   Code   RO         5000    i.writeMQTTString   mqttpacket.o
    0x080030ce   0x00000002   PAD
    0x080030d0   0x00000058   Data   RO         5230    .constdata          transport.o
    0x08003128   0x00000004   Data   RO         5610    .constdata          c_w.l(sys_io.o)
    0x0800312c   0x00000004   Data   RO         5611    .constdata          c_w.l(sys_io.o)
    0x08003130   0x00000004   Data   RO         5612    .constdata          c_w.l(sys_io.o)
    0x08003134   0x00000020   Data   RO         5752    Region$$Table       anon$$obj.o


    Execution Region RW_IRAM1 (Base: 0x20000000, Size: 0x00000ff8, Max: 0x00008000, ABSOLUTE)

    Base Addr    Size         Type   Attr      Idx    E Section Name        Object

    0x20000000   0x00000008   Data   RW          359    .data               button.o
    0x20000008   0x00000004   Data   RW          543    .data               timer.o
    0x2000000c   0x00000019   Data   RW          596    .data               usart.o
    0x20000025   0x00000019   Data   RW         3065    .data               stm32l1xx_rcc.o
    0x2000003e   0x00000002   PAD
    0x20000040   0x00000004   Data   RW         5001    .data               mqttpacket.o
    0x20000044   0x00000004   Data   RW         5231    .data               transport.o
    0x20000048   0x00000004   Data   RW         5481    .data               c_w.l(stdio_streams.o)
    0x2000004c   0x00000004   Data   RW         5482    .data               c_w.l(stdio_streams.o)
    0x20000050   0x00000004   Data   RW         5483    .data               c_w.l(stdio_streams.o)
    0x20000054   0x00000040   Zero   RW          542    .bss                timer.o
    0x20000094   0x00000802   Zero   RW          595    .bss                usart.o
    0x20000896   0x00000002   PAD
    0x20000898   0x00000054   Zero   RW         5478    .bss                c_w.l(stdio_streams.o)
    0x200008ec   0x00000054   Zero   RW         5479    .bss                c_w.l(stdio_streams.o)
    0x20000940   0x00000054   Zero   RW         5480    .bss                c_w.l(stdio_streams.o)
    0x20000994   0x00000060   Zero   RW         5549    .bss                c_w.l(libspace.o)
    0x200009f4   0x00000004   PAD
    0x200009f8   0x00000200   Zero   RW         4814    HEAP                startup_stm32l1xx_hd.o
    0x20000bf8   0x00000400   Zero   RW         4813    STACK               startup_stm32l1xx_hd.o


==============================================================================

Image component sizes


      Code (inc. data)   RO Data    RW Data    ZI Data      Debug   Object Name

        76          4          0          0          0        487   adc.o
       702         20          0          0          0       2659   bsp.o
       336         16          0          8          0       2122   button.o
       184         56          0          0          0     244256   main.o
       140         24          0          0          0       1579   misc.o
       690         18          0          0          0       6608   mqttconnectclient.o
       168          0          0          0          0       1530   mqttdeserializepublish.o
       636         18          0          4          0       8690   mqttpacket.o
       210          0          0          0          0       1674   mqttserializepublish.o
       368          0          0          0          0       3011   mqttsubscribeclient.o
        64         26        292          0       1536        876   startup_stm32l1xx_hd.o
       172         14          0          0          0       4264   stm32l1xx_adc.o
       228          0          0          0          0       3575   stm32l1xx_gpio.o
        26          0          0          0          0       3554   stm32l1xx_it.o
       772        114          0         25          0      11688   stm32l1xx_rcc.o
       440         52          0          0          0       5292   stm32l1xx_tim.o
       460          6          0          0          0       6115   stm32l1xx_usart.o
       376         30          0          0          0       1365   system_stm32l1xx.o
       192         12          0          4         64       2187   timer.o
       716        230         88          4          0       2646   transport.o
      1104         62          0         25       2050       6254   usart.o

    ----------------------------------------------------------------------
      8082        702        412         72       3652     320432   Object Totals
         0          0         32          0          0          0   (incl. Generated)
        22          0          0          2          2          0   (incl. Padding)

    ----------------------------------------------------------------------

      Code (inc. data)   RO Data    RW Data    ZI Data      Debug   Library Member Name

        24          4          0          0          0         84   __2printf.o
        44          6          0          0          0         84   __2sprintf.o
         8          0          0          0          0         68   __main.o
       284          0          0          0          0        156   __printf_wp.o
         0          0          0          0          0          0   __rtentry.o
        12          0          0          0          0          0   __rtentry2.o
         6          0          0          0          0          0   __rtentry4.o
        52          8          0          0          0          0   __scatter.o
        26          0          0          0          0          0   __scatter_copy.o
        28          0          0          0          0          0   __scatter_zi.o
        44          0          0          0          0        108   _printf_char.o
        48          6          0          0          0         96   _printf_char_common.o
        36          4          0          0          0         80   _printf_char_file.o
         6          0          0          0          0          0   _printf_d.o
       120         16          0          0          0         92   _printf_dec.o
       178          0          0          0          0         88   _printf_intcommon.o
         0          0          0          0          0          0   _printf_percent.o
         4          0          0          0          0          0   _printf_percent_end.o
         6          0          0          0          0          0   _printf_s.o
        82          0          0          0          0         80   _printf_str.o
        10          0          0          0          0         68   _sputc.o
        10          0          0          0          0         68   defsig_exit.o
        50          0          0          0          0         88   defsig_general.o
        80         58          0          0          0         76   defsig_rtmem_inner.o
        14          0          0          0          0         80   defsig_rtmem_outer.o
        52         38          0          0          0         76   defsig_rtred_inner.o
        14          0          0          0          0         80   defsig_rtred_outer.o
        18          0          0          0          0         80   exit.o
        76          0          0          0          0         88   fclose.o
         8          0          0          0          0         68   ferror.o
       470          0          0          0          0         88   flsbuf.o
       236          4          0          0          0        128   fopen.o
        26          0          0          0          0         68   fputc.o
       248          6          0          0          0         84   fseek.o
        66          0          0          0          0         76   ftell.o
        94          0          0          0          0         80   h1_alloc.o
        52          0          0          0          0         68   h1_extend.o
        78          0          0          0          0         80   h1_free.o
        14          0          0          0          0         84   h1_init.o
         6          0          0          0          0        152   heapauxi.o
         4          0          0          0          0        136   hguard.o
         0          0          0          0          0          0   indicate_semi.o
       138          0          0          0          0        168   init_alloc.o
       312         46          0          0          0        112   initio.o
         2          0          0          0          0          0   libinit.o
        14          0          0          0          0          0   libinit2.o
         2          0          0          0          0          0   libshutdown.o
         6          0          0          0          0          0   libshutdown2.o
         8          4          0          0         96         68   libspace.o
         0          0          0          0          0          0   maybetermalloc1.o
         8          4          0          0          0         68   rt_errno_addr_intlibspace.o
         8          4          0          0          0         68   rt_heap_descriptor_intlibspace.o
        68          0          0          0          0         68   rt_memclr.o
        78          0          0          0          0         80   rt_memclr_w.o
       138          0          0          0          0         68   rt_memcpy_v6.o
       100          0          0          0          0         80   rt_memcpy_w.o
         2          0          0          0          0          0   rtexit.o
        10          0          0          0          0          0   rtexit2.o
        70          0          0          0          0         80   setvbuf.o
       240          6          0          0          0        156   stdio.o
         0          0          0         12        252          0   stdio_streams.o
        62          0          0          0          0         76   strlen.o
        12          4          0          0          0         68   sys_exit.o
       102          0         12          0          0        240   sys_io.o
        74          0          0          0          0         80   sys_stackheap_outer.o
        14          0          0          0          0         76   sys_wrch.o
         2          0          0          0          0         68   use_no_semi.o

    ----------------------------------------------------------------------
      4122        218         12         12        352       4376   Library Totals
        18          0          0          0          4          0   (incl. Padding)

    ----------------------------------------------------------------------

      Code (inc. data)   RO Data    RW Data    ZI Data      Debug   Library Name

      4104        218         12         12        348       4376   c_w.l

    ----------------------------------------------------------------------
      4122        218         12         12        352       4376   Library Totals

    ----------------------------------------------------------------------

==============================================================================


      Code (inc. data)   RO Data    RW Data    ZI Data      Debug   

     12204        920        424         84       4004     317264   Grand Totals
     12204        920        424         84       4004     317264   ELF Image Totals
     12204        920        424         84          0          0   ROM Totals

==============================================================================

    Total RO  Size (Code + RO Data)                12628 (  12.33kB)
    Total RW  Size (RW Data + ZI Data)              4088 (   3.99kB)
    Total ROM Size (Code + RO Data + RW Data)      12712 (  12.41kB)

==============================================================================

