Component: ARM Compiler 5.06 update 5 (build 528) Tool: armlink [4d35e2]

==============================================================================

Section Cross References

    main.o(i.Gps_Msg_Show) refers to _printf_pad.o(.text) for _printf_pre_padding
    main.o(i.Gps_Msg_Show) refers to _printf_percent.o(.ARM.Collect$$_printf_percent$$00000000) for _printf_percent
    main.o(i.Gps_Msg_Show) refers to _printf_f.o(.ARM.Collect$$_printf_percent$$00000003) for _printf_f
    main.o(i.Gps_Msg_Show) refers to _printf_c.o(.ARM.Collect$$_printf_percent$$00000013) for _printf_c
    main.o(i.Gps_Msg_Show) refers to printf1.o(x$fpl$printf1) for _printf_fp_dec
    main.o(i.Gps_Msg_Show) refers to _printf_str.o(.text) for _printf_str
    main.o(i.Gps_Msg_Show) refers to fflt_clz.o(x$fpl$ffltu) for __aeabi_ui2f
    main.o(i.Gps_Msg_Show) refers to fdiv.o(x$fpl$fdiv) for __aeabi_fdiv
    main.o(i.Gps_Msg_Show) refers to f2d.o(x$fpl$f2d) for __aeabi_f2d
    main.o(i.Gps_Msg_Show) refers to noretval__2sprintf.o(.text) for __2sprintf
    main.o(i.Gps_Msg_Show) refers to fflt_clz.o(x$fpl$fflt) for __aeabi_i2f
    main.o(i.Gps_Msg_Show) refers to main.o(.bss) for gpsx
    main.o(i.main) refers to _printf_percent.o(.ARM.Collect$$_printf_percent$$00000000) for _printf_percent
    main.o(i.main) refers to _printf_s.o(.ARM.Collect$$_printf_percent$$00000014) for _printf_s
    main.o(i.main) refers to _printf_str.o(.text) for _printf_str
    main.o(i.main) refers to _printf_c.o(.ARM.Collect$$_printf_percent$$00000013) for _printf_c
    main.o(i.main) refers to bsp.o(i.bsp_init) for bsp_init
    main.o(i.main) refers to usart.o(i.USART_OUT) for USART_OUT
    main.o(i.main) refers to gprs.o(i.gprs_config) for gprs_config
    main.o(i.main) refers to app_md5.o(i.MakeFile_MD5_Checksum) for MakeFile_MD5_Checksum
    main.o(i.main) refers to stm32l1xx_gpio.o(i.GPIO_SetBits) for GPIO_SetBits
    main.o(i.main) refers to usart.o(i.usart3_recv_data) for usart3_recv_data
    main.o(i.main) refers to gps.o(i.GPS_Analysis) for GPS_Analysis
    main.o(i.main) refers to main.o(i.Gps_Msg_Show) for Gps_Msg_Show
    main.o(i.main) refers to rt_memclr.o(.text) for __aeabi_memclr
    main.o(i.main) refers to noretval__2sprintf.o(.text) for __2sprintf
    main.o(i.main) refers to gprs.o(i.gprs_send_at) for gprs_send_at
    main.o(i.main) refers to aes.o(i.AES_Encrypt) for AES_Encrypt
    main.o(i.main) refers to timer.o(i.timer_is_timeout_1ms) for timer_is_timeout_1ms
    main.o(i.main) refers to stm32l1xx_gpio.o(i.GPIO_ResetBits) for GPIO_ResetBits
    main.o(i.main) refers to usart.o(i.usart1_recv_data) for usart1_recv_data
    main.o(i.main) refers to usart.o(i.usart2_recv_data) for usart2_recv_data
    main.o(i.main) refers to adc.o(i.Get_Adc_Average) for Get_Adc_Average
    main.o(i.main) refers to strstr.o(.text) for strstr
    main.o(i.main) refers to strncmp.o(.text) for strncmp
    main.o(i.main) refers to stm32l1xx_gpio.o(i.GPIO_ReadInputDataBit) for GPIO_ReadInputDataBit
    main.o(i.main) refers to strcpy.o(.text) for strcpy
    main.o(i.main) refers to aes.o(i.AES_Decrypt) for AES_Decrypt
    main.o(i.main) refers to motor.o(i.lock_stop) for lock_stop
    main.o(i.main) refers to motor.o(i.lock_close) for lock_close
    main.o(i.main) refers to motor.o(i.lock_open) for lock_open
    main.o(i.main) refers to motor.o(i.lock_off_status_get) for lock_off_status_get
    main.o(i.main) refers to gprs.o(.data) for gprs_status
    main.o(i.main) refers to gprs.o(.bss) for PARK_LOCK_Buffer
    main.o(i.main) refers to main.o(.data) for gps_send_flag
    main.o(i.main) refers to main.o(.bss) for gps_buff
    main.o(i.main) refers to motor.o(i.lock_on_status_get) for lock_on_status_get
    main.o(i.main) refers to button.o(i.button_get_value) for button_get_value
    main.o(i.main) refers to timer.o(i.timer_delay_1ms) for timer_delay_1ms
    system_stm32l1xx.o(i.SystemCoreClockUpdate) refers to system_stm32l1xx.o(.data) for SystemCoreClock
    system_stm32l1xx.o(i.SystemInit) refers to system_stm32l1xx.o(i.SetSysClock) for SetSysClock
    adc.o(i.Get_Adc) refers to stm32l1xx_adc.o(i.ADC_GetFlagStatus) for ADC_GetFlagStatus
    adc.o(i.Get_Adc) refers to stm32l1xx_adc.o(i.ADC_GetConversionValue) for ADC_GetConversionValue
    adc.o(i.Get_Adc_Average) refers to adc.o(i.Get_Adc) for Get_Adc
    adc.o(i.Get_Adc_Average) refers to timer.o(i.timer_delay_1ms) for timer_delay_1ms
    button.o(i.button_get_state) refers to stm32l1xx_gpio.o(i.GPIO_ReadInputDataBit) for GPIO_ReadInputDataBit
    button.o(i.button_get_state) refers to button.o(.data) for button_info
    button.o(i.button_get_value) refers to stm32l1xx_gpio.o(i.GPIO_ReadInputDataBit) for GPIO_ReadInputDataBit
    button.o(i.button_gpio_init) refers to stm32l1xx_gpio.o(i.GPIO_Init) for GPIO_Init
    button.o(i.button_timer_ms) refers to button.o(.data) for button_info
    gprs.o(i.gprs_check_cmd) refers to strstr.o(.text) for strstr
[...]
    i.USART_SendData                         0x080043da   Section        0  stm32l1xx_usart.o(i.USART_SendData)
    i.UsageFault_Handler                     0x080043e2   Section        0  stm32l1xx_it.o(i.UsageFault_Handler)
    i.__ARM_fpclassify                       0x080043e6   Section        0  fpclassify.o(i.__ARM_fpclassify)
    i._is_digit                              0x0800440e   Section        0  __printf_wp.o(i._is_digit)
    i.bsp_init                               0x0800441c   Section        0  bsp.o(i.bsp_init)
    i.bsp_nvic_init                          0x08004456   Section        0  bsp.o(i.bsp_nvic_init)
    i.bsp_rcc_init                           0x080044f4   Section        0  bsp.o(i.bsp_rcc_init)
    i.button_get_value                       0x08004520   Section        0  button.o(i.button_get_value)
    i.ceil                                   0x08004558   Section        0  ceil.o(i.ceil)
    i.decrypt                                0x08004634   Section        0  aes.o(i.decrypt)
    i.encrypt                                0x080046ec   Section        0  aes.o(i.encrypt)
    i.getSBoxInvert                          0x080047ac   Section        0  aes.o(i.getSBoxInvert)
    i.getSBoxValue                           0x080047b8   Section        0  aes.o(i.getSBoxValue)
    i.gpio_init                              0x080047c4   Section        0  bsp.o(i.gpio_init)
    i.gprs_check_cmd                         0x0800490c   Section        0  gprs.o(i.gprs_check_cmd)
    i.gprs_config                            0x08004924   Section        0  gprs.o(i.gprs_config)
    i.gprs_power_on                          0x08004cf4   Section        0  gprs.o(i.gprs_power_on)
    i.gprs_send_at                           0x08004cf8   Section        0  gprs.o(i.gprs_send_at)
    i.lock_close                             0x08004dd8   Section        0  motor.o(i.lock_close)
    i.lock_off_status_get                    0x08004df0   Section        0  motor.o(i.lock_off_status_get)
    i.lock_on_status_get                     0x08004e28   Section        0  motor.o(i.lock_on_status_get)
    i.lock_open                              0x08004e60   Section        0  motor.o(i.lock_open)
    i.lock_stop                              0x08004e78   Section        0  motor.o(i.lock_stop)
    i.main                                   0x08004e90   Section        0  main.o(i.main)
    i.timer2_init                            0x08005af8   Section        0  timer.o(i.timer2_init)
    i.timer_delay_1ms                        0x08005b44   Section        0  timer.o(i.timer_delay_1ms)
    i.timer_is_timeout_1ms                   0x08005b58   Section        0  timer.o(i.timer_is_timeout_1ms)
    i.usart1_init                            0x08005b7c   Section        0  usart.o(i.usart1_init)
    i.usart1_recv_data                       0x08005bc8   Section        0  usart.o(i.usart1_recv_data)
    i.usart2_init                            0x08005c08   Section        0  usart.o(i.usart2_init)
    i.usart2_recv_data                       0x08005c48   Section        0  usart.o(i.usart2_recv_data)
    i.usart3_init                            0x08005c8c   Section        0  usart.o(i.usart3_init)
    i.usart3_recv_data                       0x08005ccc   Section        0  usart.o(i.usart3_recv_data)
    locale$$code                             0x08005d10   Section       44  lc_numeric_c.o(locale$$code)
    x$fpl$dadd                               0x08005d3c   Section      336  daddsub_clz.o(x$fpl$dadd)
    _dadd1                                   0x08005d4d   Thumb Code     0  daddsub_clz.o(x$fpl$dadd)
    x$fpl$dcmpinf                            0x08005e8c   Section       24  dcmpi.o(x$fpl$dcmpinf)
    x$fpl$dfix                               0x08005ea4   Section       94  dfix.o(x$fpl$dfix)
    x$fpl$dflt                               0x08005f02   Section       46  dflt_clz.o(x$fpl$dflt)
    x$fpl$dleqf                              0x08005f30   Section      120  dleqf.o(x$fpl$dleqf)
    x$fpl$dnaninf                            0x08005fa8   Section      156  dnaninf.o(x$fpl$dnaninf)
    x$fpl$dretinf                            0x08006044   Section       12  dretinf.o(x$fpl$dretinf)
    x$fpl$drleqf                             0x08006050   Section      108  drleqf.o(x$fpl$drleqf)
    x$fpl$drsb                               0x080060bc   Section       22  daddsub_clz.o(x$fpl$drsb)
    x$fpl$dsub                               0x080060d4   Section      468  daddsub_clz.o(x$fpl$dsub)
    _dsub1                                   0x080060e5   Thumb Code     0  daddsub_clz.o(x$fpl$dsub)
    x$fpl$f2d                                0x080062a8   Section       86  f2d.o(x$fpl$f2d)
    x$fpl$fadd                               0x08006300   Section      196  faddsub_clz.o(x$fpl$fadd)
    _fadd1                                   0x0800630f   Thumb Code     0  faddsub_clz.o(x$fpl$fadd)
    x$fpl$fdiv                               0x080063c4   Section      388  fdiv.o(x$fpl$fdiv)
    _fdiv1                                   0x080063c5   Thumb Code     0  fdiv.o(x$fpl$fdiv)
    x$fpl$ffixu                              0x08006548   Section       62  ffixu.o(x$fpl$ffixu)
    x$fpl$fflt                               0x08006588   Section       48  fflt_clz.o(x$fpl$fflt)
    x$fpl$ffltu                              0x080065b8   Section       38  fflt_clz.o(x$fpl$ffltu)
    x$fpl$fmul                               0x080065e0   Section      258  fmul.o(x$fpl$fmul)
    x$fpl$fnaninf                            0x080066e2   Section      140  fnaninf.o(x$fpl$fnaninf)
    x$fpl$fretinf                            0x0800676e   Section       10  fretinf.o(x$fpl$fretinf)
    x$fpl$fsub                               0x08006778   Section      234  faddsub_clz.o(x$fpl$fsub)
    _fsub1                                   0x08006787   Thumb Code     0  faddsub_clz.o(x$fpl$fsub)
    x$fpl$printf1                            0x08006862   Section        4  printf1.o(x$fpl$printf1)
    .constdata                               0x08006866   Section      767  aes.o(.constdata)
    x$fpl$usenofp                            0x08006866   Section        0  usenofp.o(x$fpl$usenofp)
    .constdata                               0x08006b68   Section      148  bigflt0.o(.constdata)
    tenpwrs_x                                0x08006b68   Data          60  bigflt0.o(.constdata)
    tenpwrs_i                                0x08006ba4   Data          64  bigflt0.o(.constdata)
    locale$$data                             0x08006c1c   Section       28  lc_numeric_c.o(locale$$data)
    __lcnum_c_name                           0x08006c20   Data           2  lc_numeric_c.o(locale$$data)
    __lcnum_c_start                          0x08006c28   Data           0  lc_numeric_c.o(locale$$data)
    __lcnum_c_point                          0x08006c34   Data           0  lc_numeric_c.o(locale$$data)
    __lcnum_c_thousands                      0x08006c36   Data           0  lc_numeric_c.o(locale$$data)
    __lcnum_c_grouping                       0x08006c37   Data           0  lc_numeric_c.o(locale$$data)
    __lcnum_c_end                            0x08006c38   Data           0  lc_numeric_c.o(locale$$data)
    .data                                    0x20000000   Section       38  main.o(.data)
    gps_send_flag                            0x20000025   Data           1  main.o(.data)
    .data                                    0x20000026   Section        8  gprs.o(.data)
    gprs_init_flag                           0x2000002d   Data           1  gprs.o(.data)
    .data                                    0x20000030   Section        4  timer.o(.data)
    .data                                    0x20000034   Section       23  usart.o(.data)
    .data                                    0x2000004b   Section       80  app_md5.o(.data)
    PADDING                                  0x2000005b   Data          64  app_md5.o(.data)
    .data                                    0x2000009c   Section       77  aes.o(.data)
    Base64Encode                             0x200000a8   Data          65  aes.o(.data)
    .data                                    0x200000e9   Section       25  stm32l1xx_rcc.o(.data)
    PLLMulTable                              0x200000e9   Data           9  stm32l1xx_rcc.o(.data)
    APBAHBPrescTable                         0x200000f2   Data          16  stm32l1xx_rcc.o(.data)
    .bss                                     0x20000104   Section     2516  main.o(.bss)
    .bss                                     0x20000ad8   Section      529  gprs.o(.bss)
    .bss                                     0x20000cec   Section       60  timer.o(.bss)
    .bss                                     0x20000d28   Section     2050  usart.o(.bss)
    sb                                       0x20000d28   Data         514  usart.o(.bss)
    .bss                                     0x2000152a   Section      396  aes.o(.bss)
    .bss                                     0x200016b8   Section       96  libspace.o(.bss)
    HEAP                                     0x20001718   Section      512  startup_stm32l1xx_hd.o(HEAP)
    Heap_Mem                                 0x20001718   Data         512  startup_stm32l1xx_hd.o(HEAP)
    STACK                                    0x20001918   Section     1024  startup_stm32l1xx_hd.o(STACK)
    Stack_Mem                                0x20001918   Data        1024  startup_stm32l1xx_hd.o(STACK)
    __initial_sp                             0x20001d18   Data           0  startup_stm32l1xx_hd.o(STACK)

    Global Symbols

    Symbol Name                              Value     Ov Type        Size  Object(Section)

    BuildAttributes$$THM_ISAv4$P$D$K$B$S$PE$A:L22UL41UL21$X:L11$S22US41US21$IEEE1$IW$USESV6$~STKCKD$USESV7$~SHL$OTIME$ROPI$IEEEJ$EBA8$UX$STANDARDLIB$REQ8$PRES8$EABIv2 0x00000000   Number         0  anon$$obj.o ABSOLUTE
    __ARM_use_no_argv                        0x00000000   Number         0  main.o ABSOLUTE
    _printf_flags                            0x00000000   Number         0  printf_stubs.o ABSOLUTE
    _printf_return_value                     0x00000000   Number         0  printf_stubs.o ABSOLUTE
    _printf_sizespec                         0x00000000   Number         0  printf_stubs.o ABSOLUTE
    _printf_widthprec                        0x00000000   Number         0  printf_stubs.o ABSOLUTE
    __ARM_exceptions_init                     - Undefined Weak Reference
    __alloca_initialize                       - Undefined Weak Reference
    __arm_preinit_                            - Undefined Weak Reference
    __cpp_initialize__aeabi_                  - Undefined Weak Reference
    __cxa_finalize                            - Undefined Weak Reference
    __sigvec_lookup                           - Undefined Weak Reference
    __user_heap_extent                        - Undefined Weak Reference
    _atexit_init                              - Undefined Weak Reference
    _call_atexit_fns                          - Undefined Weak Reference
    _clock_init                               - Undefined Weak Reference
    _fp_trap_init                             - Undefined Weak Reference
    _fp_trap_shutdown                         - Undefined Weak Reference
    _get_lc_collate                           - Undefined Weak Reference
    _get_lc_ctype                             - Undefined Weak Reference
    _get_lc_monetary                          - Undefined Weak Reference
    _get_lc_time                              - Undefined Weak Reference
    _getenv_init                              - Undefined Weak Reference
    _handle_redirection                       - Undefined Weak Reference
    _initio                                   - Undefined Weak Reference
    _mutex_acquire                            - Undefined Weak Reference
    _mutex_free                               - Undefined Weak Reference
    _mutex_release                            - Undefined Weak Reference
    _printf_mbtowc                            - Undefined Weak Reference
    _printf_truncate_signed                   - Undefined Weak Reference
    _printf_truncate_unsigned                 - Undefined Weak Reference
    _rand_init                                - Undefined Weak Reference
    _signal_finish                            - Undefined Weak Reference
    _signal_init                              - Undefined Weak Reference
    _terminateio                              - Undefined Weak Reference
    __Vectors_Size                           0x00000124   Number         0  startup_stm32l1xx_hd.o ABSOLUTE
    __Vectors                                0x08000000   Data           4  startup_stm32l1xx_hd.o(RESET)
    __Vectors_End                            0x08000124   Data           0  startup_stm32l1xx_hd.o(RESET)
    __main                                   0x08000125   Thumb Code     8  __main.o(!!!main)
    __scatterload                            0x0800012d   Thumb Code     0  __scatter.o(!!!scatter)
    __scatterload_rt2                        0x0800012d   Thumb Code    44  __scatter.o(!!!scatter)
    __scatterload_rt2_thumb_only             0x0800012d   Thumb Code     0  __scatter.o(!!!scatter)
    __scatterload_null                       0x0800013b   Thumb Code     0  __scatter.o(!!!scatter)
    __scatterload_copy                       0x08000161   Thumb Code    26  __scatter_copy.o(!!handler_copy)
    __scatterload_zeroinit                   0x0800017d   Thumb Code    28  __scatter_zi.o(!!handler_zi)
    _printf_f                                0x08000199   Thumb Code     0  _printf_f.o(.ARM.Collect$$_printf_percent$$00000003)
    _printf_percent                          0x08000199   Thumb Code     0  _printf_percent.o(.ARM.Collect$$_printf_percent$$00000000)
    _printf_d                                0x0800019f   Thumb Code     0  _printf_d.o(.ARM.Collect$$_printf_percent$$00000009)
    _printf_c                                0x080001a5   Thumb Code     0  _printf_c.o(.ARM.Collect$$_printf_percent$$00000013)
    _printf_s                                0x080001ab   Thumb Code     0  _printf_s.o(.ARM.Collect$$_printf_percent$$00000014)
    _printf_percent_end                      0x080001b1   Thumb Code     0  _printf_percent_end.o(.ARM.Collect$$_printf_percent$$00000017)
    __rt_lib_init                            0x080001b5   Thumb Code     0  libinit.o(.ARM.Collect$$libinit$$00000000)
    __rt_lib_init_fp_1                       0x080001b7   Thumb Code     0  libinit2.o(.ARM.Collect$$libinit$$00000002)
    __rt_lib_init_heap_2                     0x080001b7   Thumb Code     0  libinit2.o(.ARM.Collect$$libinit$$00000005)
    __rt_lib_init_preinit_1                  0x080001b7   Thumb Code     0  libinit2.o(.ARM.Collect$$libinit$$00000004)
    __rt_lib_init_heap_1                     0x080001bf   Thumb Code     0  libinit2.o(.ARM.Collect$$libinit$$0000000A)
    __rt_lib_init_lc_common                  0x080001bf   Thumb Code     0  libinit2.o(.ARM.Collect$$libinit$$0000000F)
    __rt_lib_init_rand_1                     0x080001bf   Thumb Code     0  libinit2.o(.ARM.Collect$$libinit$$0000000E)
    __rt_lib_init_user_alloc_1               0x080001bf   Thumb Code     0  libinit2.o(.ARM.Collect$$libinit$$0000000C)
    __rt_lib_init_lc_collate_1               0x080001c5   Thumb Code     0  libinit2.o(.ARM.Collect$$libinit$$00000011)
    __rt_lib_init_lc_ctype_1                 0x080001c5   Thumb Code     0  libinit2.o(.ARM.Collect$$libinit$$00000013)
    __rt_lib_init_lc_monetary_1              0x080001c5   Thumb Code     0  libinit2.o(.ARM.Collect$$libinit$$00000015)
    __rt_lib_init_lc_numeric_2               0x080001c5   Thumb Code     0  libinit2.o(.ARM.Collect$$libinit$$00000016)
    __rt_lib_init_alloca_1                   0x080001cf   Thumb Code     0  libinit2.o(.ARM.Collect$$libinit$$0000002E)
    __rt_lib_init_argv_1                     0x080001cf   Thumb Code     0  libinit2.o(.ARM.Collect$$libinit$$0000002C)
    __rt_lib_init_atexit_1                   0x080001cf   Thumb Code     0  libinit2.o(.ARM.Collect$$libinit$$0000001B)
    __rt_lib_init_clock_1                    0x080001cf   Thumb Code     0  libinit2.o(.ARM.Collect$$libinit$$00000021)
    __rt_lib_init_cpp_1                      0x080001cf   Thumb Code     0  libinit2.o(.ARM.Collect$$libinit$$00000032)
    __rt_lib_init_exceptions_1               0x080001cf   Thumb Code     0  libinit2.o(.ARM.Collect$$libinit$$00000030)
    __rt_lib_init_fp_trap_1                  0x080001cf   Thumb Code     0  libinit2.o(.ARM.Collect$$libinit$$0000001F)
    __rt_lib_init_getenv_1                   0x080001cf   Thumb Code     0  libinit2.o(.ARM.Collect$$libinit$$00000023)
    __rt_lib_init_lc_numeric_1               0x080001cf   Thumb Code     0  libinit2.o(.ARM.Collect$$libinit$$00000017)
    __rt_lib_init_lc_time_1                  0x080001cf   Thumb Code     0  libinit2.o(.ARM.Collect$$libinit$$00000019)
    __rt_lib_init_return                     0x080001cf   Thumb Code     0  libinit2.o(.ARM.Collect$$libinit$$00000033)
    __rt_lib_init_signal_1                   0x080001cf   Thumb Code     0  libinit2.o(.ARM.Collect$$libinit$$0000001D)
    __rt_lib_init_stdio_1                    0x080001cf   Thumb Code     0  libinit2.o(.ARM.Collect$$libinit$$00000025)
    __rt_lib_shutdown                        0x080001d1   Thumb Code     0  libshutdown.o(.ARM.Collect$$libshutdown$$00000000)
    __rt_lib_shutdown_cpp_1                  0x080001d3   Thumb Code     0  libshutdown2.o(.ARM.Collect$$libshutdown$$00000002)
    __rt_lib_shutdown_fp_trap_1              0x080001d3   Thumb Code     0  libshutdown2.o(.ARM.Collect$$libshutdown$$00000007)
    __rt_lib_shutdown_heap_1                 0x080001d3   Thumb Code     0  libshutdown2.o(.ARM.Collect$$libshutdown$$0000000F)
    __rt_lib_shutdown_return                 0x080001d3   Thumb Code     0  libshutdown2.o(.ARM.Collect$$libshutdown$$00000010)
    __rt_lib_shutdown_signal_1               0x080001d3   Thumb Code     0  libshutdown2.o(.ARM.Collect$$libshutdown$$0000000A)
    __rt_lib_shutdown_stdio_1                0x080001d3   Thumb Code     0  libshutdown2.o(.ARM.Collect$$libshutdown$$00000004)
    __rt_lib_shutdown_user_alloc_1           0x080001d3   Thumb Code     0  libshutdown2.o(.ARM.Collect$$libshutdown$$0000000C)
    __rt_entry                               0x080001d5   Thumb Code     0  __rtentry.o(.ARM.Collect$$rtentry$$00000000)
    __rt_entry_presh_1                       0x080001d5   Thumb Code     0  __rtentry2.o(.ARM.Collect$$rtentry$$00000002)
    __rt_entry_sh                            0x080001d5   Thumb Code     0  __rtentry4.o(.ARM.Collect$$rtentry$$00000004)
    __rt_entry_li                            0x080001db   Thumb Code     0  __rtentry2.o(.ARM.Collect$$rtentry$$0000000A)
    __rt_entry_postsh_1                      0x080001db   Thumb Code     0  __rtentry2.o(.ARM.Collect$$rtentry$$00000009)
    __rt_entry_main                          0x080001df   Thumb Code     0  __rtentry2.o(.ARM.Collect$$rtentry$$0000000D)
    __rt_entry_postli_1                      0x080001df   Thumb Code     0  __rtentry2.o(.ARM.Collect$$rtentry$$0000000C)
    __rt_exit                                0x080001e7   Thumb Code     0  rtexit.o(.ARM.Collect$$rtexit$$00000000)
    __rt_exit_ls                             0x080001e9   Thumb Code     0  rtexit2.o(.ARM.Collect$$rtexit$$00000003)
    __rt_exit_prels_1                        0x080001e9   Thumb Code     0  rtexit2.o(.ARM.Collect$$rtexit$$00000002)
    __rt_exit_exit                           0x080001ed   Thumb Code     0  rtexit2.o(.ARM.Collect$$rtexit$$00000004)
    Reset_Handler                            0x080001f5   Thumb Code     8  startup_stm32l1xx_hd.o(.text)
    _maybe_terminate_alloc                   0x080001f5   Thumb Code     0  maybetermalloc1.o(.emb_text)
    ADC1_IRQHandler                          0x0800020f   Thumb Code     0  startup_stm32l1xx_hd.o(.text)
    AES_IRQHandler                           0x0800020f   Thumb Code     0  startup_stm32l1xx_hd.o(.text)
    COMP_ACQ_IRQHandler                      0x0800020f   Thumb Code     0  startup_stm32l1xx_hd.o(.text)
    COMP_IRQHandler                          0x0800020f   Thumb Code     0  startup_stm32l1xx_hd.o(.text)
    DAC_IRQHandler                           0x0800020f   Thumb Code     0  startup_stm32l1xx_hd.o(.text)
    DMA1_Channel1_IRQHandler                 0x0800020f   Thumb Code     0  startup_stm32l1xx_hd.o(.text)
    DMA1_Channel2_IRQHandler                 0x0800020f   Thumb Code     0  startup_stm32l1xx_hd.o(.text)
    DMA1_Channel3_IRQHandler                 0x0800020f   Thumb Code     0  startup_stm32l1xx_hd.o(.text)
    DMA1_Channel4_IRQHandler                 0x0800020f   Thumb Code     0  startup_stm32l1xx_hd.o(.text)
    DMA1_Channel5_IRQHandler                 0x0800020f   Thumb Code     0  startup_stm32l1xx_hd.o(.text)
    DMA1_Channel6_IRQHandler                 0x0800020f   Thumb Code     0  startup_stm32l1xx_hd.o(.text)
    DMA1_Channel7_IRQHandler                 0x0800020f   Thumb Code     0  startup_stm32l1xx_hd.o(.text)
    DMA2_Channel1_IRQHandler                 0x0800020f   Thumb Code     0  startup_stm32l1xx_hd.o(.text)
    DMA2_Channel2_IRQHandler                 0x0800020f   Thumb Code     0  startup_stm32l1xx_hd.o(.text)
    DMA2_Channel3_IRQHandler                 0x0800020f   Thumb Code     0  startup_stm32l1xx_hd.o(.text)
    DMA2_Channel4_IRQHandler                 0x0800020f   Thumb Code     0  startup_stm32l1xx_hd.o(.text)
    DMA2_Channel5_IRQHandler                 0x0800020f   Thumb Code     0  startup_stm32l1xx_hd.o(.text)
    EXTI0_IRQHandler                         0x0800020f   Thumb Code     0  startup_stm32l1xx_hd.o(.text)
    EXTI15_10_IRQHandler                     0x0800020f   Thumb Code     0  startup_stm32l1xx_hd.o(.text)
    EXTI1_IRQHandler                         0x0800020f   Thumb Code     0  startup_stm32l1xx_hd.o(.text)
    EXTI2_IRQHandler                         0x0800020f   Thumb Code     0  startup_stm32l1xx_hd.o(.text)
    EXTI3_IRQHandler                         0x0800020f   Thumb Code     0  startup_stm32l1xx_hd.o(.text)
    EXTI4_IRQHandler                         0x0800020f   Thumb Code     0  startup_stm32l1xx_hd.o(.text)
    EXTI9_5_IRQHandler                       0x0800020f   Thumb Code     0  startup_stm32l1xx_hd.o(.text)
    FLASH_IRQHandler                         0x0800020f   Thumb Code     0  startup_stm32l1xx_hd.o(.text)
    I2C1_ER_IRQHandler                       0x0800020f   Thumb Code     0  startup_stm32l1xx_hd.o(.text)
    I2C1_EV_IRQHandler                       0x0800020f   Thumb Code     0  startup_stm32l1xx_hd.o(.text)
    I2C2_ER_IRQHandler                       0x0800020f   Thumb Code     0  startup_stm32l1xx_hd.o(.text)
    I2C2_EV_IRQHandler                       0x0800020f   Thumb Code     0  startup_stm32l1xx_hd.o(.text)
    LCD_IRQHandler                           0x0800020f   Thumb Code     0  startup_stm32l1xx_hd.o(.text)
    PVD_IRQHandler                           0x0800020f   Thumb Code     0  startup_stm32l1xx_hd.o(.text)
    RCC_IRQHandler                           0x0800020f   Thumb Code     0  startup_stm32l1xx_hd.o(.text)
    RTC_Alarm_IRQHandler                     0x0800020f   Thumb Code     0  startup_stm32l1xx_hd.o(.text)
    RTC_WKUP_IRQHandler                      0x0800020f   Thumb Code     0  startup_stm32l1xx_hd.o(.text)
    SDIO_IRQHandler                          0x0800020f   Thumb Code     0  startup_stm32l1xx_hd.o(.text)
    SPI1_IRQHandler                          0x0800020f   Thumb Code     0  startup_stm32l1xx_hd.o(.text)
    SPI2_IRQHandler                          0x0800020f   Thumb Code     0  startup_stm32l1xx_hd.o(.text)
    SPI3_IRQHandler                          0x0800020f   Thumb Code     0  startup_stm32l1xx_hd.o(.text)
    TAMPER_STAMP_IRQHandler                  0x0800020f   Thumb Code     0  startup_stm32l1xx_hd.o(.text)
    TIM10_IRQHandler                         0x0800020f   Thumb Code     0  startup_stm32l1xx_hd.o(.text)
    TIM11_IRQHandler                         0x0800020f   Thumb Code     0  startup_stm32l1xx_hd.o(.text)
    TIM3_IRQHandler                          0x0800020f   Thumb Code     0  startup_stm32l1xx_hd.o(.text)
    TIM4_IRQHandler                          0x0800020f   Thumb Code     0  startup_stm32l1xx_hd.o(.text)
    TIM5_IRQHandler                          0x0800020f   Thumb Code     0  startup_stm32l1xx_hd.o(.text)
    TIM6_IRQHandler                          0x0800020f   Thumb Code     0  startup_stm32l1xx_hd.o(.text)
    TIM7_IRQHandler                          0x0800020f   Thumb Code     0  startup_stm32l1xx_hd.o(.text)
    TIM9_IRQHandler                          0x0800020f   Thumb Code     0  startup_stm32l1xx_hd.o(.text)
    UART4_IRQHandler                         0x0800020f   Thumb Code     0  startup_stm32l1xx_hd.o(.text)
    UART5_IRQHandler                         0x0800020f   Thumb Code     0  startup_stm32l1xx_hd.o(.text)
    USB_FS_WKUP_IRQHandler                   0x0800020f   Thumb Code     0  startup_stm32l1xx_hd.o(.text)
    USB_HP_IRQHandler                        0x0800020f   Thumb Code     0  startup_stm32l1xx_hd.o(.text)
    USB_LP_IRQHandler                        0x0800020f   Thumb Code     0  startup_stm32l1xx_hd.o(.text)
    WWDG_IRQHandler                          0x0800020f   Thumb Code     0  startup_stm32l1xx_hd.o(.text)
    __user_initial_stackheap                 0x08000211   Thumb Code     0  startup_stm32l1xx_hd.o(.text)
    malloc                                   0x08000235   Thumb Code    94  h1_alloc.o(.text)
    free                                     0x08000293   Thumb Code    78  h1_free.o(.text)
    __2sprintf                               0x080002e1   Thumb Code    34  noretval__2sprintf.o(.text)
    _printf_pre_padding                      0x08000309   Thumb Code    44  _printf_pad.o(.text)
    _printf_post_padding                     0x08000335   Thumb Code    34  _printf_pad.o(.text)
    _printf_str                              0x08000357   Thumb Code    82  _printf_str.o(.text)
    _printf_int_dec                          0x080003a9   Thumb Code   104  _printf_dec.o(.text)
    __printf                                 0x08000421   Thumb Code   270  __printf_wp.o(.text)
    strstr                                   0x0800052f   Thumb Code    36  strstr.o(.text)
    strcpy                                   0x08000553   Thumb Code    72  strcpy.o(.text)
    strlen                                   0x0800059b   Thumb Code    62  strlen.o(.text)
    strncmp                                  0x080005d9   Thumb Code   150  strncmp.o(.text)
    __aeabi_memcpy                           0x0800066f   Thumb Code     0  rt_memcpy_v6.o(.text)
    __rt_memcpy                              0x0800066f   Thumb Code   138  rt_memcpy_v6.o(.text)
    _memcpy_lastbytes                        0x080006d5   Thumb Code     0  rt_memcpy_v6.o(.text)
    __aeabi_memset                           0x080006f9   Thumb Code    16  aeabi_memset.o(.text)
    __aeabi_memclr                           0x08000709   Thumb Code     0  rt_memclr.o(.text)
    __rt_memclr                              0x08000709   Thumb Code    68  rt_memclr.o(.text)
    _memset                                  0x0800070d   Thumb Code     0  rt_memclr.o(.text)
    __aeabi_memclr4                          0x0800074d   Thumb Code     0  rt_memclr_w.o(.text)
    __aeabi_memclr8                          0x0800074d   Thumb Code     0  rt_memclr_w.o(.text)
    __rt_memclr_w                            0x0800074d   Thumb Code    78  rt_memclr_w.o(.text)
    _memset_w                                0x08000751   Thumb Code     0  rt_memclr_w.o(.text)
    __use_two_region_memory                  0x0800079b   Thumb Code     2  heapauxi.o(.text)
    __rt_heap_escrow                         0x0800079d   Thumb Code     2  heapauxi.o(.text)
    __rt_heap_expand                         0x0800079f   Thumb Code     2  heapauxi.o(.text)
    __rt_heap_descriptor                     0x080007a1   Thumb Code     8  rt_heap_descriptor_intlibspace.o(.text)
    __use_no_heap                            0x080007a9   Thumb Code     2  hguard.o(.text)
    __heap$guard                             0x080007ab   Thumb Code     2  hguard.o(.text)
    _terminate_user_alloc                    0x080007ad   Thumb Code     2  init_alloc.o(.text)
    _init_user_alloc                         0x080007af   Thumb Code     2  init_alloc.o(.text)
    __Heap_Full                              0x080007b1   Thumb Code    34  init_alloc.o(.text)
    __Heap_Broken                            0x080007d3   Thumb Code     6  init_alloc.o(.text)
    _init_alloc                              0x080007d9   Thumb Code    94  init_alloc.o(.text)
    __Heap_Initialize                        0x08000837   Thumb Code    10  h1_init.o(.text)
    __Heap_DescSize                          0x08000841   Thumb Code     4  h1_init.o(.text)
    _printf_int_common                       0x08000845   Thumb Code   178  _printf_intcommon.o(.text)
    __lib_sel_fp_printf                      0x080008f7   Thumb Code     2  _printf_fp_dec.o(.text)
    _printf_fp_dec_real                      0x08000aa9   Thumb Code   620  _printf_fp_dec.o(.text)
    _printf_char_common                      0x08000d1f   Thumb Code    32  _printf_char_common.o(.text)
    _sputc                                   0x08000d45   Thumb Code    10  _sputc.o(.text)
    _printf_cs_common                        0x08000d4f   Thumb Code    20  _printf_char.o(.text)
    _printf_char                             0x08000d63   Thumb Code    16  _printf_char.o(.text)
    _printf_string                           0x08000d73   Thumb Code     8  _printf_char.o(.text)
    __aeabi_memcpy4                          0x08000d7b   Thumb Code     0  rt_memcpy_w.o(.text)
    __aeabi_memcpy8                          0x08000d7b   Thumb Code     0  rt_memcpy_w.o(.text)
    __rt_memcpy_w                            0x08000d7b   Thumb Code   100  rt_memcpy_w.o(.text)
    _memcpy_lastbytes_aligned                0x08000dc3   Thumb Code     0  rt_memcpy_w.o(.text)
    __user_libspace                          0x08000de1   Thumb Code     8  libspace.o(.text)
    __user_perproc_libspace                  0x08000de1   Thumb Code     0  libspace.o(.text)
    __user_perthread_libspace                0x08000de1   Thumb Code     0  libspace.o(.text)
    __rt_locale                              0x08000de9   Thumb Code     8  rt_locale_intlibspace.o(.text)
    __Heap_ProvideMemory                     0x08000df1   Thumb Code    52  h1_extend.o(.text)
    _ll_udiv10                               0x08000e25   Thumb Code   138  lludiv10.o(.text)
    _printf_fp_infnan                        0x08000eb1   Thumb Code   112  _printf_fp_infnan.o(.text)
    _btod_etento                             0x08000f31   Thumb Code   224  bigflt0.o(.text)
    __rt_SIGRTMEM                            0x08001015   Thumb Code    14  defsig_rtmem_outer.o(.text)
    __I$use$semihosting                      0x08001023   Thumb Code     0  use_no_semi.o(.text)
    __use_no_semihosting_swi                 0x08001023   Thumb Code     2  use_no_semi.o(.text)
    __semihosting_library_function           0x08001025   Thumb Code     0  indicate_semi.o(.text)
    __user_setup_stackheap                   0x08001025   Thumb Code    74  sys_stackheap_outer.o(.text)
    exit                                     0x0800106f   Thumb Code    18  exit.o(.text)
    __sig_exit                               0x08001081   Thumb Code    10  defsig_exit.o(.text)
    __rt_SIGRTMEM_inner                      0x0800108d   Thumb Code    22  defsig_rtmem_inner.o(.text)
    strcmp                                   0x080010dd   Thumb Code   128  strcmpv7m.o(.text)
    _sys_exit                                0x0800115d   Thumb Code     8  sys_exit.o(.text)
    __default_signal_display                 0x08001169   Thumb Code    50  defsig_general.o(.text)
    _ttywrch                                 0x0800119b   Thumb Code    14  sys_wrch.o(.text)
    _btod_d2e                                0x080011a9   Thumb Code    62  btod.o(CL$$btod_d2e)
    _d2e_denorm_low                          0x080011e7   Thumb Code    70  btod.o(CL$$btod_d2e_denorm_low)
    _d2e_norm_op1                            0x0800122d   Thumb Code    96  btod.o(CL$$btod_d2e_norm_op1)
    __btod_div_common                        0x0800128d   Thumb Code   696  btod.o(CL$$btod_div_common)
    _e2e                                     0x080015c5   Thumb Code   220  btod.o(CL$$btod_e2e)
    _btod_ediv                               0x080016a1   Thumb Code    42  btod.o(CL$$btod_ediv)
    _btod_emul                               0x080016cb   Thumb Code    42  btod.o(CL$$btod_emul)
    __btod_mult_common                       0x080016f5   Thumb Code   580  btod.o(CL$$btod_mult_common)
    ADC_GetConversionValue                   0x08001939   Thumb Code     8  stm32l1xx_adc.o(i.ADC_GetConversionValue)
    ADC_GetFlagStatus                        0x08001941   Thumb Code    18  stm32l1xx_adc.o(i.ADC_GetFlagStatus)
    AES_Decrypt                              0x08001953   Thumb Code   130  aes.o(i.AES_Decrypt)
    AES_Encrypt                              0x080019d5   Thumb Code    86  aes.o(i.AES_Encrypt)
    Adc_Init                                 0x08001a2b   Thumb Code     2  adc.o(i.Adc_Init)
    AddRoundKey                              0x08001a2d   Thumb Code    56  aes.o(i.AddRoundKey)
    Base64Decode                             0x08001a6d   Thumb Code   182  aes.o(i.Base64Decode)
    Base64Encode                             0x08001b25   Thumb Code   186  aes.o(i.Base64Encode)
    BusFault_Handler                         0x08001be5   Thumb Code     4  stm32l1xx_it.o(i.BusFault_Handler)
    Cipher                                   0x08001be9   Thumb Code   132  aes.o(i.Cipher)
    DebugMon_Handler                         0x08001c7d   Thumb Code     2  stm32l1xx_it.o(i.DebugMon_Handler)
    GPIO_Init                                0x08001cef   Thumb Code   132  stm32l1xx_gpio.o(i.GPIO_Init)
    GPIO_ReadInputDataBit                    0x08001d73   Thumb Code    18  stm32l1xx_gpio.o(i.GPIO_ReadInputDataBit)
    GPIO_ResetBits                           0x08001d85   Thumb Code     4  stm32l1xx_gpio.o(i.GPIO_ResetBits)
    GPIO_SetBits                             0x08001d89   Thumb Code     4  stm32l1xx_gpio.o(i.GPIO_SetBits)
    GPS_Analysis                             0x08001d8d   Thumb Code    16  gps.o(i.GPS_Analysis)
    GetBase64Value                           0x08001d9d   Thumb Code    78  aes.o(i.GetBase64Value)
    Get_Adc                                  0x08001ded   Thumb Code    26  adc.o(i.Get_Adc)
    Get_Adc_Average                          0x08001e0d   Thumb Code    46  adc.o(i.Get_Adc_Average)
    Gps_Msg_Show                             0x08001e3d   Thumb Code   154  main.o(i.Gps_Msg_Show)
    HardFault_Handler                        0x08001f35   Thumb Code     4  stm32l1xx_it.o(i.HardFault_Handler)
    InvCipher                                0x08001f39   Thumb Code   132  aes.o(i.InvCipher)
    InvMixColumns                            0x08001fcd   Thumb Code  2512  aes.o(i.InvMixColumns)
    InvShiftRows                             0x080029a1   Thumb Code    60  aes.o(i.InvShiftRows)
    InvSubBytes                              0x080029e1   Thumb Code    44  aes.o(i.InvSubBytes)
    KeyExpansion                             0x08002a11   Thumb Code   442  aes.o(i.KeyExpansion)
    MD5Final                                 0x08002be1   Thumb Code    84  app_md5.o(i.MD5Final)
    MD5Init                                  0x08002c39   Thumb Code    30  app_md5.o(i.MD5Init)
    MD5Update                                0x0800343d   Thumb Code   132  app_md5.o(i.MD5Update)
    MakeFile_MD5_Checksum                    0x080034c1   Thumb Code    86  app_md5.o(i.MakeFile_MD5_Checksum)
    MemManage_Handler                        0x08003521   Thumb Code     4  stm32l1xx_it.o(i.MemManage_Handler)
    MixColumns                               0x08003525   Thumb Code   222  aes.o(i.MixColumns)
    NMEA_Comma_Pos                           0x08003609   Thumb Code    50  gps.o(i.NMEA_Comma_Pos)
    NMEA_GNRMC_Analysis                      0x0800363d   Thumb Code   516  gps.o(i.NMEA_GNRMC_Analysis)
    NMEA_Pow                                 0x0800384d   Thumb Code    22  gps.o(i.NMEA_Pow)
    NMEA_Str2num                             0x08003863   Thumb Code   234  gps.o(i.NMEA_Str2num)
    NMI_Handler                              0x0800394d   Thumb Code     2  stm32l1xx_it.o(i.NMI_Handler)
    NVIC_Init                                0x08003951   Thumb Code   106  misc.o(i.NVIC_Init)
    NVIC_PriorityGroupConfig                 0x080039c9   Thumb Code    10  misc.o(i.NVIC_PriorityGroupConfig)
    PendSV_Handler                           0x080039dd   Thumb Code     2  stm32l1xx_it.o(i.PendSV_Handler)
    RCC_APB1PeriphClockCmd                   0x080039e1   Thumb Code    26  stm32l1xx_rcc.o(i.RCC_APB1PeriphClockCmd)
    RCC_APB1PeriphResetCmd                   0x08003a01   Thumb Code    26  stm32l1xx_rcc.o(i.RCC_APB1PeriphResetCmd)
    RCC_APB2PeriphClockCmd                   0x08003a21   Thumb Code    26  stm32l1xx_rcc.o(i.RCC_APB2PeriphClockCmd)
    RCC_APB2PeriphResetCmd                   0x08003a41   Thumb Code    26  stm32l1xx_rcc.o(i.RCC_APB2PeriphResetCmd)
    RCC_GetClocksFreq                        0x08003a61   Thumb Code   234  stm32l1xx_rcc.o(i.RCC_GetClocksFreq)
    SVC_Handler                              0x08003b61   Thumb Code     2  stm32l1xx_it.o(i.SVC_Handler)
    ShiftRows                                0x08003c75   Thumb Code    64  aes.o(i.ShiftRows)
    SubBytes                                 0x08003cb9   Thumb Code    44  aes.o(i.SubBytes)
    SysTick_Handler                          0x08003ce9   Thumb Code     2  stm32l1xx_it.o(i.SysTick_Handler)
    SystemInit                               0x08003ced   Thumb Code    88  system_stm32l1xx.o(i.SystemInit)
    TIM2_IRQHandler                          0x08003d55   Thumb Code    68  timer.o(i.TIM2_IRQHandler)
    TIM_ClearFlag                            0x08003da1   Thumb Code     6  stm32l1xx_tim.o(i.TIM_ClearFlag)
    TIM_ClearITPendingBit                    0x08003da7   Thumb Code     6  stm32l1xx_tim.o(i.TIM_ClearITPendingBit)
    TIM_Cmd                                  0x08003dad   Thumb Code    24  stm32l1xx_tim.o(i.TIM_Cmd)
    TIM_DeInit                               0x08003dc5   Thumb Code   220  stm32l1xx_tim.o(i.TIM_DeInit)
    TIM_GetITStatus                          0x08003ec1   Thumb Code    34  stm32l1xx_tim.o(i.TIM_GetITStatus)
    TIM_ITConfig                             0x08003ee3   Thumb Code    18  stm32l1xx_tim.o(i.TIM_ITConfig)
    TIM_SetCounter                           0x08003ef5   Thumb Code     4  stm32l1xx_tim.o(i.TIM_SetCounter)
    TIM_TimeBaseInit                         0x08003ef9   Thumb Code    76  stm32l1xx_tim.o(i.TIM_TimeBaseInit)
    USART1_IRQHandler                        0x08003f59   Thumb Code   130  usart.o(i.USART1_IRQHandler)
    USART2_IRQHandler                        0x08003ff1   Thumb Code   118  usart.o(i.USART2_IRQHandler)
    USART3_IRQHandler                        0x08004079   Thumb Code   118  usart.o(i.USART3_IRQHandler)
    USART_ClearITPendingBit                  0x08004101   Thumb Code    30  stm32l1xx_usart.o(i.USART_ClearITPendingBit)
    USART_Cmd                                0x0800411f   Thumb Code    24  stm32l1xx_usart.o(i.USART_Cmd)
    USART_GetFlagStatus                      0x08004137   Thumb Code    26  stm32l1xx_usart.o(i.USART_GetFlagStatus)
    USART_GetITStatus                        0x08004151   Thumb Code    84  stm32l1xx_usart.o(i.USART_GetITStatus)
    USART_ITConfig                           0x080041a5   Thumb Code    74  stm32l1xx_usart.o(i.USART_ITConfig)
    USART_Init                               0x080041f1   Thumb Code   198  stm32l1xx_usart.o(i.USART_Init)
    USART_OUT                                0x080042bd   Thumb Code   270  usart.o(i.USART_OUT)
    USART_ReceiveData                        0x080043d1   Thumb Code    10  stm32l1xx_usart.o(i.USART_ReceiveData)
    USART_SendData                           0x080043db   Thumb Code     8  stm32l1xx_usart.o(i.USART_SendData)
    UsageFault_Handler                       0x080043e3   Thumb Code     4  stm32l1xx_it.o(i.UsageFault_Handler)
    __ARM_fpclassify                         0x080043e7   Thumb Code    40  fpclassify.o(i.__ARM_fpclassify)
    _is_digit                                0x0800440f   Thumb Code    14  __printf_wp.o(i._is_digit)
    bsp_init                                 0x0800441d   Thumb Code    58  bsp.o(i.bsp_init)
    bsp_nvic_init                            0x08004457   Thumb Code   158  bsp.o(i.bsp_nvic_init)
    bsp_rcc_init                             0x080044f5   Thumb Code    44  bsp.o(i.bsp_rcc_init)
    button_get_value                         0x08004521   Thumb Code    50  button.o(i.button_get_value)
    ceil                                     0x08004559   Thumb Code   204  ceil.o(i.ceil)
    decrypt                                  0x08004635   Thumb Code   160  aes.o(i.decrypt)
    encrypt                                  0x080046ed   Thumb Code   166  aes.o(i.encrypt)
    getSBoxInvert                            0x080047ad   Thumb Code     8  aes.o(i.getSBoxInvert)
    getSBoxValue                             0x080047b9   Thumb Code     8  aes.o(i.getSBoxValue)
    gpio_init                                0x080047c5   Thumb Code   316  bsp.o(i.gpio_init)
    gprs_check_cmd                           0x0800490d   Thumb Code    20  gprs.o(i.gprs_check_cmd)
    gprs_config                              0x08004925   Thumb Code   758  gprs.o(i.gprs_config)
    gprs_power_on                            0x08004cf5   Thumb Code     2  gprs.o(i.gprs_power_on)
    gprs_send_at                             0x08004cf9   Thumb Code   186  gprs.o(i.gprs_send_at)
    lock_close                               0x08004dd9   Thumb Code    20  motor.o(i.lock_close)
    lock_off_status_get                      0x08004df1   Thumb Code    52  motor.o(i.lock_off_status_get)
    lock_on_status_get                       0x08004e29   Thumb Code    52  motor.o(i.lock_on_status_get)
    lock_open                                0x08004e61   Thumb Code    20  motor.o(i.lock_open)
    lock_stop                                0x08004e79   Thumb Code    20  motor.o(i.lock_stop)
    main                                     0x08004e91   Thumb Code  3052  main.o(i.main)
    timer2_init                              0x08005af9   Thumb Code    76  timer.o(i.timer2_init)
    timer_delay_1ms                          0x08005b45   Thumb Code    16  timer.o(i.timer_delay_1ms)
    timer_is_timeout_1ms                     0x08005b59   Thumb Code    32  timer.o(i.timer_is_timeout_1ms)
    usart1_init                              0x08005b7d   Thumb Code    70  usart.o(i.usart1_init)
    usart1_recv_data                         0x08005bc9   Thumb Code    46  usart.o(i.usart1_recv_data)
    usart2_init                              0x08005c09   Thumb Code    60  usart.o(i.usart2_init)
    usart2_recv_data                         0x08005c49   Thumb Code    50  usart.o(i.usart2_recv_data)
    usart3_init                              0x08005c8d   Thumb Code    60  usart.o(i.usart3_init)
    usart3_recv_data                         0x08005ccd   Thumb Code    50  usart.o(i.usart3_recv_data)
    _get_lc_numeric                          0x08005d11   Thumb Code    44  lc_numeric_c.o(locale$$code)
    __aeabi_dadd                             0x08005d3d   Thumb Code     0  daddsub_clz.o(x$fpl$dadd)
    _dadd                                    0x08005d3d   Thumb Code   332  daddsub_clz.o(x$fpl$dadd)
    __fpl_dcmp_Inf                           0x08005e8d   Thumb Code    24  dcmpi.o(x$fpl$dcmpinf)
    __aeabi_d2iz                             0x08005ea5   Thumb Code     0  dfix.o(x$fpl$dfix)
    _dfix                                    0x08005ea5   Thumb Code    94  dfix.o(x$fpl$dfix)
    __aeabi_i2d                              0x08005f03   Thumb Code     0  dflt_clz.o(x$fpl$dflt)
    _dflt                                    0x08005f03   Thumb Code    46  dflt_clz.o(x$fpl$dflt)
    __aeabi_cdcmple                          0x08005f31   Thumb Code     0  dleqf.o(x$fpl$dleqf)
    _dcmple                                  0x08005f31   Thumb Code   120  dleqf.o(x$fpl$dleqf)
    __fpl_dcmple_InfNaN                      0x08005f93   Thumb Code     0  dleqf.o(x$fpl$dleqf)
    __fpl_dnaninf                            0x08005fa9   Thumb Code   156  dnaninf.o(x$fpl$dnaninf)
    __fpl_dretinf                            0x08006045   Thumb Code    12  dretinf.o(x$fpl$dretinf)
    __aeabi_cdrcmple                         0x08006051   Thumb Code     0  drleqf.o(x$fpl$drleqf)
    _drcmple                                 0x08006051   Thumb Code   108  drleqf.o(x$fpl$drleqf)
    __aeabi_drsub                            0x080060bd   Thumb Code     0  daddsub_clz.o(x$fpl$drsb)
    _drsb                                    0x080060bd   Thumb Code    22  daddsub_clz.o(x$fpl$drsb)
    __aeabi_dsub                             0x080060d5   Thumb Code     0  daddsub_clz.o(x$fpl$dsub)
    _dsub                                    0x080060d5   Thumb Code   464  daddsub_clz.o(x$fpl$dsub)
    __aeabi_f2d                              0x080062a9   Thumb Code     0  f2d.o(x$fpl$f2d)
    _f2d                                     0x080062a9   Thumb Code    86  f2d.o(x$fpl$f2d)
    __aeabi_fadd                             0x08006301   Thumb Code     0  faddsub_clz.o(x$fpl$fadd)
    _fadd                                    0x08006301   Thumb Code   196  faddsub_clz.o(x$fpl$fadd)
    __aeabi_fdiv                             0x080063c5   Thumb Code     0  fdiv.o(x$fpl$fdiv)
    _fdiv                                    0x080063c5   Thumb Code   384  fdiv.o(x$fpl$fdiv)
    __aeabi_f2uiz                            0x08006549   Thumb Code     0  ffixu.o(x$fpl$ffixu)
    _ffixu                                   0x08006549   Thumb Code    62  ffixu.o(x$fpl$ffixu)
    __aeabi_i2f                              0x08006589   Thumb Code     0  fflt_clz.o(x$fpl$fflt)
    _fflt                                    0x08006589   Thumb Code    48  fflt_clz.o(x$fpl$fflt)
    __aeabi_ui2f                             0x080065b9   Thumb Code     0  fflt_clz.o(x$fpl$ffltu)
    _ffltu                                   0x080065b9   Thumb Code    38  fflt_clz.o(x$fpl$ffltu)
    __aeabi_fmul                             0x080065e1   Thumb Code     0  fmul.o(x$fpl$fmul)
    _fmul                                    0x080065e1   Thumb Code   258  fmul.o(x$fpl$fmul)
    __fpl_fnaninf                            0x080066e3   Thumb Code   140  fnaninf.o(x$fpl$fnaninf)
    __fpl_fretinf                            0x0800676f   Thumb Code    10  fretinf.o(x$fpl$fretinf)
    __aeabi_fsub                             0x08006779   Thumb Code     0  faddsub_clz.o(x$fpl$fsub)
    _fsub                                    0x08006779   Thumb Code   234  faddsub_clz.o(x$fpl$fsub)
    _printf_fp_dec                           0x08006863   Thumb Code     4  printf1.o(x$fpl$printf1)
    __I$use$fp                               0x08006866   Number         0  usenofp.o(x$fpl$usenofp)
    rsbox                                    0x08006866   Data         256  aes.o(.constdata)
    sbox                                     0x08006966   Data         256  aes.o(.constdata)
    Rcon                                     0x08006a66   Data         255  aes.o(.constdata)
    Region$$Table$$Base                      0x08006bfc   Number         0  anon$$obj.o(Region$$Table)
    Region$$Table$$Limit                     0x08006c1c   Number         0  anon$$obj.o(Region$$Table)
    bell_flag                                0x20000000   Data           1  main.o(.data)
    Shaking                                  0x20000001   Data           1  main.o(.data)
    Shaking_Alarm_Flag                       0x20000002   Data           1  main.o(.data)
    Bat_V                                    0x20000004   Data           2  main.o(.data)
    Bat_Pre                                  0x20000006   Data           2  main.o(.data)
    Bat_Pre_Flag                             0x20000008   Data           1  main.o(.data)
    p1                                       0x2000000c   Data           4  main.o(.data)
    p2                                       0x20000010   Data           4  main.o(.data)
    lock_open_err_flag                       0x20000014   Data           1  main.o(.data)
    lock_close_err_flag                      0x20000015   Data           1  main.o(.data)
    Lock_Open                                0x20000016   Data           1  main.o(.data)
    Lock_Open_On                             0x20000017   Data           1  main.o(.data)
    Lock_Open_Off                            0x20000018   Data           1  main.o(.data)
    Lock_Close                               0x20000019   Data           1  main.o(.data)
    Lock_Close_On                            0x2000001a   Data           1  main.o(.data)
    Lock_Close_Off                           0x2000001b   Data           1  main.o(.data)
    lock_open_success_flag                   0x2000001c   Data           1  main.o(.data)
    flag                                     0x2000001d   Data           1  main.o(.data)
    second_flag                              0x2000001e   Data           1  main.o(.data)
    LOCK_ON_flag                             0x2000001f   Data           1  main.o(.data)
    LOCK_OFF_flag                            0x20000020   Data           1  main.o(.data)
    gps_flag                                 0x20000021   Data           1  main.o(.data)
    gps_err_cnt                              0x20000022   Data           1  main.o(.data)
    heartbeat_buff                           0x20000023   Data           2  main.o(.data)
    gprs_err_cnt                             0x20000026   Data           1  gprs.o(.data)
    gprs_status                              0x20000027   Data           1  gprs.o(.data)
    gprs_rx_cnt                              0x20000028   Data           2  gprs.o(.data)
    gprs_send_at_flag                        0x2000002a   Data           1  gprs.o(.data)
    gprs_rx_flag                             0x2000002b   Data           1  gprs.o(.data)
    topic_id                                 0x2000002c   Data           1  gprs.o(.data)
    g_timeout_cnt                            0x20000030   Data           4  timer.o(.data)
    usart1_rx_buff                           0x20000034   Data           4  usart.o(.data)
    usart2_rx_buff                           0x20000038   Data           4  usart.o(.data)
    usart3_rx_buff                           0x2000003c   Data           4  usart.o(.data)
    usart1_cnt                               0x20000040   Data           2  usart.o(.data)
    usart2_cnt                               0x20000042   Data           2  usart.o(.data)
    usart3_cnt                               0x20000044   Data           2  usart.o(.data)
    usart1_rx_status                         0x20000046   Data           1  usart.o(.data)
    usart2_rx_status                         0x20000047   Data           1  usart.o(.data)
    usart3_rx_status                         0x20000048   Data           1  usart.o(.data)
    usart4_rx_status                         0x20000049   Data           1  usart.o(.data)
    usart5_rx_status                         0x2000004a   Data           1  usart.o(.data)
    bcd2ascii                                0x2000004b   Data          16  app_md5.o(.data)
    Nr                                       0x2000009c   Data           4  aes.o(.data)
    Nk                                       0x200000a0   Data           4  aes.o(.data)
    Nc                                       0x200000a4   Data           4  aes.o(.data)
    receiveText                              0x20000104   Data          24  main.o(.bss)
    expressText                              0x2000011c   Data         512  main.o(.bss)
    cipherText                               0x2000031c   Data         512  main.o(.bss)
    aesKey                                   0x2000051c   Data          16  main.o(.bss)
    gpsx                                     0x2000052c   Data         166  main.o(.bss)
    longitudedtbuf                           0x200005d2   Data          30  main.o(.bss)
    latitudedtbuf                            0x200005f0   Data          30  main.o(.bss)
    dtbuf                                    0x2000060e   Data          50  main.o(.bss)
    lockbuf                                  0x20000640   Data          16  main.o(.bss)
    lockbuff                                 0x20000650   Data          16  main.o(.bss)
    send_buff                                0x20000660   Data         100  main.o(.bss)
    protocol_buff                            0x200006c4   Data         512  main.o(.bss)
    gps_buff                                 0x200008c4   Data         512  main.o(.bss)
    tmp                                      0x20000ac4   Data          20  main.o(.bss)
    gprs_rx_buf                              0x20000ad8   Data         512  gprs.o(.bss)
    PARK_LOCK_Buffer                         0x20000cd8   Data          17  gprs.o(.bss)
    g_timer_cnt                              0x20000cec   Data          60  timer.o(.bss)
    usart1_buff                              0x20000f2a   Data         512  usart.o(.bss)
    usart2_buff                              0x2000112a   Data         512  usart.o(.bss)
    usart3_buff                              0x2000132a   Data         512  usart.o(.bss)
    in                                       0x2000152a   Data          16  aes.o(.bss)
    out                                      0x2000153a   Data          32  aes.o(.bss)
    state                                    0x2000155a   Data          16  aes.o(.bss)
    RoundKey                                 0x2000156a   Data         300  aes.o(.bss)
    Key                                      0x20001696   Data          32  aes.o(.bss)
    __libspace_start                         0x200016b8   Data          96  libspace.o(.bss)
    __temporary_stack_top$libspace           0x20001718   Data           0  libspace.o(.bss)



==============================================================================

Memory Map of the image

  Image Entry point : 0x08000125

  Load Region LR_IROM1 (Base: 0x08000000, Size: 0x00006d3c, Max: 0x00040000, ABSOLUTE)

    Execution Region ER_IROM1 (Exec base: 0x08000000, Load base: 0x08000000, Size: 0x00006c38, Max: 0x00040000, ABSOLUTE)

    Exec Addr    Load Addr    Size         Type   Attr      Idx    E Section Name        Object

    0x08000000   0x08000000   0x00000124   Data   RO         4703    RESET               startup_stm32l1xx_hd.o
    0x08000124   0x08000124   0x00000008   Code   RO         4827  * !!!main             c_w.l(__main.o)
    0x0800012c   0x0800012c   0x00000034   Code   RO         5147    !!!scatter          c_w.l(__scatter.o)
    0x08000160   0x08000160   0x0000001a   Code   RO         5149    !!handler_copy      c_w.l(__scatter_copy.o)
    0x0800017a   0x0800017a   0x00000002   PAD
    0x0800017c   0x0800017c   0x0000001c   Code   RO         5151    !!handler_zi        c_w.l(__scatter_zi.o)
    0x08000198   0x08000198   0x00000000   Code   RO         4808    .ARM.Collect$$_printf_percent$$00000000  c_w.l(_printf_percent.o)
    0x08000198   0x08000198   0x00000006   Code   RO         4807    .ARM.Collect$$_printf_percent$$00000003  c_w.l(_printf_f.o)
    0x0800019e   0x0800019e   0x00000006   Code   RO         4806    .ARM.Collect$$_printf_percent$$00000009  c_w.l(_printf_d.o)
    0x080001a4   0x080001a4   0x00000006   Code   RO         4804    .ARM.Collect$$_printf_percent$$00000013  c_w.l(_printf_c.o)
    0x080001aa   0x080001aa   0x00000006   Code   RO         4805    .ARM.Collect$$_printf_percent$$00000014  c_w.l(_printf_s.o)
    0x080001b0   0x080001b0   0x00000004   Code   RO         4907    .ARM.Collect$$_printf_percent$$00000017  c_w.l(_printf_percent_end.o)
    0x080001b4   0x080001b4   0x00000002   Code   RO         5084    .ARM.Collect$$libinit$$00000000  c_w.l(libinit.o)
    0x080001b6   0x080001b6   0x00000000   Code   RO         4913    .ARM.Collect$$libinit$$00000002  c_w.l(libinit2.o)
    0x080001b6   0x080001b6   0x00000000   Code   RO         4915    .ARM.Collect$$libinit$$00000004  c_w.l(libinit2.o)
    0x080001b6   0x080001b6   0x00000008   Code   RO         4916    .ARM.Collect$$libinit$$00000005  c_w.l(libinit2.o)
    0x080001be   0x080001be   0x00000000   Code   RO         4918    .ARM.Collect$$libinit$$0000000A  c_w.l(libinit2.o)
    0x080001be   0x080001be   0x00000000   Code   RO         4920    .ARM.Collect$$libinit$$0000000C  c_w.l(libinit2.o)
    0x080001be   0x080001be   0x00000000   Code   RO         4922    .ARM.Collect$$libinit$$0000000E  c_w.l(libinit2.o)
    0x080001be   0x080001be   0x00000006   Code   RO         4923    .ARM.Collect$$libinit$$0000000F  c_w.l(libinit2.o)
    0x080001c4   0x080001c4   0x00000000   Code   RO         4925    .ARM.Collect$$libinit$$00000011  c_w.l(libinit2.o)
    0x080001c4   0x080001c4   0x00000000   Code   RO         4927    .ARM.Collect$$libinit$$00000013  c_w.l(libinit2.o)
    0x080001c4   0x080001c4   0x00000000   Code   RO         4929    .ARM.Collect$$libinit$$00000015  c_w.l(libinit2.o)
    0x080001c4   0x080001c4   0x0000000a   Code   RO         4930    .ARM.Collect$$libinit$$00000016  c_w.l(libinit2.o)
    0x080001ce   0x080001ce   0x00000000   Code   RO         4931    .ARM.Collect$$libinit$$00000017  c_w.l(libinit2.o)
    0x080001ce   0x080001ce   0x00000000   Code   RO         4933    .ARM.Collect$$libinit$$00000019  c_w.l(libinit2.o)
    0x080001ce   0x080001ce   0x00000000   Code   RO         4935    .ARM.Collect$$libinit$$0000001B  c_w.l(libinit2.o)
    0x080001ce   0x080001ce   0x00000000   Code   RO         4937    .ARM.Collect$$libinit$$0000001D  c_w.l(libinit2.o)
    0x080001ce   0x080001ce   0x00000000   Code   RO         4939    .ARM.Collect$$libinit$$0000001F  c_w.l(libinit2.o)
    0x080001ce   0x080001ce   0x00000000   Code   RO         4941    .ARM.Collect$$libinit$$00000021  c_w.l(libinit2.o)
    0x080001ce   0x080001ce   0x00000000   Code   RO         4943    .ARM.Collect$$libinit$$00000023  c_w.l(libinit2.o)
    0x080001ce   0x080001ce   0x00000000   Code   RO         4945    .ARM.Collect$$libinit$$00000025  c_w.l(libinit2.o)
    0x080001ce   0x080001ce   0x00000000   Code   RO         4949    .ARM.Collect$$libinit$$0000002C  c_w.l(libinit2.o)
    0x080001ce   0x080001ce   0x00000000   Code   RO         4951    .ARM.Collect$$libinit$$0000002E  c_w.l(libinit2.o)
    0x080001ce   0x080001ce   0x00000000   Code   RO         4953    .ARM.Collect$$libinit$$00000030  c_w.l(libinit2.o)
    0x080001ce   0x080001ce   0x00000000   Code   RO         4955    .ARM.Collect$$libinit$$00000032  c_w.l(libinit2.o)
    0x080001ce   0x080001ce   0x00000002   Code   RO         4956    .ARM.Collect$$libinit$$00000033  c_w.l(libinit2.o)
    0x080001d0   0x080001d0   0x00000002   Code   RO         5144    .ARM.Collect$$libshutdown$$00000000  c_w.l(libshutdown.o)
    0x080001d2   0x080001d2   0x00000000   Code   RO         5100    .ARM.Collect$$libshutdown$$00000002  c_w.l(libshutdown2.o)
    0x080001d2   0x080001d2   0x00000000   Code   RO         5102    .ARM.Collect$$libshutdown$$00000004  c_w.l(libshutdown2.o)
    0x080001d2   0x080001d2   0x00000000   Code   RO         5105    .ARM.Collect$$libshutdown$$00000007  c_w.l(libshutdown2.o)
    0x080001d2   0x080001d2   0x00000000   Code   RO         5108    .ARM.Collect$$libshutdown$$0000000A  c_w.l(libshutdown2.o)
    0x080001d2   0x080001d2   0x00000000   Code   RO         5110    .ARM.Collect$$libshutdown$$0000000C  c_w.l(libshutdown2.o)
    0x080001d2   0x080001d2   0x00000000   Code   RO         5113    .ARM.Collect$$libshutdown$$0000000F  c_w.l(libshutdown2.o)
    0x080001d2   0x080001d2   0x00000002   Code   RO         5114    .ARM.Collect$$libshutdown$$00000010  c_w.l(libshutdown2.o)
    0x080001d4   0x080001d4   0x00000000   Code   RO         4871    .ARM.Collect$$rtentry$$00000000  c_w.l(__rtentry.o)
    0x080001d4   0x080001d4   0x00000000   Code   RO         4980    .ARM.Collect$$rtentry$$00000002  c_w.l(__rtentry2.o)
    0x080001d4   0x080001d4   0x00000006   Code   RO         4992    .ARM.Collect$$rtentry$$00000004  c_w.l(__rtentry4.o)
    0x080001da   0x080001da   0x00000000   Code   RO         4982    .ARM.Collect$$rtentry$$00000009  c_w.l(__rtentry2.o)
    0x080001da   0x080001da   0x00000004   Code   RO         4983    .ARM.Collect$$rtentry$$0000000A  c_w.l(__rtentry2.o)
    0x080001de   0x080001de   0x00000000   Code   RO         4985    .ARM.Collect$$rtentry$$0000000C  c_w.l(__rtentry2.o)
    0x080001de   0x080001de   0x00000008   Code   RO         4986    .ARM.Collect$$rtentry$$0000000D  c_w.l(__rtentry2.o)
    0x080001e6   0x080001e6   0x00000002   Code   RO         5089    .ARM.Collect$$rtexit$$00000000  c_w.l(rtexit.o)
    0x080001e8   0x080001e8   0x00000000   Code   RO         5118    .ARM.Collect$$rtexit$$00000002  c_w.l(rtexit2.o)
    0x080001e8   0x080001e8   0x00000004   Code   RO         5119    .ARM.Collect$$rtexit$$00000003  c_w.l(rtexit2.o)
    0x080001ec   0x080001ec   0x00000006   Code   RO         5120    .ARM.Collect$$rtexit$$00000004  c_w.l(rtexit2.o)
    0x080001f2   0x080001f2   0x00000002   PAD
    0x080001f4   0x080001f4   0x00000000   Code   RO         5001    .emb_text           c_w.l(maybetermalloc1.o)
    0x080001f4   0x080001f4   0x00000040   Code   RO         4704    .text               startup_stm32l1xx_hd.o
    0x08000234   0x08000234   0x0000005e   Code   RO         4714    .text               c_w.l(h1_alloc.o)
    0x08000292   0x08000292   0x0000004e   Code   RO         4716    .text               c_w.l(h1_free.o)
    0x080002e0   0x080002e0   0x00000028   Code   RO         4774    .text               c_w.l(noretval__2sprintf.o)
    0x08000308   0x08000308   0x0000004e   Code   RO         4778    .text               c_w.l(_printf_pad.o)
    0x08000356   0x08000356   0x00000052   Code   RO         4780    .text               c_w.l(_printf_str.o)
    0x080003a8   0x080003a8   0x00000078   Code   RO         4782    .text               c_w.l(_printf_dec.o)
    0x08000420   0x08000420   0x0000010e   Code   RO         4792    .text               c_w.l(__printf_wp.o)
    0x0800052e   0x0800052e   0x00000024   Code   RO         4809    .text               c_w.l(strstr.o)
    0x08000552   0x08000552   0x00000048   Code   RO         4811    .text               c_w.l(strcpy.o)
    0x0800059a   0x0800059a   0x0000003e   Code   RO         4813    .text               c_w.l(strlen.o)
    0x080005d8   0x080005d8   0x00000096   Code   RO         4815    .text               c_w.l(strncmp.o)
    0x0800066e   0x0800066e   0x0000008a   Code   RO         4817    .text               c_w.l(rt_memcpy_v6.o)
    0x080006f8   0x080006f8   0x00000010   Code   RO         4819    .text               c_w.l(aeabi_memset.o)
    0x08000708   0x08000708   0x00000044   Code   RO         4821    .text               c_w.l(rt_memclr.o)
    0x0800074c   0x0800074c   0x0000004e   Code   RO         4823    .text               c_w.l(rt_memclr_w.o)
    0x0800079a   0x0800079a   0x00000006   Code   RO         4825    .text               c_w.l(heapauxi.o)
    0x080007a0   0x080007a0   0x00000008   Code   RO         4875    .text               c_w.l(rt_heap_descriptor_intlibspace.o)
    0x080007a8   0x080007a8   0x00000004   Code   RO         4877    .text               c_w.l(hguard.o)
    0x080007ac   0x080007ac   0x0000008a   Code   RO         4879    .text               c_w.l(init_alloc.o)
    0x08000836   0x08000836   0x0000000e   Code   RO         4883    .text               c_w.l(h1_init.o)
    0x08000844   0x08000844   0x000000b2   Code   RO         4897    .text               c_w.l(_printf_intcommon.o)
    0x080008f6   0x080008f6   0x0000041e   Code   RO         4899    .text               c_w.l(_printf_fp_dec.o)
    0x08000d14   0x08000d14   0x00000030   Code   RO         4901    .text               c_w.l(_printf_char_common.o)
    0x08000d44   0x08000d44   0x0000000a   Code   RO         4903    .text               c_w.l(_sputc.o)
    0x08000d4e   0x08000d4e   0x0000002c   Code   RO         4905    .text               c_w.l(_printf_char.o)
    0x08000d7a   0x08000d7a   0x00000064   Code   RO         4908    .text               c_w.l(rt_memcpy_w.o)
    0x08000dde   0x08000dde   0x00000002   PAD
    0x08000de0   0x08000de0   0x00000008   Code   RO         4976    .text               c_w.l(libspace.o)
    0x08000de8   0x08000de8   0x00000008   Code   RO         4997    .text               c_w.l(rt_locale_intlibspace.o)
    0x08000df0   0x08000df0   0x00000034   Code   RO         5003    .text               c_w.l(h1_extend.o)
    0x08000e24   0x08000e24   0x0000008a   Code   RO         5007    .text               c_w.l(lludiv10.o)
    0x08000eae   0x08000eae   0x00000002   PAD
    0x08000eb0   0x08000eb0   0x00000080   Code   RO         5009    .text               c_w.l(_printf_fp_infnan.o)
    0x08000f30   0x08000f30   0x000000e4   Code   RO         5013    .text               c_w.l(bigflt0.o)
    0x08001014   0x08001014   0x0000000e   Code   RO         5041    .text               c_w.l(defsig_rtmem_outer.o)
    0x08001022   0x08001022   0x00000002   Code   RO         5058    .text               c_w.l(use_no_semi.o)
    0x08001024   0x08001024   0x00000000   Code   RO         5060    .text               c_w.l(indicate_semi.o)
    0x08001024   0x08001024   0x0000004a   Code   RO         5061    .text               c_w.l(sys_stackheap_outer.o)
    0x0800106e   0x0800106e   0x00000012   Code   RO         5067    .text               c_w.l(exit.o)
    0x08001080   0x08001080   0x0000000a   Code   RO         5069    .text               c_w.l(defsig_exit.o)
    0x0800108a   0x0800108a   0x00000002   PAD
    0x0800108c   0x0800108c   0x00000050   Code   RO         5071    .text               c_w.l(defsig_rtmem_inner.o)
    0x080010dc   0x080010dc   0x00000080   Code   RO         5073    .text               c_w.l(strcmpv7m.o)
    0x0800115c   0x0800115c   0x0000000c   Code   RO         5087    .text               c_w.l(sys_exit.o)
    0x08001168   0x08001168   0x00000032   Code   RO         5097    .text               c_w.l(defsig_general.o)
    0x0800119a   0x0800119a   0x0000000e   Code   RO         5115    .text               c_w.l(sys_wrch.o)
    0x080011a8   0x080011a8   0x0000003e   Code   RO         5016    CL$$btod_d2e        c_w.l(btod.o)
    0x080011e6   0x080011e6   0x00000046   Code   RO         5018    CL$$btod_d2e_denorm_low  c_w.l(btod.o)
    0x0800122c   0x0800122c   0x00000060   Code   RO         5017    CL$$btod_d2e_norm_op1  c_w.l(btod.o)
    0x0800128c   0x0800128c   0x00000338   Code   RO         5026    CL$$btod_div_common  c_w.l(btod.o)
    0x080015c4   0x080015c4   0x000000dc   Code   RO         5023    CL$$btod_e2e        c_w.l(btod.o)
    0x080016a0   0x080016a0   0x0000002a   Code   RO         5020    CL$$btod_ediv       c_w.l(btod.o)
    0x080016ca   0x080016ca   0x0000002a   Code   RO         5019    CL$$btod_emul       c_w.l(btod.o)
    0x080016f4   0x080016f4   0x00000244   Code   RO         5025    CL$$btod_mult_common  c_w.l(btod.o)
    0x08001938   0x08001938   0x00000008   Code   RO         1071    i.ADC_GetConversionValue  stm32l1xx_adc.o
    0x08001940   0x08001940   0x00000012   Code   RO         1072    i.ADC_GetFlagStatus  stm32l1xx_adc.o
    0x08001952   0x08001952   0x00000082   Code   RO          858    i.AES_Decrypt       aes.o
    0x080019d4   0x080019d4   0x00000056   Code   RO          859    i.AES_Encrypt       aes.o
    0x08001a2a   0x08001a2a   0x00000002   Code   RO          283    i.Adc_Init          adc.o
    0x08001a2c   0x08001a2c   0x00000040   Code   RO          860    i.AddRoundKey       aes.o
    0x08001a6c   0x08001a6c   0x000000b6   Code   RO          861    i.Base64Decode      aes.o
    0x08001b22   0x08001b22   0x00000002   PAD
    0x08001b24   0x08001b24   0x000000c0   Code   RO          862    i.Base64Encode      aes.o
    0x08001be4   0x08001be4   0x00000004   Code   RO          172    i.BusFault_Handler  stm32l1xx_it.o
    0x08001be8   0x08001be8   0x00000094   Code   RO          863    i.Cipher            aes.o
    0x08001c7c   0x08001c7c   0x00000002   Code   RO          173    i.DebugMon_Handler  stm32l1xx_it.o
    0x08001c7e   0x08001c7e   0x00000032   Code   RO          793    i.Decode            app_md5.o
    0x08001cb0   0x08001cb0   0x0000003e   Code   RO          794    i.Encode            app_md5.o
    0x08001cee   0x08001cee   0x00000084   Code   RO         2268    i.GPIO_Init         stm32l1xx_gpio.o
    0x08001d72   0x08001d72   0x00000012   Code   RO         2272    i.GPIO_ReadInputDataBit  stm32l1xx_gpio.o
    0x08001d84   0x08001d84   0x00000004   Code   RO         2275    i.GPIO_ResetBits    stm32l1xx_gpio.o
    0x08001d88   0x08001d88   0x00000004   Code   RO         2276    i.GPIO_SetBits      stm32l1xx_gpio.o
    0x08001d8c   0x08001d8c   0x00000010   Code   RO          414    i.GPS_Analysis      gps.o
    0x08001d9c   0x08001d9c   0x0000004e   Code   RO          864    i.GetBase64Value    aes.o
    0x08001dea   0x08001dea   0x00000002   PAD
    0x08001dec   0x08001dec   0x00000020   Code   RO          284    i.Get_Adc           adc.o
    0x08001e0c   0x08001e0c   0x0000002e   Code   RO          285    i.Get_Adc_Average   adc.o
    0x08001e3a   0x08001e3a   0x00000002   PAD
    0x08001e3c   0x08001e3c   0x000000f8   Code   RO            3    i.Gps_Msg_Show      main.o
    0x08001f34   0x08001f34   0x00000004   Code   RO          174    i.HardFault_Handler  stm32l1xx_it.o
    0x08001f38   0x08001f38   0x00000094   Code   RO          865    i.InvCipher         aes.o
    0x08001fcc   0x08001fcc   0x000009d4   Code   RO          866    i.InvMixColumns     aes.o
    0x080029a0   0x080029a0   0x00000040   Code   RO          867    i.InvShiftRows      aes.o
    0x080029e0   0x080029e0   0x00000030   Code   RO          868    i.InvSubBytes       aes.o
    0x08002a10   0x08002a10   0x000001d0   Code   RO          869    i.KeyExpansion      aes.o
    0x08002be0   0x08002be0   0x00000058   Code   RO          795    i.MD5Final          app_md5.o
    0x08002c38   0x08002c38   0x00000028   Code   RO          796    i.MD5Init           app_md5.o
    0x08002c60   0x08002c60   0x000007dc   Code   RO          797    i.MD5Transform      app_md5.o
    0x0800343c   0x0800343c   0x00000084   Code   RO          798    i.MD5Update         app_md5.o
    0x080034c0   0x080034c0   0x00000060   Code   RO          799    i.MakeFile_MD5_Checksum  app_md5.o
    0x08003520   0x08003520   0x00000004   Code   RO          175    i.MemManage_Handler  stm32l1xx_it.o
    0x08003524   0x08003524   0x000000e4   Code   RO          870    i.MixColumns        aes.o
    0x08003608   0x08003608   0x00000032   Code   RO          416    i.NMEA_Comma_Pos    gps.o
    0x0800363a   0x0800363a   0x00000002   PAD
    0x0800363c   0x0800363c   0x00000210   Code   RO          419    i.NMEA_GNRMC_Analysis  gps.o
    0x0800384c   0x0800384c   0x00000016   Code   RO          422    i.NMEA_Pow          gps.o
    0x08003862   0x08003862   0x000000ea   Code   RO          423    i.NMEA_Str2num      gps.o
    0x0800394c   0x0800394c   0x00000002   Code   RO          176    i.NMI_Handler       stm32l1xx_it.o
    0x0800394e   0x0800394e   0x00000002   PAD
    0x08003950   0x08003950   0x00000078   Code   RO         1007    i.NVIC_Init         misc.o
    0x080039c8   0x080039c8   0x00000014   Code   RO         1008    i.NVIC_PriorityGroupConfig  misc.o
    0x080039dc   0x080039dc   0x00000002   Code   RO          177    i.PendSV_Handler    stm32l1xx_it.o
    0x080039de   0x080039de   0x00000002   PAD
    0x080039e0   0x080039e0   0x00000020   Code   RO         2918    i.RCC_APB1PeriphClockCmd  stm32l1xx_rcc.o
    0x08003a00   0x08003a00   0x00000020   Code   RO         2920    i.RCC_APB1PeriphResetCmd  stm32l1xx_rcc.o
    0x08003a20   0x08003a20   0x00000020   Code   RO         2921    i.RCC_APB2PeriphClockCmd  stm32l1xx_rcc.o
    0x08003a40   0x08003a40   0x00000020   Code   RO         2923    i.RCC_APB2PeriphResetCmd  stm32l1xx_rcc.o
    0x08003a60   0x08003a60   0x00000100   Code   RO         2930    i.RCC_GetClocksFreq  stm32l1xx_rcc.o
    0x08003b60   0x08003b60   0x00000002   Code   RO          178    i.SVC_Handler       stm32l1xx_it.o
    0x08003b62   0x08003b62   0x00000002   PAD
    0x08003b64   0x08003b64   0x00000110   Code   RO          246    i.SetSysClock       system_stm32l1xx.o
    0x08003c74   0x08003c74   0x00000044   Code   RO          871    i.ShiftRows         aes.o
    0x08003cb8   0x08003cb8   0x00000030   Code   RO          872    i.SubBytes          aes.o
    0x08003ce8   0x08003ce8   0x00000002   Code   RO          179    i.SysTick_Handler   stm32l1xx_it.o
    0x08003cea   0x08003cea   0x00000002   PAD
    0x08003cec   0x08003cec   0x00000068   Code   RO          248    i.SystemInit        system_stm32l1xx.o
    0x08003d54   0x08003d54   0x0000004c   Code   RO          596    i.TIM2_IRQHandler   timer.o
    0x08003da0   0x08003da0   0x00000006   Code   RO         3945    i.TIM_ClearFlag     stm32l1xx_tim.o
    0x08003da6   0x08003da6   0x00000006   Code   RO         3946    i.TIM_ClearITPendingBit  stm32l1xx_tim.o
    0x08003dac   0x08003dac   0x00000018   Code   RO         3951    i.TIM_Cmd           stm32l1xx_tim.o
    0x08003dc4   0x08003dc4   0x000000fc   Code   RO         3955    i.TIM_DeInit        stm32l1xx_tim.o
    0x08003ec0   0x08003ec0   0x00000022   Code   RO         3971    i.TIM_GetITStatus   stm32l1xx_tim.o
    0x08003ee2   0x08003ee2   0x00000012   Code   RO         3975    i.TIM_ITConfig      stm32l1xx_tim.o
    0x08003ef4   0x08003ef4   0x00000004   Code   RO         4013    i.TIM_SetCounter    stm32l1xx_tim.o
    0x08003ef8   0x08003ef8   0x00000060   Code   RO         4019    i.TIM_TimeBaseInit  stm32l1xx_tim.o
    0x08003f58   0x08003f58   0x00000098   Code   RO          641    i.USART1_IRQHandler  usart.o
    0x08003ff0   0x08003ff0   0x00000088   Code   RO          642    i.USART2_IRQHandler  usart.o
    0x08004078   0x08004078   0x00000088   Code   RO          643    i.USART3_IRQHandler  usart.o
    0x08004100   0x08004100   0x0000001e   Code   RO         4454    i.USART_ClearITPendingBit  stm32l1xx_usart.o
    0x0800411e   0x0800411e   0x00000018   Code   RO         4457    i.USART_Cmd         stm32l1xx_usart.o
    0x08004136   0x08004136   0x0000001a   Code   RO         4460    i.USART_GetFlagStatus  stm32l1xx_usart.o
    0x08004150   0x08004150   0x00000054   Code   RO         4461    i.USART_GetITStatus  stm32l1xx_usart.o
    0x080041a4   0x080041a4   0x0000004a   Code   RO         4463    i.USART_ITConfig    stm32l1xx_usart.o
    0x080041ee   0x080041ee   0x00000002   PAD
    0x080041f0   0x080041f0   0x000000cc   Code   RO         4464    i.USART_Init        stm32l1xx_usart.o
    0x080042bc   0x080042bc   0x00000114   Code   RO          644    i.USART_OUT         usart.o
    0x080043d0   0x080043d0   0x0000000a   Code   RO         4471    i.USART_ReceiveData  stm32l1xx_usart.o
    0x080043da   0x080043da   0x00000008   Code   RO         4474    i.USART_SendData    stm32l1xx_usart.o
    0x080043e2   0x080043e2   0x00000004   Code   RO          180    i.UsageFault_Handler  stm32l1xx_it.o
    0x080043e6   0x080043e6   0x00000028   Code   RO         5056    i.__ARM_fpclassify  m_ws.l(fpclassify.o)
    0x0800440e   0x0800440e   0x0000000e   Code   RO         4794    i._is_digit         c_w.l(__printf_wp.o)
    0x0800441c   0x0800441c   0x0000003a   Code   RO          739    i.bsp_init          bsp.o
    0x08004456   0x08004456   0x0000009e   Code   RO          740    i.bsp_nvic_init     bsp.o
    0x080044f4   0x080044f4   0x0000002c   Code   RO          741    i.bsp_rcc_init      bsp.o
    0x08004520   0x08004520   0x00000038   Code   RO          316    i.button_get_value  button.o
    0x08004558   0x08004558   0x000000dc   Code   RO         4866    i.ceil              m_ws.l(ceil.o)
    0x08004634   0x08004634   0x000000b8   Code   RO          873    i.decrypt           aes.o
    0x080046ec   0x080046ec   0x000000c0   Code   RO          874    i.encrypt           aes.o
    0x080047ac   0x080047ac   0x0000000c   Code   RO          875    i.getSBoxInvert     aes.o
    0x080047b8   0x080047b8   0x0000000c   Code   RO          876    i.getSBoxValue      aes.o
    0x080047c4   0x080047c4   0x00000148   Code   RO          742    i.gpio_init         bsp.o
    0x0800490c   0x0800490c   0x00000018   Code   RO          359    i.gprs_check_cmd    gprs.o
    0x08004924   0x08004924   0x000003d0   Code   RO          360    i.gprs_config       gprs.o
    0x08004cf4   0x08004cf4   0x00000002   Code   RO          362    i.gprs_power_on     gprs.o
    0x08004cf6   0x08004cf6   0x00000002   PAD
    0x08004cf8   0x08004cf8   0x000000e0   Code   RO          363    i.gprs_send_at      gprs.o
    0x08004dd8   0x08004dd8   0x00000018   Code   RO          508    i.lock_close        motor.o
    0x08004df0   0x08004df0   0x00000038   Code   RO          509    i.lock_off_status_get  motor.o
    0x08004e28   0x08004e28   0x00000038   Code   RO          510    i.lock_on_status_get  motor.o
    0x08004e60   0x08004e60   0x00000018   Code   RO          511    i.lock_open         motor.o
    0x08004e78   0x08004e78   0x00000018   Code   RO          512    i.lock_stop         motor.o
    0x08004e90   0x08004e90   0x00000c68   Code   RO            4    i.main              main.o
    0x08005af8   0x08005af8   0x0000004c   Code   RO          597    i.timer2_init       timer.o
    0x08005b44   0x08005b44   0x00000014   Code   RO          598    i.timer_delay_1ms   timer.o
    0x08005b58   0x08005b58   0x00000024   Code   RO          599    i.timer_is_timeout_1ms  timer.o
    0x08005b7c   0x08005b7c   0x0000004c   Code   RO          645    i.usart1_init       usart.o
    0x08005bc8   0x08005bc8   0x00000040   Code   RO          646    i.usart1_recv_data  usart.o
    0x08005c08   0x08005c08   0x00000040   Code   RO          647    i.usart2_init       usart.o
    0x08005c48   0x08005c48   0x00000044   Code   RO          648    i.usart2_recv_data  usart.o
    0x08005c8c   0x08005c8c   0x00000040   Code   RO          649    i.usart3_init       usart.o
    0x08005ccc   0x08005ccc   0x00000044   Code   RO          650    i.usart3_recv_data  usart.o
    0x08005d10   0x08005d10   0x0000002c   Code   RO         5039    locale$$code        c_w.l(lc_numeric_c.o)
    0x08005d3c   0x08005d3c   0x00000150   Code   RO         4957    x$fpl$dadd          fz_ws.l(daddsub_clz.o)
    0x08005e8c   0x08005e8c   0x00000018   Code   RO         5085    x$fpl$dcmpinf       fz_ws.l(dcmpi.o)
    0x08005ea4   0x08005ea4   0x0000005e   Code   RO         4829    x$fpl$dfix          fz_ws.l(dfix.o)
    0x08005f02   0x08005f02   0x0000002e   Code   RO         4834    x$fpl$dflt          fz_ws.l(dflt_clz.o)
    0x08005f30   0x08005f30   0x00000078   Code   RO         5050    x$fpl$dleqf         fz_ws.l(dleqf.o)
    0x08005fa8   0x08005fa8   0x0000009c   Code   RO         4963    x$fpl$dnaninf       fz_ws.l(dnaninf.o)
    0x08006044   0x08006044   0x0000000c   Code   RO         4965    x$fpl$dretinf       fz_ws.l(dretinf.o)
    0x08006050   0x08006050   0x0000006c   Code   RO         4967    x$fpl$drleqf        fz_ws.l(drleqf.o)
    0x080060bc   0x080060bc   0x00000016   Code   RO         4958    x$fpl$drsb          fz_ws.l(daddsub_clz.o)
    0x080060d2   0x080060d2   0x00000002   PAD
    0x080060d4   0x080060d4   0x000001d4   Code   RO         4959    x$fpl$dsub          fz_ws.l(daddsub_clz.o)
    0x080062a8   0x080062a8   0x00000056   Code   RO         4839    x$fpl$f2d           fz_ws.l(f2d.o)
    0x080062fe   0x080062fe   0x00000002   PAD
    0x08006300   0x08006300   0x000000c4   Code   RO         4841    x$fpl$fadd          fz_ws.l(faddsub_clz.o)
    0x080063c4   0x080063c4   0x00000184   Code   RO         4848    x$fpl$fdiv          fz_ws.l(fdiv.o)
    0x08006548   0x08006548   0x0000003e   Code   RO         4851    x$fpl$ffixu         fz_ws.l(ffixu.o)
    0x08006586   0x08006586   0x00000002   PAD
    0x08006588   0x08006588   0x00000030   Code   RO         4856    x$fpl$fflt          fz_ws.l(fflt_clz.o)
    0x080065b8   0x080065b8   0x00000026   Code   RO         4855    x$fpl$ffltu         fz_ws.l(fflt_clz.o)
    0x080065de   0x080065de   0x00000002   PAD
    0x080065e0   0x080065e0   0x00000102   Code   RO         4861    x$fpl$fmul          fz_ws.l(fmul.o)
    0x080066e2   0x080066e2   0x0000008c   Code   RO         4969    x$fpl$fnaninf       fz_ws.l(fnaninf.o)
    0x0800676e   0x0800676e   0x0000000a   Code   RO         4971    x$fpl$fretinf       fz_ws.l(fretinf.o)
    0x08006778   0x08006778   0x000000ea   Code   RO         4843    x$fpl$fsub          fz_ws.l(faddsub_clz.o)
    0x08006862   0x08006862   0x00000004   Code   RO         4863    x$fpl$printf1       fz_ws.l(printf1.o)
    0x08006866   0x08006866   0x00000000   Code   RO         4973    x$fpl$usenofp       fz_ws.l(usenofp.o)
    0x08006866   0x08006866   0x000002ff   Data   RO          878    .constdata          aes.o
    0x08006b65   0x08006b65   0x00000003   PAD
    0x08006b68   0x08006b68   0x00000094   Data   RO         5014    .constdata          c_w.l(bigflt0.o)
    0x08006bfc   0x08006bfc   0x00000020   Data   RO         5145    Region$$Table       anon$$obj.o
    0x08006c1c   0x08006c1c   0x0000001c   Data   RO         5038    locale$$data        c_w.l(lc_numeric_c.o)


    Execution Region RW_IRAM1 (Exec base: 0x20000000, Load base: 0x08006c38, Size: 0x00001d18, Max: 0x00008000, ABSOLUTE)

    Exec Addr    Load Addr    Size         Type   Attr      Idx    E Section Name        Object

    0x20000000   0x08006c38   0x00000026   Data   RW            6    .data               main.o
    0x20000026   0x08006c5e   0x00000008   Data   RW          365    .data               gprs.o
    0x2000002e   0x08006c66   0x00000002   PAD
    0x20000030   0x08006c68   0x00000004   Data   RW          601    .data               timer.o
    0x20000034   0x08006c6c   0x00000017   Data   RW          654    .data               usart.o
    0x2000004b   0x08006c83   0x00000050   Data   RW          800    .data               app_md5.o
    0x2000009b   0x08006cd3   0x00000001   PAD
    0x2000009c   0x08006cd4   0x0000004d   Data   RW          879    .data               aes.o
    0x200000e9   0x08006d21   0x00000019   Data   RW         2953    .data               stm32l1xx_rcc.o
    0x20000102   0x08006d3a   0x00000002   PAD
    0x20000104        -       0x000009d4   Zero   RW            5    .bss                main.o
    0x20000ad8        -       0x00000211   Zero   RW          364    .bss                gprs.o
    0x20000ce9   0x08006d3a   0x00000003   PAD
    0x20000cec        -       0x0000003c   Zero   RW          600    .bss                timer.o
    0x20000d28        -       0x00000802   Zero   RW          653    .bss                usart.o
    0x2000152a        -       0x0000018c   Zero   RW          877    .bss                aes.o
    0x200016b6   0x08006d3a   0x00000002   PAD
    0x200016b8        -       0x00000060   Zero   RW         4977    .bss                c_w.l(libspace.o)
    0x20001718        -       0x00000200   Zero   RW         4702    HEAP                startup_stm32l1xx_hd.o
    0x20001918        -       0x00000400   Zero   RW         4701    STACK               startup_stm32l1xx_hd.o


==============================================================================

Image component sizes


      Code (inc. data)   RO Data    RW Data    ZI Data      Debug   Object Name

        80          6          0          0          0       1487   adc.o
      4864        162        767         77        396      12574   aes.o
      2480        278          0         80          0       7006   app_md5.o
       588         12          0          0          0       2090   bsp.o
        56          6          0          0          0        623   button.o
      1226        270          0          8        529       4695   gprs.o
       850         12          0          0          0       3688   gps.o
      3424        996          0         38       2516     248453   main.o
       140         24          0          0          0       1587   misc.o
       184         20          0          0          0       2292   motor.o
        64         26        292          0       1536        876   startup_stm32l1xx_hd.o
        26          0          0          0          0       2493   stm32l1xx_adc.o
       158          0          0          0          0       2896   stm32l1xx_gpio.o
        26          0          0          0          0       3558   stm32l1xx_it.o
       384         46          0         25          0       4956   stm32l1xx_rcc.o
       440         52          0          0          0       5304   stm32l1xx_tim.o
       460          6          0          0          0       6119   stm32l1xx_usart.o
       376         30          0          0          0       1365   system_stm32l1xx.o
       208         16          0          4         60       2597   timer.o
      1104        132          0         23       2050       7329   usart.o

    ----------------------------------------------------------------------
     17158       2094       1094        260       7092     321988   Object Totals
         0          0         32          0          0          0   (incl. Generated)
        20          0          3          5          5          0   (incl. Padding)

    ----------------------------------------------------------------------

      Code (inc. data)   RO Data    RW Data    ZI Data      Debug   Library Member Name

         8          0          0          0          0         68   __main.o
       284          0          0          0          0        156   __printf_wp.o
         0          0          0          0          0          0   __rtentry.o
        12          0          0          0          0          0   __rtentry2.o
         6          0          0          0          0          0   __rtentry4.o
        52          8          0          0          0          0   __scatter.o
        26          0          0          0          0          0   __scatter_copy.o
        28          0          0          0          0          0   __scatter_zi.o
         6          0          0          0          0          0   _printf_c.o
        44          0          0          0          0        108   _printf_char.o
        48          6          0          0          0         96   _printf_char_common.o
         6          0          0          0          0          0   _printf_d.o
       120         16          0          0          0         92   _printf_dec.o
         6          0          0          0          0          0   _printf_f.o
      1054          0          0          0          0        216   _printf_fp_dec.o
       128         16          0          0          0         84   _printf_fp_infnan.o
       178          0          0          0          0         88   _printf_intcommon.o
        78          0          0          0          0        108   _printf_pad.o
         0          0          0          0          0          0   _printf_percent.o
         4          0          0          0          0          0   _printf_percent_end.o
         6          0          0          0          0          0   _printf_s.o
        82          0          0          0          0         80   _printf_str.o
        10          0          0          0          0         68   _sputc.o
        16          0          0          0          0         68   aeabi_memset.o
       228          4        148          0          0         96   bigflt0.o
      1936        128          0          0          0        672   btod.o
        10          0          0          0          0         68   defsig_exit.o
        50          0          0          0          0         88   defsig_general.o
        80         58          0          0          0         76   defsig_rtmem_inner.o
        14          0          0          0          0         80   defsig_rtmem_outer.o
        18          0          0          0          0         80   exit.o
        94          0          0          0          0         80   h1_alloc.o
        52          0          0          0          0         68   h1_extend.o
        78          0          0          0          0         80   h1_free.o
        14          0          0          0          0         84   h1_init.o
         6          0          0          0          0        152   heapauxi.o
         4          0          0          0          0        136   hguard.o
         0          0          0          0          0          0   indicate_semi.o
       138          0          0          0          0        168   init_alloc.o
        44         10         28          0          0         76   lc_numeric_c.o
         2          0          0          0          0          0   libinit.o
        26          0          0          0          0          0   libinit2.o
         2          0          0          0          0          0   libshutdown.o
         2          0          0          0          0          0   libshutdown2.o
         8          4          0          0         96         68   libspace.o
       138          0          0          0          0         80   lludiv10.o
         0          0          0          0          0          0   maybetermalloc1.o
        40          6          0          0          0         84   noretval__2sprintf.o
         8          4          0          0          0         68   rt_heap_descriptor_intlibspace.o
         8          4          0          0          0         68   rt_locale_intlibspace.o
        68          0          0          0          0         68   rt_memclr.o
        78          0          0          0          0         80   rt_memclr_w.o
       138          0          0          0          0         68   rt_memcpy_v6.o
       100          0          0          0          0         80   rt_memcpy_w.o
         2          0          0          0          0          0   rtexit.o
        10          0          0          0          0          0   rtexit2.o
       128          0          0          0          0         68   strcmpv7m.o
        72          0          0          0          0         80   strcpy.o
        62          0          0          0          0         76   strlen.o
       150          0          0          0          0         80   strncmp.o
        36          0          0          0          0         80   strstr.o
        12          4          0          0          0         68   sys_exit.o
        74          0          0          0          0         80   sys_stackheap_outer.o
        14          0          0          0          0         76   sys_wrch.o
         2          0          0          0          0         68   use_no_semi.o
       826         16          0          0          0        348   daddsub_clz.o
        24          0          0          0          0         68   dcmpi.o
        94          4          0          0          0         92   dfix.o
        46          0          0          0          0         68   dflt_clz.o
       120          4          0          0          0         92   dleqf.o
       156          4          0          0          0         92   dnaninf.o
        12          0          0          0          0         68   dretinf.o
       108          0          0          0          0         80   drleqf.o
        86          4          0          0          0         84   f2d.o
       430          8          0          0          0        168   faddsub_clz.o
       388         76          0          0          0         96   fdiv.o
        62          4          0          0          0         84   ffixu.o
        86          0          0          0          0        136   fflt_clz.o
       258          4          0          0          0         84   fmul.o
       140          4          0          0          0         84   fnaninf.o
        10          0          0          0          0         68   fretinf.o
         4          0          0          0          0         68   printf1.o
         0          0          0          0          0          0   usenofp.o
       220         16          0          0          0         84   ceil.o
        40          0          0          0          0         68   fpclassify.o

    ----------------------------------------------------------------------
      9276        412        176          0         96       6508   Library Totals
        18          0          0          0          0          0   (incl. Padding)

    ----------------------------------------------------------------------

      Code (inc. data)   RO Data    RW Data    ZI Data      Debug   Library Name

      6148        268        176          0         96       4576   c_w.l
      2850        128          0          0          0       1780   fz_ws.l
       260         16          0          0          0        152   m_ws.l

    ----------------------------------------------------------------------
      9276        412        176          0         96       6508   Library Totals

    ----------------------------------------------------------------------

==============================================================================


      Code (inc. data)   RO Data    RW Data    ZI Data      Debug   

     26434       2506       1270        260       7188     319444   Grand Totals
     26434       2506       1270        260       7188     319444   ELF Image Totals
     26434       2506       1270        260          0          0   ROM Totals

==============================================================================

    Total RO  Size (Code + RO Data)                27704 (  27.05kB)
    Total RW  Size (RW Data + ZI Data)              7448 (   7.27kB)
    Total ROM Size (Code + RO Data + RW Data)      27964 (  27.31kB)

==============================================================================

