<html>
<body>
<pre>
<h1>µVision Build Log</h1>
<h2>Project:</h2>
E:\×ÊÁÏ\STM32L151_hard\EXTI\Project\gpio.uvproj
Project File Date:  04/23/2016

<h2>Output:</h2>
compiling main.c...
"..\main\main.c" - 0 Errors, 0 Warning(s).
Build target 'gpio'
compiling stm32l1xx_it.c...
linking...
Program Size: Code=6628 RO-data=276 RW-data=60 ZI-data=1636  
"..\Output\Ethernet.axf" - 0 Errors, 0 Warning(s).
Build target 'gpio'
linking...
Program Size: Code=6628 RO-data=276 RW-data=60 ZI-data=1636  
"..\Output\Ethernet.axf" - 0 Errors, 0 Warning(s).
Build target 'gpio'
linking...
Program Size: Code=6628 RO-data=276 RW-data=60 ZI-data=1636  
"..\Output\Ethernet.axf" - 0 Errors, 0 Warning(s).
Build target 'gpio'
linking...
Program Size: Code=6628 RO-data=276 RW-data=60 ZI-data=1636  
"..\Output\Ethernet.axf" - 0 Errors, 0 Warning(s).
Build target 'gpio'
linking...
Program Size: Code=6628 RO-data=276 RW-data=60 ZI-data=1636  
"..\Output\Ethernet.axf" - 0 Errors, 0 Warning(s).
