<html>
<body>
<pre>
<h1>µVision Build Log</h1>
<h2>Project:</h2>
E:\◊ ¡œ\STM32L151_hard\GPIO”ÎTIM\Project\gpio.uvproj
Project File Date:  10/02/2014

<h2>Output:</h2>
Build target 'gpio'
assembling startup_stm32l1xx_md.s...
compiling main.c...
linking...
Program Size: Code=5792 RO-data=276 RW-data=64 ZI-data=1632  
"..\Output\Ethernet.axf" - 0 Errors, 0 Warning(s).
Build target 'gpio'
linking...
Program Size: Code=5792 RO-data=276 RW-data=64 ZI-data=1632  
"..\Output\Ethernet.axf" - 0 Errors, 0 Warning(s).
Build target 'gpio'
linking...
Program Size: Code=5792 RO-data=276 RW-data=64 ZI-data=1632  
"..\Output\Ethernet.axf" - 0 Errors, 0 Warning(s).
Build target 'gpio'
linking...
Program Size: Code=5792 RO-data=276 RW-data=64 ZI-data=1632  
"..\Output\Ethernet.axf" - 0 Errors, 0 Warning(s).
Load "..\\Output\\Ethernet.axf" 
Build target 'gpio'
linking...
Program Size: Code=5792 RO-data=276 RW-data=64 ZI-data=1632  
"..\Output\Ethernet.axf" - 0 Errors, 0 Warning(s).
Load "..\\Output\\Ethernet.axf" 
Build target 'gpio'
linking...
Program Size: Code=5792 RO-data=276 RW-data=64 ZI-data=1632  
"..\Output\Ethernet.axf" - 0 Errors, 0 Warning(s).
Load "..\\Output\\Ethernet.axf" 
Build target 'gpio'
linking...
Program Size: Code=5792 RO-data=276 RW-data=64 ZI-data=1632  
"..\Output\Ethernet.axf" - 0 Errors, 0 Warning(s).
