<!doctype html public "-//w3c//dtd html 4.0 transitional//en">
<html><head>
<title>Static Call Graph - [..\Output\Ethernet.axf]</title></head>
<body><HR>
<H1>Static Call Graph for image ..\Output\Ethernet.axf</H1><HR>
<BR><P>#&#060CALLGRAPH&#062# ARM Linker, 5060020: Last Updated: Sat Jun 17 15:33:39 2017
<BR><P>
<H3>Maximum Stack Usage =        104 bytes + Unknown(Functions without stacksize, Cycles, Untraceable Function Pointers)</H3><H3>
Call chain for Maximum Stack Depth:</H3>
__rt_entry_main &rArr; main &rArr; simple_server &rArr; make_udp_reply_from_request &rArr; enc28j60PacketSend &rArr; enc28j60Write &rArr; enc28j60SetBank &rArr; enc28j60WriteOp
<P>
<H3>
Functions with no stack information
</H3><UL>
 <LI><a href="#[92]">__user_initial_stackheap</a>
</UL>
</UL>
<P>
<H3>
Mutually Recursive functions
</H3> <LI><a href="#[4]">NMI_Handler</a>&nbsp;&nbsp;&nbsp;&rArr;&nbsp;&nbsp;&nbsp;<a href="#[4]">NMI_Handler</a><BR>
 <LI><a href="#[5]">HardFault_Handler</a>&nbsp;&nbsp;&nbsp;&rArr;&nbsp;&nbsp;&nbsp;<a href="#[5]">HardFault_Handler</a><BR>
 <LI><a href="#[6]">MemManage_Handler</a>&nbsp;&nbsp;&nbsp;&rArr;&nbsp;&nbsp;&nbsp;<a href="#[6]">MemManage_Handler</a><BR>
 <LI><a href="#[7]">BusFault_Handler</a>&nbsp;&nbsp;&nbsp;&rArr;&nbsp;&nbsp;&nbsp;<a href="#[7]">BusFault_Handler</a><BR>
 <LI><a href="#[8]">UsageFault_Handler</a>&nbsp;&nbsp;&nbsp;&rArr;&nbsp;&nbsp;&nbsp;<a href="#[8]">UsageFault_Handler</a><BR>
 <LI><a href="#[9]">SVC_Handler</a>&nbsp;&nbsp;&nbsp;&rArr;&nbsp;&nbsp;&nbsp;<a href="#[9]">SVC_Handler</a><BR>
 <LI><a href="#[a]">DebugMon_Handler</a>&nbsp;&nbsp;&nbsp;&rArr;&nbsp;&nbsp;&nbsp;<a href="#[a]">DebugMon_Handler</a><BR>
 <LI><a href="#[b]">PendSV_Handler</a>&nbsp;&nbsp;&nbsp;&rArr;&nbsp;&nbsp;&nbsp;<a href="#[b]">PendSV_Handler</a><BR>
 <LI><a href="#[c]">SysTick_Handler</a>&nbsp;&nbsp;&nbsp;&rArr;&nbsp;&nbsp;&nbsp;<a href="#[c]">SysTick_Handler</a><BR>
 <LI><a href="#[1f]">ADC1_IRQHandler</a>&nbsp;&nbsp;&nbsp;&rArr;&nbsp;&nbsp;&nbsp;<a href="#[1f]">ADC1_IRQHandler</a><BR>
</UL>
<P>
<H3>
Function Pointers
</H3><UL>
 <LI><a href="#[1f]">ADC1_IRQHandler</a> from startup_stm32l1xx_md.o(.text) referenced from startup_stm32l1xx_md.o(RESET)
 <LI><a href="#[7]">BusFault_Handler</a> from startup_stm32l1xx_md.o(.text) referenced from startup_stm32l1xx_md.o(RESET)
 <LI><a href="#[23]">COMP_IRQHandler</a> from startup_stm32l1xx_md.o(.text) referenced from startup_stm32l1xx_md.o(RESET)
 <LI><a href="#[22]">DAC_IRQHandler</a> from startup_stm32l1xx_md.o(.text) referenced from startup_stm32l1xx_md.o(RESET)
 <LI><a href="#[18]">DMA1_Channel1_IRQHandler</a> from startup_stm32l1xx_md.o(.text) referenced from startup_stm32l1xx_md.o(RESET)
 <LI><a href="#[19]">DMA1_Channel2_IRQHandler</a> from startup_stm32l1xx_md.o(.text) referenced from startup_stm32l1xx_md.o(RESET)
 <LI><a href="#[1a]">DMA1_Channel3_IRQHandler</a> from startup_stm32l1xx_md.o(.text) referenced from startup_stm32l1xx_md.o(RESET)
 <LI><a href="#[1b]">DMA1_Channel4_IRQHandler</a> from startup_stm32l1xx_md.o(.text) referenced from startup_stm32l1xx_md.o(RESET)
 <LI><a href="#[1c]">DMA1_Channel5_IRQHandler</a> from startup_stm32l1xx_md.o(.text) referenced from startup_stm32l1xx_md.o(RESET)
 <LI><a href="#[1d]">DMA1_Channel6_IRQHandler</a> from startup_stm32l1xx_md.o(.text) referenced from startup_stm32l1xx_md.o(RESET)
 <LI><a href="#[1e]">DMA1_Channel7_IRQHandler</a> from startup_stm32l1xx_md.o(.text) referenced from startup_stm32l1xx_md.o(RESET)
 <LI><a href="#[a]">DebugMon_Handler</a> from startup_stm32l1xx_md.o(.text) referenced from startup_stm32l1xx_md.o(RESET)
 <LI><a href="#[13]">EXTI0_IRQHandler</a> from startup_stm32l1xx_md.o(.text) referenced from startup_stm32l1xx_md.o(RESET)
 <LI><a href="#[35]">EXTI15_10_IRQHandler</a> from startup_stm32l1xx_md.o(.text) referenced from startup_stm32l1xx_md.o(RESET)
 <LI><a href="#[14]">EXTI1_IRQHandler</a> from startup_stm32l1xx_md.o(.text) referenced from startup_stm32l1xx_md.o(RESET)
 <LI><a href="#[15]">EXTI2_IRQHandler</a> from startup_stm32l1xx_md.o(.text) referenced from startup_stm32l1xx_md.o(RESET)
 <LI><a href="#[16]">EXTI3_IRQHandler</a> from startup_stm32l1xx_md.o(.text) referenced from startup_stm32l1xx_md.o(RESET)
 <LI><a href="#[17]">EXTI4_IRQHandler</a> from startup_stm32l1xx_md.o(.text) referenced from startup_stm32l1xx_md.o(RESET)
 <LI><a href="#[24]">EXTI9_5_IRQHandler</a> from startup_stm32l1xx_md.o(.text) referenced from startup_stm32l1xx_md.o(RESET)
 <LI><a href="#[11]">FLASH_IRQHandler</a> from startup_stm32l1xx_md.o(.text) referenced from startup_stm32l1xx_md.o(RESET)
 <LI><a href="#[5]">HardFault_Handler</a> from startup_stm32l1xx_md.o(.text) referenced from startup_stm32l1xx_md.o(RESET)
 <LI><a href="#[2d]">I2C1_ER_IRQHandler</a> from startup_stm32l1xx_md.o(.text) referenced from startup_stm32l1xx_md.o(RESET)
 <LI><a href="#[2c]">I2C1_EV_IRQHandler</a> from startup_stm32l1xx_md.o(.text) referenced from startup_stm32l1xx_md.o(RESET)
 <LI><a href="#[2f]">I2C2_ER_IRQHandler</a> from startup_stm32l1xx_md.o(.text) referenced from startup_stm32l1xx_md.o(RESET)
 <LI><a href="#[2e]">I2C2_EV_IRQHandler</a> from startup_stm32l1xx_md.o(.text) referenced from startup_stm32l1xx_md.o(RESET)
 <LI><a href="#[25]">LCD_IRQHandler</a> from startup_stm32l1xx_md.o(.text) referenced from startup_stm32l1xx_md.o(RESET)
 <LI><a href="#[6]">MemManage_Handler</a> from startup_stm32l1xx_md.o(.text) referenced from startup_stm32l1xx_md.o(RESET)
 <LI><a href="#[4]">NMI_Handler</a> from startup_stm32l1xx_md.o(.text) referenced from startup_stm32l1xx_md.o(RESET)
 <LI><a href="#[e]">PVD_IRQHandler</a> from startup_stm32l1xx_md.o(.text) referenced from startup_stm32l1xx_md.o(RESET)
 <LI><a href="#[b]">PendSV_Handler</a> from startup_stm32l1xx_md.o(.text) referenced from startup_stm32l1xx_md.o(RESET)
 <LI><a href="#[12]">RCC_IRQHandler</a> from startup_stm32l1xx_md.o(.text) referenced from startup_stm32l1xx_md.o(RESET)
 <LI><a href="#[36]">RTC_Alarm_IRQHandler</a> from startup_stm32l1xx_md.o(.text) referenced from startup_stm32l1xx_md.o(RESET)
 <LI><a href="#[10]">RTC_WKUP_IRQHandler</a> from startup_stm32l1xx_md.o(.text) referenced from startup_stm32l1xx_md.o(RESET)
 <LI><a href="#[3]">Reset_Handler</a> from startup_stm32l1xx_md.o(.text) referenced from startup_stm32l1xx_md.o(RESET)
 <LI><a href="#[30]">SPI1_IRQHandler</a> from startup_stm32l1xx_md.o(.text) referenced from startup_stm32l1xx_md.o(RESET)
 <LI><a href="#[31]">SPI2_IRQHandler</a> from startup_stm32l1xx_md.o(.text) referenced from startup_stm32l1xx_md.o(RESET)
 <LI><a href="#[9]">SVC_Handler</a> from startup_stm32l1xx_md.o(.text) referenced from startup_stm32l1xx_md.o(RESET)
 <LI><a href="#[c]">SysTick_Handler</a> from startup_stm32l1xx_md.o(.text) referenced from startup_stm32l1xx_md.o(RESET)
 <LI><a href="#[3a]">SystemInit</a> from system_stm32l1xx.o(.text) referenced from startup_stm32l1xx_md.o(.text)
 <LI><a href="#[f]">TAMPER_STAMP_IRQHandler</a> from startup_stm32l1xx_md.o(.text) referenced from startup_stm32l1xx_md.o(RESET)
 <LI><a href="#[27]">TIM10_IRQHandler</a> from startup_stm32l1xx_md.o(.text) referenced from startup_stm32l1xx_md.o(RESET)
 <LI><a href="#[28]">TIM11_IRQHandler</a> from startup_stm32l1xx_md.o(.text) referenced from startup_stm32l1xx_md.o(RESET)
 <LI><a href="#[29]">TIM2_IRQHandler</a> from startup_stm32l1xx_md.o(.text) referenced from startup_stm32l1xx_md.o(RESET)
 <LI><a href="#[2a]">TIM3_IRQHandler</a> from startup_stm32l1xx_md.o(.text) referenced from startup_stm32l1xx_md.o(RESET)
 <LI><a href="#[2b]">TIM4_IRQHandler</a> from startup_stm32l1xx_md.o(.text) referenced from startup_stm32l1xx_md.o(RESET)
 <LI><a href="#[38]">TIM6_IRQHandler</a> from startup_stm32l1xx_md.o(.text) referenced from startup_stm32l1xx_md.o(RESET)
 <LI><a href="#[39]">TIM7_IRQHandler</a> from startup_stm32l1xx_md.o(.text) referenced from startup_stm32l1xx_md.o(RESET)
 <LI><a href="#[26]">TIM9_IRQHandler</a> from startup_stm32l1xx_md.o(.text) referenced from startup_stm32l1xx_md.o(RESET)
 <LI><a href="#[32]">USART1_IRQHandler</a> from startup_stm32l1xx_md.o(.text) referenced from startup_stm32l1xx_md.o(RESET)
 <LI><a href="#[33]">USART2_IRQHandler</a> from startup_stm32l1xx_md.o(.text) referenced from startup_stm32l1xx_md.o(RESET)
 <LI><a href="#[34]">USART3_IRQHandler</a> from startup_stm32l1xx_md.o(.text) referenced from startup_stm32l1xx_md.o(RESET)
 <LI><a href="#[37]">USB_FS_WKUP_IRQHandler</a> from startup_stm32l1xx_md.o(.text) referenced from startup_stm32l1xx_md.o(RESET)
 <LI><a href="#[20]">USB_HP_IRQHandler</a> from startup_stm32l1xx_md.o(.text) referenced from startup_stm32l1xx_md.o(RESET)
 <LI><a href="#[21]">USB_LP_IRQHandler</a> from startup_stm32l1xx_md.o(.text) referenced from startup_stm32l1xx_md.o(RESET)
 <LI><a href="#[8]">UsageFault_Handler</a> from startup_stm32l1xx_md.o(.text) referenced from startup_stm32l1xx_md.o(RESET)
 <LI><a href="#[d]">WWDG_IRQHandler</a> from startup_stm32l1xx_md.o(.text) referenced from startup_stm32l1xx_md.o(RESET)
 <LI><a href="#[3c]">__main</a> from __main.o(!!!main) referenced from startup_stm32l1xx_md.o(.text)
</UL>
<P>
<H3>
Global Symbols
</H3>
<P><STRONG><a name="[3c]"></a>__main</STRONG> (Thumb, 8 bytes, Stack size 0 bytes, __main.o(!!!main))
<BR><BR>[Calls]<UL><LI><a href="#[3e]">&gt;&gt;</a>&nbsp;&nbsp;&nbsp;__rt_entry
<LI><a href="#[3d]">&gt;&gt;</a>&nbsp;&nbsp;&nbsp;__scatterload
</UL>

<P><STRONG><a name="[3d]"></a>__scatterload</STRONG> (Thumb, 0 bytes, Stack size unknown bytes, __scatter.o(!!!scatter))
<BR><BR>[Called By]<UL><LI><a href="#[3c]">&gt;&gt;</a>&nbsp;&nbsp;&nbsp;__main
</UL>

<P><STRONG><a name="[3f]"></a>__scatterload_rt2</STRONG> (Thumb, 44 bytes, Stack size unknown bytes, __scatter.o(!!!scatter), UNUSED)
<BR><BR>[Calls]<UL><LI><a href="#[3e]">&gt;&gt;</a>&nbsp;&nbsp;&nbsp;__rt_entry
</UL>

<P><STRONG><a name="[a3]"></a>__scatterload_rt2_thumb_only</STRONG> (Thumb, 0 bytes, Stack size unknown bytes, __scatter.o(!!!scatter), UNUSED)

<P><STRONG><a name="[a4]"></a>__scatterload_null</STRONG> (Thumb, 0 bytes, Stack size unknown bytes, __scatter.o(!!!scatter), UNUSED)

<P><STRONG><a name="[40]"></a>__scatterload_copy</STRONG> (Thumb, 26 bytes, Stack size unknown bytes, __scatter_copy.o(!!handler_copy), UNUSED)
<BR><BR>[Calls]<UL><LI><a href="#[40]">&gt;&gt;</a>&nbsp;&nbsp;&nbsp;__scatterload_copy
</UL>
<BR>[Called By]<UL><LI><a href="#[40]">&gt;&gt;</a>&nbsp;&nbsp;&nbsp;__scatterload_copy
</UL>

<P><STRONG><a name="[a5]"></a>__scatterload_zeroinit</STRONG> (Thumb, 28 bytes, Stack size unknown bytes, __scatter_zi.o(!!handler_zi), UNUSED)

<P><STRONG><a name="[44]"></a>__rt_lib_init</STRONG> (Thumb, 0 bytes, Stack size unknown bytes, libinit.o(.ARM.Collect$$libinit$$00000000))
<BR><BR>[Called By]<UL><LI><a href="#[43]">&gt;&gt;</a>&nbsp;&nbsp;&nbsp;__rt_entry_li
</UL>

<P><STRONG><a name="[a6]"></a>__rt_lib_init_alloca_1</STRONG> (Thumb, 0 bytes, Stack size unknown bytes, libinit2.o(.ARM.Collect$$libinit$$0000002E))

<P><STRONG><a name="[a7]"></a>__rt_lib_init_argv_1</STRONG> (Thumb, 0 bytes, Stack size unknown bytes, libinit2.o(.ARM.Collect$$libinit$$0000002C))

<P><STRONG><a name="[a8]"></a>__rt_lib_init_atexit_1</STRONG> (Thumb, 0 bytes, Stack size unknown bytes, libinit2.o(.ARM.Collect$$libinit$$0000001B))

<P><STRONG><a name="[a9]"></a>__rt_lib_init_clock_1</STRONG> (Thumb, 0 bytes, Stack size unknown bytes, libinit2.o(.ARM.Collect$$libinit$$00000021))

<P><STRONG><a name="[aa]"></a>__rt_lib_init_cpp_1</STRONG> (Thumb, 0 bytes, Stack size unknown bytes, libinit2.o(.ARM.Collect$$libinit$$00000032))

<P><STRONG><a name="[ab]"></a>__rt_lib_init_exceptions_1</STRONG> (Thumb, 0 bytes, Stack size unknown bytes, libinit2.o(.ARM.Collect$$libinit$$00000030))

<P><STRONG><a name="[ac]"></a>__rt_lib_init_fp_1</STRONG> (Thumb, 0 bytes, Stack size unknown bytes, libinit2.o(.ARM.Collect$$libinit$$00000002))

<P><STRONG><a name="[ad]"></a>__rt_lib_init_fp_trap_1</STRONG> (Thumb, 0 bytes, Stack size unknown bytes, libinit2.o(.ARM.Collect$$libinit$$0000001F))

<P><STRONG><a name="[ae]"></a>__rt_lib_init_getenv_1</STRONG> (Thumb, 0 bytes, Stack size unknown bytes, libinit2.o(.ARM.Collect$$libinit$$00000023))

<P><STRONG><a name="[af]"></a>__rt_lib_init_heap_1</STRONG> (Thumb, 0 bytes, Stack size unknown bytes, libinit2.o(.ARM.Collect$$libinit$$0000000A))

<P><STRONG><a name="[b0]"></a>__rt_lib_init_lc_collate_1</STRONG> (Thumb, 0 bytes, Stack size unknown bytes, libinit2.o(.ARM.Collect$$libinit$$00000011))

<P><STRONG><a name="[b1]"></a>__rt_lib_init_lc_ctype_1</STRONG> (Thumb, 0 bytes, Stack size unknown bytes, libinit2.o(.ARM.Collect$$libinit$$00000013))

<P><STRONG><a name="[b2]"></a>__rt_lib_init_lc_monetary_1</STRONG> (Thumb, 0 bytes, Stack size unknown bytes, libinit2.o(.ARM.Collect$$libinit$$00000015))

<P><STRONG><a name="[b3]"></a>__rt_lib_init_lc_numeric_1</STRONG> (Thumb, 0 bytes, Stack size unknown bytes, libinit2.o(.ARM.Collect$$libinit$$00000017))

<P><STRONG><a name="[b4]"></a>__rt_lib_init_lc_time_1</STRONG> (Thumb, 0 bytes, Stack size unknown bytes, libinit2.o(.ARM.Collect$$libinit$$00000019))

<P><STRONG><a name="[b5]"></a>__rt_lib_init_preinit_1</STRONG> (Thumb, 0 bytes, Stack size unknown bytes, libinit2.o(.ARM.Collect$$libinit$$00000004))

<P><STRONG><a name="[b6]"></a>__rt_lib_init_rand_1</STRONG> (Thumb, 0 bytes, Stack size unknown bytes, libinit2.o(.ARM.Collect$$libinit$$0000000E))

<P><STRONG><a name="[b7]"></a>__rt_lib_init_return</STRONG> (Thumb, 0 bytes, Stack size unknown bytes, libinit2.o(.ARM.Collect$$libinit$$00000033))

<P><STRONG><a name="[b8]"></a>__rt_lib_init_signal_1</STRONG> (Thumb, 0 bytes, Stack size unknown bytes, libinit2.o(.ARM.Collect$$libinit$$0000001D))

<P><STRONG><a name="[b9]"></a>__rt_lib_init_stdio_1</STRONG> (Thumb, 0 bytes, Stack size unknown bytes, libinit2.o(.ARM.Collect$$libinit$$00000025))

<P><STRONG><a name="[ba]"></a>__rt_lib_init_user_alloc_1</STRONG> (Thumb, 0 bytes, Stack size unknown bytes, libinit2.o(.ARM.Collect$$libinit$$0000000C))

<P><STRONG><a name="[49]"></a>__rt_lib_shutdown</STRONG> (Thumb, 0 bytes, Stack size unknown bytes, libshutdown.o(.ARM.Collect$$libshutdown$$00000000))
<BR><BR>[Called By]<UL><LI><a href="#[48]">&gt;&gt;</a>&nbsp;&nbsp;&nbsp;__rt_exit_ls
</UL>

<P><STRONG><a name="[bb]"></a>__rt_lib_shutdown_cpp_1</STRONG> (Thumb, 0 bytes, Stack size unknown bytes, libshutdown2.o(.ARM.Collect$$libshutdown$$00000002))

<P><STRONG><a name="[bc]"></a>__rt_lib_shutdown_fp_trap_1</STRONG> (Thumb, 0 bytes, Stack size unknown bytes, libshutdown2.o(.ARM.Collect$$libshutdown$$00000007))

<P><STRONG><a name="[bd]"></a>__rt_lib_shutdown_heap_1</STRONG> (Thumb, 0 bytes, Stack size unknown bytes, libshutdown2.o(.ARM.Collect$$libshutdown$$0000000F))

<P><STRONG><a name="[be]"></a>__rt_lib_shutdown_return</STRONG> (Thumb, 0 bytes, Stack size unknown bytes, libshutdown2.o(.ARM.Collect$$libshutdown$$00000010))

<P><STRONG><a name="[bf]"></a>__rt_lib_shutdown_signal_1</STRONG> (Thumb, 0 bytes, Stack size unknown bytes, libshutdown2.o(.ARM.Collect$$libshutdown$$0000000A))

<P><STRONG><a name="[c0]"></a>__rt_lib_shutdown_stdio_1</STRONG> (Thumb, 0 bytes, Stack size unknown bytes, libshutdown2.o(.ARM.Collect$$libshutdown$$00000004))

<P><STRONG><a name="[c1]"></a>__rt_lib_shutdown_user_alloc_1</STRONG> (Thumb, 0 bytes, Stack size unknown bytes, libshutdown2.o(.ARM.Collect$$libshutdown$$0000000C))

<P><STRONG><a name="[3e]"></a>__rt_entry</STRONG> (Thumb, 0 bytes, Stack size unknown bytes, __rtentry.o(.ARM.Collect$$rtentry$$00000000))
<BR><BR>[Called By]<UL><LI><a href="#[3c]">&gt;&gt;</a>&nbsp;&nbsp;&nbsp;__main
<LI><a href="#[3f]">&gt;&gt;</a>&nbsp;&nbsp;&nbsp;__scatterload_rt2
</UL>

<P><STRONG><a name="[c2]"></a>__rt_entry_presh_1</STRONG> (Thumb, 0 bytes, Stack size unknown bytes, __rtentry2.o(.ARM.Collect$$rtentry$$00000002))

<P><STRONG><a name="[41]"></a>__rt_entry_sh</STRONG> (Thumb, 0 bytes, Stack size unknown bytes, __rtentry4.o(.ARM.Collect$$rtentry$$00000004))
<BR><BR>[Stack]<UL><LI>Max Depth = 8 + Unknown Stack Size
<LI>Call Chain = __rt_entry_sh &rArr; __user_setup_stackheap
</UL>
<BR>[Calls]<UL><LI><a href="#[42]">&gt;&gt;</a>&nbsp;&nbsp;&nbsp;__user_setup_stackheap
</UL>

<P><STRONG><a name="[43]"></a>__rt_entry_li</STRONG> (Thumb, 0 bytes, Stack size unknown bytes, __rtentry2.o(.ARM.Collect$$rtentry$$0000000A))
<BR><BR>[Calls]<UL><LI><a href="#[44]">&gt;&gt;</a>&nbsp;&nbsp;&nbsp;__rt_lib_init
</UL>

<P><STRONG><a name="[c3]"></a>__rt_entry_postsh_1</STRONG> (Thumb, 0 bytes, Stack size unknown bytes, __rtentry2.o(.ARM.Collect$$rtentry$$00000009))

<P><STRONG><a name="[45]"></a>__rt_entry_main</STRONG> (Thumb, 0 bytes, Stack size unknown bytes, __rtentry2.o(.ARM.Collect$$rtentry$$0000000D))
<BR><BR>[Stack]<UL><LI>Max Depth = 104 + Unknown Stack Size
<LI>Call Chain = __rt_entry_main &rArr; main &rArr; simple_server &rArr; make_udp_reply_from_request &rArr; enc28j60PacketSend &rArr; enc28j60Write &rArr; enc28j60SetBank &rArr; enc28j60WriteOp
</UL>
<BR>[Calls]<UL><LI><a href="#[47]">&gt;&gt;</a>&nbsp;&nbsp;&nbsp;exit
<LI><a href="#[46]">&gt;&gt;</a>&nbsp;&nbsp;&nbsp;main
</UL>

<P><STRONG><a name="[c4]"></a>__rt_entry_postli_1</STRONG> (Thumb, 0 bytes, Stack size unknown bytes, __rtentry2.o(.ARM.Collect$$rtentry$$0000000C))

<P><STRONG><a name="[93]"></a>__rt_exit</STRONG> (Thumb, 0 bytes, Stack size unknown bytes, rtexit.o(.ARM.Collect$$rtexit$$00000000))
<BR><BR>[Called By]<UL><LI><a href="#[47]">&gt;&gt;</a>&nbsp;&nbsp;&nbsp;exit
</UL>

<P><STRONG><a name="[48]"></a>__rt_exit_ls</STRONG> (Thumb, 0 bytes, Stack size unknown bytes, rtexit2.o(.ARM.Collect$$rtexit$$00000003))
<BR><BR>[Calls]<UL><LI><a href="#[49]">&gt;&gt;</a>&nbsp;&nbsp;&nbsp;__rt_lib_shutdown
</UL>

<P><STRONG><a name="[c5]"></a>__rt_exit_prels_1</STRONG> (Thumb, 0 bytes, Stack size unknown bytes, rtexit2.o(.ARM.Collect$$rtexit$$00000002))

<P><STRONG><a name="[4a]"></a>__rt_exit_exit</STRONG> (Thumb, 0 bytes, Stack size unknown bytes, rtexit2.o(.ARM.Collect$$rtexit$$00000004))
<BR><BR>[Calls]<UL><LI><a href="#[4b]">&gt;&gt;</a>&nbsp;&nbsp;&nbsp;_sys_exit
</UL>

<P><STRONG><a name="[3]"></a>Reset_Handler</STRONG> (Thumb, 8 bytes, Stack size 0 bytes, startup_stm32l1xx_md.o(.text))
<BR>[Address Reference Count : 1]<UL><LI> startup_stm32l1xx_md.o(RESET)
</UL>
<P><STRONG><a name="[4]"></a>NMI_Handler</STRONG> (Thumb, 2 bytes, Stack size 0 bytes, startup_stm32l1xx_md.o(.text))
<BR><BR>[Calls]<UL><LI><a href="#[4]">&gt;&gt;</a>&nbsp;&nbsp;&nbsp;NMI_Handler
</UL>
<BR>[Called By]<UL><LI><a href="#[4]">&gt;&gt;</a>&nbsp;&nbsp;&nbsp;NMI_Handler
</UL>
<BR>[Address Reference Count : 1]<UL><LI> startup_stm32l1xx_md.o(RESET)
</UL>
<P><STRONG><a name="[5]"></a>HardFault_Handler</STRONG> (Thumb, 2 bytes, Stack size 0 bytes, startup_stm32l1xx_md.o(.text))
<BR><BR>[Calls]<UL><LI><a href="#[5]">&gt;&gt;</a>&nbsp;&nbsp;&nbsp;HardFault_Handler
</UL>
<BR>[Called By]<UL><LI><a href="#[5]">&gt;&gt;</a>&nbsp;&nbsp;&nbsp;HardFault_Handler
</UL>
<BR>[Address Reference Count : 1]<UL><LI> startup_stm32l1xx_md.o(RESET)
</UL>
<P><STRONG><a name="[6]"></a>MemManage_Handler</STRONG> (Thumb, 2 bytes, Stack size 0 bytes, startup_stm32l1xx_md.o(.text))
<BR><BR>[Calls]<UL><LI><a href="#[6]">&gt;&gt;</a>&nbsp;&nbsp;&nbsp;MemManage_Handler
</UL>
<BR>[Called By]<UL><LI><a href="#[6]">&gt;&gt;</a>&nbsp;&nbsp;&nbsp;MemManage_Handler
</UL>
<BR>[Address Reference Count : 1]<UL><LI> startup_stm32l1xx_md.o(RESET)
</UL>
<P><STRONG><a name="[7]"></a>BusFault_Handler</STRONG> (Thumb, 2 bytes, Stack size 0 bytes, startup_stm32l1xx_md.o(.text))
<BR><BR>[Calls]<UL><LI><a href="#[7]">&gt;&gt;</a>&nbsp;&nbsp;&nbsp;BusFault_Handler
</UL>
<BR>[Called By]<UL><LI><a href="#[7]">&gt;&gt;</a>&nbsp;&nbsp;&nbsp;BusFault_Handler
</UL>
<BR>[Address Reference Count : 1]<UL><LI> startup_stm32l1xx_md.o(RESET)
</UL>
<P><STRONG><a name="[8]"></a>UsageFault_Handler</STRONG> (Thumb, 2 bytes, Stack size 0 bytes, startup_stm32l1xx_md.o(.text))
<BR><BR>[Calls]<UL><LI><a href="#[8]">&gt;&gt;</a>&nbsp;&nbsp;&nbsp;UsageFault_Handler
</UL>
<BR>[Called By]<UL><LI><a href="#[8]">&gt;&gt;</a>&nbsp;&nbsp;&nbsp;UsageFault_Handler
</UL>
<BR>[Address Reference Count : 1]<UL><LI> startup_stm32l1xx_md.o(RESET)
</UL>
<P><STRONG><a name="[9]"></a>SVC_Handler</STRONG> (Thumb, 2 bytes, Stack size 0 bytes, startup_stm32l1xx_md.o(.text))
<BR><BR>[Calls]<UL><LI><a href="#[9]">&gt;&gt;</a>&nbsp;&nbsp;&nbsp;SVC_Handler
</UL>
<BR>[Called By]<UL><LI><a href="#[9]">&gt;&gt;</a>&nbsp;&nbsp;&nbsp;SVC_Handler
</UL>
<BR>[Address Reference Count : 1]<UL><LI> startup_stm32l1xx_md.o(RESET)
</UL>
<P><STRONG><a name="[a]"></a>DebugMon_Handler</STRONG> (Thumb, 2 bytes, Stack size 0 bytes, startup_stm32l1xx_md.o(.text))
<BR><BR>[Calls]<UL><LI><a href="#[a]">&gt;&gt;</a>&nbsp;&nbsp;&nbsp;DebugMon_Handler
</UL>
<BR>[Called By]<UL><LI><a href="#[a]">&gt;&gt;</a>&nbsp;&nbsp;&nbsp;DebugMon_Handler
</UL>
<BR>[Address Reference Count : 1]<UL><LI> startup_stm32l1xx_md.o(RESET)
</UL>
<P><STRONG><a name="[b]"></a>PendSV_Handler</STRONG> (Thumb, 2 bytes, Stack size 0 bytes, startup_stm32l1xx_md.o(.text))
<BR><BR>[Calls]<UL><LI><a href="#[b]">&gt;&gt;</a>&nbsp;&nbsp;&nbsp;PendSV_Handler
</UL>
<BR>[Called By]<UL><LI><a href="#[b]">&gt;&gt;</a>&nbsp;&nbsp;&nbsp;PendSV_Handler
</UL>
<BR>[Address Reference Count : 1]<UL><LI> startup_stm32l1xx_md.o(RESET)
</UL>
<P><STRONG><a name="[c]"></a>SysTick_Handler</STRONG> (Thumb, 2 bytes, Stack size 0 bytes, startup_stm32l1xx_md.o(.text))
<BR><BR>[Calls]<UL><LI><a href="#[c]">&gt;&gt;</a>&nbsp;&nbsp;&nbsp;SysTick_Handler
</UL>
<BR>[Called By]<UL><LI><a href="#[c]">&gt;&gt;</a>&nbsp;&nbsp;&nbsp;SysTick_Handler
</UL>
<BR>[Address Reference Count : 1]<UL><LI> startup_stm32l1xx_md.o(RESET)
</UL>
<P><STRONG><a name="[1f]"></a>ADC1_IRQHandler</STRONG> (Thumb, 0 bytes, Stack size 0 bytes, startup_stm32l1xx_md.o(.text))
<BR><BR>[Calls]<UL><LI><a href="#[1f]">&gt;&gt;</a>&nbsp;&nbsp;&nbsp;ADC1_IRQHandler
</UL>
<BR>[Called By]<UL><LI><a href="#[1f]">&gt;&gt;</a>&nbsp;&nbsp;&nbsp;ADC1_IRQHandler
</UL>
<BR>[Address Reference Count : 1]<UL><LI> startup_stm32l1xx_md.o(RESET)
</UL>
<P><STRONG><a name="[23]"></a>COMP_IRQHandler</STRONG> (Thumb, 0 bytes, Stack size 0 bytes, startup_stm32l1xx_md.o(.text))
<BR>[Address Reference Count : 1]<UL><LI> startup_stm32l1xx_md.o(RESET)
</UL>
<P><STRONG><a name="[22]"></a>DAC_IRQHandler</STRONG> (Thumb, 0 bytes, Stack size 0 bytes, startup_stm32l1xx_md.o(.text))
<BR>[Address Reference Count : 1]<UL><LI> startup_stm32l1xx_md.o(RESET)
</UL>
<P><STRONG><a name="[18]"></a>DMA1_Channel1_IRQHandler</STRONG> (Thumb, 0 bytes, Stack size 0 bytes, startup_stm32l1xx_md.o(.text))
<BR>[Address Reference Count : 1]<UL><LI> startup_stm32l1xx_md.o(RESET)
</UL>
<P><STRONG><a name="[19]"></a>DMA1_Channel2_IRQHandler</STRONG> (Thumb, 0 bytes, Stack size 0 bytes, startup_stm32l1xx_md.o(.text))
<BR>[Address Reference Count : 1]<UL><LI> startup_stm32l1xx_md.o(RESET)
</UL>
<P><STRONG><a name="[1a]"></a>DMA1_Channel3_IRQHandler</STRONG> (Thumb, 0 bytes, Stack size 0 bytes, startup_stm32l1xx_md.o(.text))
<BR>[Address Reference Count : 1]<UL><LI> startup_stm32l1xx_md.o(RESET)
</UL>
<P><STRONG><a name="[1b]"></a>DMA1_Channel4_IRQHandler</STRONG> (Thumb, 0 bytes, Stack size 0 bytes, startup_stm32l1xx_md.o(.text))
<BR>[Address Reference Count : 1]<UL><LI> startup_stm32l1xx_md.o(RESET)
</UL>
<P><STRONG><a name="[1c]"></a>DMA1_Channel5_IRQHandler</STRONG> (Thumb, 0 bytes, Stack size 0 bytes, startup_stm32l1xx_md.o(.text))
<BR>[Address Reference Count : 1]<UL><LI> startup_stm32l1xx_md.o(RESET)
</UL>
<P><STRONG><a name="[1d]"></a>DMA1_Channel6_IRQHandler</STRONG> (Thumb, 0 bytes, Stack size 0 bytes, startup_stm32l1xx_md.o(.text))
<BR>[Address Reference Count : 1]<UL><LI> startup_stm32l1xx_md.o(RESET)
</UL>
<P><STRONG><a name="[1e]"></a>DMA1_Channel7_IRQHandler</STRONG> (Thumb, 0 bytes, Stack size 0 bytes, startup_stm32l1xx_md.o(.text))
<BR>[Address Reference Count : 1]<UL><LI> startup_stm32l1xx_md.o(RESET)
</UL>
<P><STRONG><a name="[13]"></a>EXTI0_IRQHandler</STRONG> (Thumb, 0 bytes, Stack size 0 bytes, startup_stm32l1xx_md.o(.text))
<BR>[Address Reference Count : 1]<UL><LI> startup_stm32l1xx_md.o(RESET)
</UL>
<P><STRONG><a name="[35]"></a>EXTI15_10_IRQHandler</STRONG> (Thumb, 0 bytes, Stack size 0 bytes, startup_stm32l1xx_md.o(.text))
<BR>[Address Reference Count : 1]<UL><LI> startup_stm32l1xx_md.o(RESET)
</UL>
<P><STRONG><a name="[14]"></a>EXTI1_IRQHandler</STRONG> (Thumb, 0 bytes, Stack size 0 bytes, startup_stm32l1xx_md.o(.text))
<BR>[Address Reference Count : 1]<UL><LI> startup_stm32l1xx_md.o(RESET)
</UL>
<P><STRONG><a name="[15]"></a>EXTI2_IRQHandler</STRONG> (Thumb, 0 bytes, Stack size 0 bytes, startup_stm32l1xx_md.o(.text))
<BR>[Address Reference Count : 1]<UL><LI> startup_stm32l1xx_md.o(RESET)
</UL>
<P><STRONG><a name="[16]"></a>EXTI3_IRQHandler</STRONG> (Thumb, 0 bytes, Stack size 0 bytes, startup_stm32l1xx_md.o(.text))
<BR>[Address Reference Count : 1]<UL><LI> startup_stm32l1xx_md.o(RESET)
</UL>
<P><STRONG><a name="[17]"></a>EXTI4_IRQHandler</STRONG> (Thumb, 0 bytes, Stack size 0 bytes, startup_stm32l1xx_md.o(.text))
<BR>[Address Reference Count : 1]<UL><LI> startup_stm32l1xx_md.o(RESET)
</UL>
<P><STRONG><a name="[24]"></a>EXTI9_5_IRQHandler</STRONG> (Thumb, 0 bytes, Stack size 0 bytes, startup_stm32l1xx_md.o(.text))
<BR>[Address Reference Count : 1]<UL><LI> startup_stm32l1xx_md.o(RESET)
</UL>
<P><STRONG><a name="[11]"></a>FLASH_IRQHandler</STRONG> (Thumb, 0 bytes, Stack size 0 bytes, startup_stm32l1xx_md.o(.text))
<BR>[Address Reference Count : 1]<UL><LI> startup_stm32l1xx_md.o(RESET)
</UL>
<P><STRONG><a name="[2d]"></a>I2C1_ER_IRQHandler</STRONG> (Thumb, 0 bytes, Stack size 0 bytes, startup_stm32l1xx_md.o(.text))
<BR>[Address Reference Count : 1]<UL><LI> startup_stm32l1xx_md.o(RESET)
</UL>
<P><STRONG><a name="[2c]"></a>I2C1_EV_IRQHandler</STRONG> (Thumb, 0 bytes, Stack size 0 bytes, startup_stm32l1xx_md.o(.text))
<BR>[Address Reference Count : 1]<UL><LI> startup_stm32l1xx_md.o(RESET)
</UL>
<P><STRONG><a name="[2f]"></a>I2C2_ER_IRQHandler</STRONG> (Thumb, 0 bytes, Stack size 0 bytes, startup_stm32l1xx_md.o(.text))
<BR>[Address Reference Count : 1]<UL><LI> startup_stm32l1xx_md.o(RESET)
</UL>
<P><STRONG><a name="[2e]"></a>I2C2_EV_IRQHandler</STRONG> (Thumb, 0 bytes, Stack size 0 bytes, startup_stm32l1xx_md.o(.text))
<BR>[Address Reference Count : 1]<UL><LI> startup_stm32l1xx_md.o(RESET)
</UL>
<P><STRONG><a name="[25]"></a>LCD_IRQHandler</STRONG> (Thumb, 0 bytes, Stack size 0 bytes, startup_stm32l1xx_md.o(.text))
<BR>[Address Reference Count : 1]<UL><LI> startup_stm32l1xx_md.o(RESET)
</UL>
<P><STRONG><a name="[e]"></a>PVD_IRQHandler</STRONG> (Thumb, 0 bytes, Stack size 0 bytes, startup_stm32l1xx_md.o(.text))
<BR>[Address Reference Count : 1]<UL><LI> startup_stm32l1xx_md.o(RESET)
</UL>
<P><STRONG><a name="[12]"></a>RCC_IRQHandler</STRONG> (Thumb, 0 bytes, Stack size 0 bytes, startup_stm32l1xx_md.o(.text))
<BR>[Address Reference Count : 1]<UL><LI> startup_stm32l1xx_md.o(RESET)
</UL>
<P><STRONG><a name="[36]"></a>RTC_Alarm_IRQHandler</STRONG> (Thumb, 0 bytes, Stack size 0 bytes, startup_stm32l1xx_md.o(.text))
<BR>[Address Reference Count : 1]<UL><LI> startup_stm32l1xx_md.o(RESET)
</UL>
<P><STRONG><a name="[10]"></a>RTC_WKUP_IRQHandler</STRONG> (Thumb, 0 bytes, Stack size 0 bytes, startup_stm32l1xx_md.o(.text))
<BR>[Address Reference Count : 1]<UL><LI> startup_stm32l1xx_md.o(RESET)
</UL>
<P><STRONG><a name="[30]"></a>SPI1_IRQHandler</STRONG> (Thumb, 0 bytes, Stack size 0 bytes, startup_stm32l1xx_md.o(.text))
<BR>[Address Reference Count : 1]<UL><LI> startup_stm32l1xx_md.o(RESET)
</UL>
<P><STRONG><a name="[31]"></a>SPI2_IRQHandler</STRONG> (Thumb, 0 bytes, Stack size 0 bytes, startup_stm32l1xx_md.o(.text))
<BR>[Address Reference Count : 1]<UL><LI> startup_stm32l1xx_md.o(RESET)
</UL>
<P><STRONG><a name="[f]"></a>TAMPER_STAMP_IRQHandler</STRONG> (Thumb, 0 bytes, Stack size 0 bytes, startup_stm32l1xx_md.o(.text))
<BR>[Address Reference Count : 1]<UL><LI> startup_stm32l1xx_md.o(RESET)
</UL>
<P><STRONG><a name="[27]"></a>TIM10_IRQHandler</STRONG> (Thumb, 0 bytes, Stack size 0 bytes, startup_stm32l1xx_md.o(.text))
<BR>[Address Reference Count : 1]<UL><LI> startup_stm32l1xx_md.o(RESET)
</UL>
<P><STRONG><a name="[28]"></a>TIM11_IRQHandler</STRONG> (Thumb, 0 bytes, Stack size 0 bytes, startup_stm32l1xx_md.o(.text))
<BR>[Address Reference Count : 1]<UL><LI> startup_stm32l1xx_md.o(RESET)
</UL>
<P><STRONG><a name="[29]"></a>TIM2_IRQHandler</STRONG> (Thumb, 0 bytes, Stack size 0 bytes, startup_stm32l1xx_md.o(.text))
<BR>[Address Reference Count : 1]<UL><LI> startup_stm32l1xx_md.o(RESET)
</UL>
<P><STRONG><a name="[2a]"></a>TIM3_IRQHandler</STRONG> (Thumb, 0 bytes, Stack size 0 bytes, startup_stm32l1xx_md.o(.text))
<BR>[Address Reference Count : 1]<UL><LI> startup_stm32l1xx_md.o(RESET)
</UL>
<P><STRONG><a name="[2b]"></a>TIM4_IRQHandler</STRONG> (Thumb, 0 bytes, Stack size 0 bytes, startup_stm32l1xx_md.o(.text))
<BR>[Address Reference Count : 1]<UL><LI> startup_stm32l1xx_md.o(RESET)
</UL>
<P><STRONG><a name="[38]"></a>TIM6_IRQHandler</STRONG> (Thumb, 0 bytes, Stack size 0 bytes, startup_stm32l1xx_md.o(.text))
<BR>[Address Reference Count : 1]<UL><LI> startup_stm32l1xx_md.o(RESET)
</UL>
<P><STRONG><a name="[39]"></a>TIM7_IRQHandler</STRONG> (Thumb, 0 bytes, Stack size 0 bytes, startup_stm32l1xx_md.o(.text))
<BR>[Address Reference Count : 1]<UL><LI> startup_stm32l1xx_md.o(RESET)
</UL>
<P><STRONG><a name="[26]"></a>TIM9_IRQHandler</STRONG> (Thumb, 0 bytes, Stack size 0 bytes, startup_stm32l1xx_md.o(.text))
<BR>[Address Reference Count : 1]<UL><LI> startup_stm32l1xx_md.o(RESET)
</UL>
<P><STRONG><a name="[32]"></a>USART1_IRQHandler</STRONG> (Thumb, 0 bytes, Stack size 0 bytes, startup_stm32l1xx_md.o(.text))
<BR>[Address Reference Count : 1]<UL><LI> startup_stm32l1xx_md.o(RESET)
</UL>
<P><STRONG><a name="[33]"></a>USART2_IRQHandler</STRONG> (Thumb, 0 bytes, Stack size 0 bytes, startup_stm32l1xx_md.o(.text))
<BR>[Address Reference Count : 1]<UL><LI> startup_stm32l1xx_md.o(RESET)
</UL>
<P><STRONG><a name="[34]"></a>USART3_IRQHandler</STRONG> (Thumb, 0 bytes, Stack size 0 bytes, startup_stm32l1xx_md.o(.text))
<BR>[Address Reference Count : 1]<UL><LI> startup_stm32l1xx_md.o(RESET)
</UL>
<P><STRONG><a name="[37]"></a>USB_FS_WKUP_IRQHandler</STRONG> (Thumb, 0 bytes, Stack size 0 bytes, startup_stm32l1xx_md.o(.text))
<BR>[Address Reference Count : 1]<UL><LI> startup_stm32l1xx_md.o(RESET)
</UL>
<P><STRONG><a name="[20]"></a>USB_HP_IRQHandler</STRONG> (Thumb, 0 bytes, Stack size 0 bytes, startup_stm32l1xx_md.o(.text))
<BR>[Address Reference Count : 1]<UL><LI> startup_stm32l1xx_md.o(RESET)
</UL>
<P><STRONG><a name="[21]"></a>USB_LP_IRQHandler</STRONG> (Thumb, 0 bytes, Stack size 0 bytes, startup_stm32l1xx_md.o(.text))
<BR>[Address Reference Count : 1]<UL><LI> startup_stm32l1xx_md.o(RESET)
</UL>
<P><STRONG><a name="[d]"></a>WWDG_IRQHandler</STRONG> (Thumb, 0 bytes, Stack size 0 bytes, startup_stm32l1xx_md.o(.text))
<BR>[Address Reference Count : 1]<UL><LI> startup_stm32l1xx_md.o(RESET)
</UL>
<P><STRONG><a name="[92]"></a>__user_initial_stackheap</STRONG> (Thumb, 0 bytes, Stack size unknown bytes, startup_stm32l1xx_md.o(.text))
<BR><BR>[Called By]<UL><LI><a href="#[42]">&gt;&gt;</a>&nbsp;&nbsp;&nbsp;__user_setup_stackheap
</UL>

<P><STRONG><a name="[4c]"></a>GPIO_DeInit</STRONG> (Thumb, 196 bytes, Stack size 8 bytes, stm32l1xx_gpio.o(.text), UNUSED)
<BR><BR>[Calls]<UL><LI><a href="#[4d]">&gt;&gt;</a>&nbsp;&nbsp;&nbsp;RCC_AHBPeriphResetCmd
</UL>

<P><STRONG><a name="[5b]"></a>GPIO_Init</STRONG> (Thumb, 144 bytes, Stack size 20 bytes, stm32l1xx_gpio.o(.text))
<BR><BR>[Stack]<UL><LI>Max Depth = 20<LI>Call Chain = GPIO_Init
</UL>
<BR>[Called By]<UL><LI><a href="#[55]">&gt;&gt;</a>&nbsp;&nbsp;&nbsp;SPI1_Init
<LI><a href="#[56]">&gt;&gt;</a>&nbsp;&nbsp;&nbsp;LED_Init
</UL>

<P><STRONG><a name="[c6]"></a>GPIO_StructInit</STRONG> (Thumb, 18 bytes, Stack size 0 bytes, stm32l1xx_gpio.o(.text), UNUSED)

<P><STRONG><a name="[c7]"></a>GPIO_PinLockConfig</STRONG> (Thumb, 34 bytes, Stack size 8 bytes, stm32l1xx_gpio.o(.text), UNUSED)

<P><STRONG><a name="[c8]"></a>GPIO_ReadInputDataBit</STRONG> (Thumb, 18 bytes, Stack size 0 bytes, stm32l1xx_gpio.o(.text), UNUSED)

<P><STRONG><a name="[c9]"></a>GPIO_ReadInputData</STRONG> (Thumb, 6 bytes, Stack size 0 bytes, stm32l1xx_gpio.o(.text), UNUSED)

<P><STRONG><a name="[ca]"></a>GPIO_ReadOutputDataBit</STRONG> (Thumb, 18 bytes, Stack size 0 bytes, stm32l1xx_gpio.o(.text), UNUSED)

<P><STRONG><a name="[cb]"></a>GPIO_ReadOutputData</STRONG> (Thumb, 6 bytes, Stack size 0 bytes, stm32l1xx_gpio.o(.text), UNUSED)

<P><STRONG><a name="[5c]"></a>GPIO_SetBits</STRONG> (Thumb, 4 bytes, Stack size 0 bytes, stm32l1xx_gpio.o(.text))
<BR><BR>[Called By]<UL><LI><a href="#[55]">&gt;&gt;</a>&nbsp;&nbsp;&nbsp;SPI1_Init
<LI><a href="#[56]">&gt;&gt;</a>&nbsp;&nbsp;&nbsp;LED_Init
</UL>

<P><STRONG><a name="[cc]"></a>GPIO_ResetBits</STRONG> (Thumb, 4 bytes, Stack size 0 bytes, stm32l1xx_gpio.o(.text), UNUSED)

<P><STRONG><a name="[cd]"></a>GPIO_WriteBit</STRONG> (Thumb, 10 bytes, Stack size 0 bytes, stm32l1xx_gpio.o(.text), UNUSED)

<P><STRONG><a name="[ce]"></a>GPIO_Write</STRONG> (Thumb, 4 bytes, Stack size 0 bytes, stm32l1xx_gpio.o(.text), UNUSED)

<P><STRONG><a name="[cf]"></a>GPIO_ToggleBits</STRONG> (Thumb, 8 bytes, Stack size 0 bytes, stm32l1xx_gpio.o(.text), UNUSED)

<P><STRONG><a name="[5d]"></a>GPIO_PinAFConfig</STRONG> (Thumb, 70 bytes, Stack size 20 bytes, stm32l1xx_gpio.o(.text))
<BR><BR>[Stack]<UL><LI>Max Depth = 20<LI>Call Chain = GPIO_PinAFConfig
</UL>
<BR>[Called By]<UL><LI><a href="#[55]">&gt;&gt;</a>&nbsp;&nbsp;&nbsp;SPI1_Init
</UL>

<P><STRONG><a name="[d0]"></a>RCC_DeInit</STRONG> (Thumb, 74 bytes, Stack size 0 bytes, stm32l1xx_rcc.o(.text), UNUSED)

<P><STRONG><a name="[d1]"></a>RCC_HSEConfig</STRONG> (Thumb, 14 bytes, Stack size 0 bytes, stm32l1xx_rcc.o(.text), UNUSED)

<P><STRONG><a name="[4f]"></a>RCC_GetFlagStatus</STRONG> (Thumb, 48 bytes, Stack size 8 bytes, stm32l1xx_rcc.o(.text), UNUSED)
<BR><BR>[Called By]<UL><LI><a href="#[4e]">&gt;&gt;</a>&nbsp;&nbsp;&nbsp;RCC_WaitForHSEStartUp
</UL>

<P><STRONG><a name="[4e]"></a>RCC_WaitForHSEStartUp</STRONG> (Thumb, 56 bytes, Stack size 16 bytes, stm32l1xx_rcc.o(.text), UNUSED)
<BR><BR>[Calls]<UL><LI><a href="#[4f]">&gt;&gt;</a>&nbsp;&nbsp;&nbsp;RCC_GetFlagStatus
</UL>

<P><STRONG><a name="[d2]"></a>RCC_AdjustMSICalibrationValue</STRONG> (Thumb, 8 bytes, Stack size 0 bytes, stm32l1xx_rcc.o(.text), UNUSED)

<P><STRONG><a name="[d3]"></a>RCC_MSIRangeConfig</STRONG> (Thumb, 20 bytes, Stack size 0 bytes, stm32l1xx_rcc.o(.text), UNUSED)

<P><STRONG><a name="[d4]"></a>RCC_MSICmd</STRONG> (Thumb, 6 bytes, Stack size 0 bytes, stm32l1xx_rcc.o(.text), UNUSED)

<P><STRONG><a name="[d5]"></a>RCC_AdjustHSICalibrationValue</STRONG> (Thumb, 22 bytes, Stack size 0 bytes, stm32l1xx_rcc.o(.text), UNUSED)

<P><STRONG><a name="[d6]"></a>RCC_HSICmd</STRONG> (Thumb, 6 bytes, Stack size 0 bytes, stm32l1xx_rcc.o(.text), UNUSED)

<P><STRONG><a name="[d7]"></a>RCC_LSEConfig</STRONG> (Thumb, 14 bytes, Stack size 0 bytes, stm32l1xx_rcc.o(.text), UNUSED)

<P><STRONG><a name="[d8]"></a>RCC_LSICmd</STRONG> (Thumb, 6 bytes, Stack size 0 bytes, stm32l1xx_rcc.o(.text), UNUSED)

<P><STRONG><a name="[d9]"></a>RCC_PLLConfig</STRONG> (Thumb, 16 bytes, Stack size 8 bytes, stm32l1xx_rcc.o(.text), UNUSED)

<P><STRONG><a name="[da]"></a>RCC_PLLCmd</STRONG> (Thumb, 6 bytes, Stack size 0 bytes, stm32l1xx_rcc.o(.text), UNUSED)

<P><STRONG><a name="[db]"></a>RCC_ClockSecuritySystemCmd</STRONG> (Thumb, 6 bytes, Stack size 0 bytes, stm32l1xx_rcc.o(.text), UNUSED)

<P><STRONG><a name="[dc]"></a>RCC_LSEClockSecuritySystemCmd</STRONG> (Thumb, 8 bytes, Stack size 0 bytes, stm32l1xx_rcc.o(.text), UNUSED)

<P><STRONG><a name="[dd]"></a>RCC_MCOConfig</STRONG> (Thumb, 12 bytes, Stack size 0 bytes, stm32l1xx_rcc.o(.text), UNUSED)

<P><STRONG><a name="[de]"></a>RCC_SYSCLKConfig</STRONG> (Thumb, 20 bytes, Stack size 0 bytes, stm32l1xx_rcc.o(.text), UNUSED)

<P><STRONG><a name="[df]"></a>RCC_GetSYSCLKSource</STRONG> (Thumb, 12 bytes, Stack size 0 bytes, stm32l1xx_rcc.o(.text), UNUSED)

<P><STRONG><a name="[e0]"></a>RCC_HCLKConfig</STRONG> (Thumb, 20 bytes, Stack size 0 bytes, stm32l1xx_rcc.o(.text), UNUSED)

<P><STRONG><a name="[e1]"></a>RCC_PCLK1Config</STRONG> (Thumb, 20 bytes, Stack size 0 bytes, stm32l1xx_rcc.o(.text), UNUSED)

<P><STRONG><a name="[e2]"></a>RCC_PCLK2Config</STRONG> (Thumb, 22 bytes, Stack size 0 bytes, stm32l1xx_rcc.o(.text), UNUSED)

<P><STRONG><a name="[54]"></a>RCC_GetClocksFreq</STRONG> (Thumb, 248 bytes, Stack size 20 bytes, stm32l1xx_rcc.o(.text), UNUSED)
<BR><BR>[Called By]<UL><LI><a href="#[53]">&gt;&gt;</a>&nbsp;&nbsp;&nbsp;I2S_Init
</UL>

<P><STRONG><a name="[e3]"></a>RCC_RTCCLKConfig</STRONG> (Thumb, 64 bytes, Stack size 0 bytes, stm32l1xx_rcc.o(.text), UNUSED)

<P><STRONG><a name="[e4]"></a>RCC_RTCCLKCmd</STRONG> (Thumb, 8 bytes, Stack size 0 bytes, stm32l1xx_rcc.o(.text), UNUSED)

<P><STRONG><a name="[e5]"></a>RCC_RTCResetCmd</STRONG> (Thumb, 8 bytes, Stack size 0 bytes, stm32l1xx_rcc.o(.text), UNUSED)

<P><STRONG><a name="[5a]"></a>RCC_AHBPeriphClockCmd</STRONG> (Thumb, 34 bytes, Stack size 0 bytes, stm32l1xx_rcc.o(.text))
<BR><BR>[Called By]<UL><LI><a href="#[55]">&gt;&gt;</a>&nbsp;&nbsp;&nbsp;SPI1_Init
<LI><a href="#[56]">&gt;&gt;</a>&nbsp;&nbsp;&nbsp;LED_Init
</UL>

<P><STRONG><a name="[5e]"></a>RCC_APB2PeriphClockCmd</STRONG> (Thumb, 34 bytes, Stack size 0 bytes, stm32l1xx_rcc.o(.text))
<BR><BR>[Called By]<UL><LI><a href="#[55]">&gt;&gt;</a>&nbsp;&nbsp;&nbsp;SPI1_Init
</UL>

<P><STRONG><a name="[e6]"></a>RCC_APB1PeriphClockCmd</STRONG> (Thumb, 34 bytes, Stack size 0 bytes, stm32l1xx_rcc.o(.text), UNUSED)

<P><STRONG><a name="[4d]"></a>RCC_AHBPeriphResetCmd</STRONG> (Thumb, 34 bytes, Stack size 0 bytes, stm32l1xx_rcc.o(.text), UNUSED)
<BR><BR>[Called By]<UL><LI><a href="#[4c]">&gt;&gt;</a>&nbsp;&nbsp;&nbsp;GPIO_DeInit
</UL>

<P><STRONG><a name="[51]"></a>RCC_APB2PeriphResetCmd</STRONG> (Thumb, 34 bytes, Stack size 0 bytes, stm32l1xx_rcc.o(.text), UNUSED)
<BR><BR>[Called By]<UL><LI><a href="#[50]">&gt;&gt;</a>&nbsp;&nbsp;&nbsp;SPI_I2S_DeInit
</UL>

<P><STRONG><a name="[52]"></a>RCC_APB1PeriphResetCmd</STRONG> (Thumb, 34 bytes, Stack size 0 bytes, stm32l1xx_rcc.o(.text), UNUSED)
<BR><BR>[Called By]<UL><LI><a href="#[50]">&gt;&gt;</a>&nbsp;&nbsp;&nbsp;SPI_I2S_DeInit
</UL>

<P><STRONG><a name="[e7]"></a>RCC_AHBPeriphClockLPModeCmd</STRONG> (Thumb, 34 bytes, Stack size 0 bytes, stm32l1xx_rcc.o(.text), UNUSED)

<P><STRONG><a name="[e8]"></a>RCC_APB2PeriphClockLPModeCmd</STRONG> (Thumb, 66 bytes, Stack size 0 bytes, stm32l1xx_rcc.o(.text), UNUSED)

<P><STRONG><a name="[e9]"></a>RCC_APB1PeriphClockLPModeCmd</STRONG> (Thumb, 34 bytes, Stack size 0 bytes, stm32l1xx_rcc.o(.text), UNUSED)

<P><STRONG><a name="[ea]"></a>RCC_ITConfig</STRONG> (Thumb, 34 bytes, Stack size 0 bytes, stm32l1xx_rcc.o(.text), UNUSED)

<P><STRONG><a name="[eb]"></a>RCC_ClearFlag</STRONG> (Thumb, 18 bytes, Stack size 0 bytes, stm32l1xx_rcc.o(.text), UNUSED)

<P><STRONG><a name="[ec]"></a>RCC_GetITStatus</STRONG> (Thumb, 22 bytes, Stack size 0 bytes, stm32l1xx_rcc.o(.text), UNUSED)

<P><STRONG><a name="[ed]"></a>RCC_ClearITPendingBit</STRONG> (Thumb, 8 bytes, Stack size 0 bytes, stm32l1xx_rcc.o(.text), UNUSED)

<P><STRONG><a name="[50]"></a>SPI_I2S_DeInit</STRONG> (Thumb, 76 bytes, Stack size 8 bytes, stm32l1xx_spi.o(.text), UNUSED)
<BR><BR>[Calls]<UL><LI><a href="#[52]">&gt;&gt;</a>&nbsp;&nbsp;&nbsp;RCC_APB1PeriphResetCmd
<LI><a href="#[51]">&gt;&gt;</a>&nbsp;&nbsp;&nbsp;RCC_APB2PeriphResetCmd
</UL>

<P><STRONG><a name="[5f]"></a>SPI_Init</STRONG> (Thumb, 60 bytes, Stack size 8 bytes, stm32l1xx_spi.o(.text))
<BR><BR>[Stack]<UL><LI>Max Depth = 8<LI>Call Chain = SPI_Init
</UL>
<BR>[Called By]<UL><LI><a href="#[55]">&gt;&gt;</a>&nbsp;&nbsp;&nbsp;SPI1_Init
</UL>

<P><STRONG><a name="[53]"></a>I2S_Init</STRONG> (Thumb, 212 bytes, Stack size 56 bytes, stm32l1xx_spi.o(.text), UNUSED)
<BR><BR>[Calls]<UL><LI><a href="#[54]">&gt;&gt;</a>&nbsp;&nbsp;&nbsp;RCC_GetClocksFreq
</UL>

<P><STRONG><a name="[ee]"></a>SPI_StructInit</STRONG> (Thumb, 24 bytes, Stack size 0 bytes, stm32l1xx_spi.o(.text), UNUSED)

<P><STRONG><a name="[ef]"></a>I2S_StructInit</STRONG> (Thumb, 20 bytes, Stack size 0 bytes, stm32l1xx_spi.o(.text), UNUSED)

<P><STRONG><a name="[60]"></a>SPI_Cmd</STRONG> (Thumb, 24 bytes, Stack size 0 bytes, stm32l1xx_spi.o(.text))
<BR><BR>[Called By]<UL><LI><a href="#[55]">&gt;&gt;</a>&nbsp;&nbsp;&nbsp;SPI1_Init
</UL>

<P><STRONG><a name="[f0]"></a>I2S_Cmd</STRONG> (Thumb, 24 bytes, Stack size 0 bytes, stm32l1xx_spi.o(.text), UNUSED)

<P><STRONG><a name="[f1]"></a>SPI_DataSizeConfig</STRONG> (Thumb, 18 bytes, Stack size 0 bytes, stm32l1xx_spi.o(.text), UNUSED)

<P><STRONG><a name="[f2]"></a>SPI_BiDirectionalLineConfig</STRONG> (Thumb, 28 bytes, Stack size 0 bytes, stm32l1xx_spi.o(.text), UNUSED)

<P><STRONG><a name="[f3]"></a>SPI_NSSInternalSoftwareConfig</STRONG> (Thumb, 30 bytes, Stack size 0 bytes, stm32l1xx_spi.o(.text), UNUSED)

<P><STRONG><a name="[f4]"></a>SPI_SSOutputCmd</STRONG> (Thumb, 24 bytes, Stack size 0 bytes, stm32l1xx_spi.o(.text), UNUSED)

<P><STRONG><a name="[f5]"></a>SPI_I2S_ReceiveData</STRONG> (Thumb, 6 bytes, Stack size 0 bytes, stm32l1xx_spi.o(.text), UNUSED)

<P><STRONG><a name="[f6]"></a>SPI_I2S_SendData</STRONG> (Thumb, 4 bytes, Stack size 0 bytes, stm32l1xx_spi.o(.text), UNUSED)

<P><STRONG><a name="[f7]"></a>SPI_CalculateCRC</STRONG> (Thumb, 24 bytes, Stack size 0 bytes, stm32l1xx_spi.o(.text), UNUSED)

<P><STRONG><a name="[f8]"></a>SPI_TransmitCRC</STRONG> (Thumb, 10 bytes, Stack size 0 bytes, stm32l1xx_spi.o(.text), UNUSED)

<P><STRONG><a name="[f9]"></a>SPI_GetCRC</STRONG> (Thumb, 16 bytes, Stack size 0 bytes, stm32l1xx_spi.o(.text), UNUSED)

<P><STRONG><a name="[fa]"></a>SPI_GetCRCPolynomial</STRONG> (Thumb, 6 bytes, Stack size 0 bytes, stm32l1xx_spi.o(.text), UNUSED)

<P><STRONG><a name="[fb]"></a>SPI_I2S_DMACmd</STRONG> (Thumb, 18 bytes, Stack size 0 bytes, stm32l1xx_spi.o(.text), UNUSED)

<P><STRONG><a name="[fc]"></a>SPI_I2S_ITConfig</STRONG> (Thumb, 32 bytes, Stack size 12 bytes, stm32l1xx_spi.o(.text), UNUSED)

<P><STRONG><a name="[fd]"></a>SPI_I2S_GetFlagStatus</STRONG> (Thumb, 18 bytes, Stack size 0 bytes, stm32l1xx_spi.o(.text), UNUSED)

<P><STRONG><a name="[fe]"></a>SPI_I2S_ClearFlag</STRONG> (Thumb, 6 bytes, Stack size 0 bytes, stm32l1xx_spi.o(.text), UNUSED)

<P><STRONG><a name="[ff]"></a>SPI_I2S_GetITStatus</STRONG> (Thumb, 52 bytes, Stack size 20 bytes, stm32l1xx_spi.o(.text), UNUSED)

<P><STRONG><a name="[100]"></a>SPI_I2S_ClearITPendingBit</STRONG> (Thumb, 20 bytes, Stack size 8 bytes, stm32l1xx_spi.o(.text), UNUSED)

<P><STRONG><a name="[46]"></a>main</STRONG> (Thumb, 20 bytes, Stack size 0 bytes, main.o(.text))
<BR><BR>[Stack]<UL><LI>Max Depth = 104<LI>Call Chain = main &rArr; simple_server &rArr; make_udp_reply_from_request &rArr; enc28j60PacketSend &rArr; enc28j60Write &rArr; enc28j60SetBank &rArr; enc28j60WriteOp
</UL>
<BR>[Calls]<UL><LI><a href="#[58]">&gt;&gt;</a>&nbsp;&nbsp;&nbsp;simple_server
<LI><a href="#[55]">&gt;&gt;</a>&nbsp;&nbsp;&nbsp;SPI1_Init
<LI><a href="#[56]">&gt;&gt;</a>&nbsp;&nbsp;&nbsp;LED_Init
<LI><a href="#[57]">&gt;&gt;</a>&nbsp;&nbsp;&nbsp;Adc_Init
</UL>
<BR>[Called By]<UL><LI><a href="#[45]">&gt;&gt;</a>&nbsp;&nbsp;&nbsp;__rt_entry_main
</UL>

<P><STRONG><a name="[3a]"></a>SystemInit</STRONG> (Thumb, 88 bytes, Stack size 8 bytes, system_stm32l1xx.o(.text))
<BR><BR>[Stack]<UL><LI>Max Depth = 20<LI>Call Chain = SystemInit &rArr; SetSysClock
</UL>
<BR>[Calls]<UL><LI><a href="#[59]">&gt;&gt;</a>&nbsp;&nbsp;&nbsp;SetSysClock
</UL>
<BR>[Address Reference Count : 1]<UL><LI> startup_stm32l1xx_md.o(.text)
</UL>
<P><STRONG><a name="[101]"></a>SystemCoreClockUpdate</STRONG> (Thumb, 204 bytes, Stack size 16 bytes, system_stm32l1xx.o(.text), UNUSED)

<P><STRONG><a name="[55]"></a>SPI1_Init</STRONG> (Thumb, 222 bytes, Stack size 32 bytes, spi.o(.text))
<BR><BR>[Stack]<UL><LI>Max Depth = 52<LI>Call Chain = SPI1_Init &rArr; GPIO_PinAFConfig
</UL>
<BR>[Calls]<UL><LI><a href="#[5e]">&gt;&gt;</a>&nbsp;&nbsp;&nbsp;RCC_APB2PeriphClockCmd
<LI><a href="#[5a]">&gt;&gt;</a>&nbsp;&nbsp;&nbsp;RCC_AHBPeriphClockCmd
<LI><a href="#[5d]">&gt;&gt;</a>&nbsp;&nbsp;&nbsp;GPIO_PinAFConfig
<LI><a href="#[5c]">&gt;&gt;</a>&nbsp;&nbsp;&nbsp;GPIO_SetBits
<LI><a href="#[5b]">&gt;&gt;</a>&nbsp;&nbsp;&nbsp;GPIO_Init
<LI><a href="#[60]">&gt;&gt;</a>&nbsp;&nbsp;&nbsp;SPI_Cmd
<LI><a href="#[5f]">&gt;&gt;</a>&nbsp;&nbsp;&nbsp;SPI_Init
</UL>
<BR>[Called By]<UL><LI><a href="#[46]">&gt;&gt;</a>&nbsp;&nbsp;&nbsp;main
</UL>

<P><STRONG><a name="[102]"></a>SPI1_SetSpeed</STRONG> (Thumb, 40 bytes, Stack size 0 bytes, spi.o(.text), UNUSED)

<P><STRONG><a name="[62]"></a>SPI1_ReadWrite</STRONG> (Thumb, 78 bytes, Stack size 0 bytes, spi.o(.text))
<BR><BR>[Called By]<UL><LI><a href="#[65]">&gt;&gt;</a>&nbsp;&nbsp;&nbsp;enc28j60WriteBuffer
<LI><a href="#[64]">&gt;&gt;</a>&nbsp;&nbsp;&nbsp;enc28j60ReadBuffer
<LI><a href="#[63]">&gt;&gt;</a>&nbsp;&nbsp;&nbsp;enc28j60WriteOp
<LI><a href="#[61]">&gt;&gt;</a>&nbsp;&nbsp;&nbsp;enc28j60ReadOp
</UL>

<P><STRONG><a name="[61]"></a>enc28j60ReadOp</STRONG> (Thumb, 72 bytes, Stack size 16 bytes, enc28j60.o(.text))
<BR><BR>[Stack]<UL><LI>Max Depth = 16<LI>Call Chain = enc28j60ReadOp
</UL>
<BR>[Calls]<UL><LI><a href="#[62]">&gt;&gt;</a>&nbsp;&nbsp;&nbsp;SPI1_ReadWrite
</UL>
<BR>[Called By]<UL><LI><a href="#[6e]">&gt;&gt;</a>&nbsp;&nbsp;&nbsp;enc28j60PacketReceive
<LI><a href="#[67]">&gt;&gt;</a>&nbsp;&nbsp;&nbsp;enc28j60Read
</UL>

<P><STRONG><a name="[63]"></a>enc28j60WriteOp</STRONG> (Thumb, 62 bytes, Stack size 24 bytes, enc28j60.o(.text))
<BR><BR>[Stack]<UL><LI>Max Depth = 24<LI>Call Chain = enc28j60WriteOp
</UL>
<BR>[Calls]<UL><LI><a href="#[62]">&gt;&gt;</a>&nbsp;&nbsp;&nbsp;SPI1_ReadWrite
</UL>
<BR>[Called By]<UL><LI><a href="#[6e]">&gt;&gt;</a>&nbsp;&nbsp;&nbsp;enc28j60PacketReceive
<LI><a href="#[6d]">&gt;&gt;</a>&nbsp;&nbsp;&nbsp;enc28j60PacketSend
<LI><a href="#[6b]">&gt;&gt;</a>&nbsp;&nbsp;&nbsp;enc28j60Init
<LI><a href="#[68]">&gt;&gt;</a>&nbsp;&nbsp;&nbsp;enc28j60Write
<LI><a href="#[66]">&gt;&gt;</a>&nbsp;&nbsp;&nbsp;enc28j60SetBank
</UL>

<P><STRONG><a name="[64]"></a>enc28j60ReadBuffer</STRONG> (Thumb, 60 bytes, Stack size 16 bytes, enc28j60.o(.text))
<BR><BR>[Stack]<UL><LI>Max Depth = 16<LI>Call Chain = enc28j60ReadBuffer
</UL>
<BR>[Calls]<UL><LI><a href="#[62]">&gt;&gt;</a>&nbsp;&nbsp;&nbsp;SPI1_ReadWrite
</UL>
<BR>[Called By]<UL><LI><a href="#[6e]">&gt;&gt;</a>&nbsp;&nbsp;&nbsp;enc28j60PacketReceive
</UL>

<P><STRONG><a name="[65]"></a>enc28j60WriteBuffer</STRONG> (Thumb, 54 bytes, Stack size 16 bytes, enc28j60.o(.text))
<BR><BR>[Stack]<UL><LI>Max Depth = 16<LI>Call Chain = enc28j60WriteBuffer
</UL>
<BR>[Calls]<UL><LI><a href="#[62]">&gt;&gt;</a>&nbsp;&nbsp;&nbsp;SPI1_ReadWrite
</UL>
<BR>[Called By]<UL><LI><a href="#[6d]">&gt;&gt;</a>&nbsp;&nbsp;&nbsp;enc28j60PacketSend
</UL>

<P><STRONG><a name="[66]"></a>enc28j60SetBank</STRONG> (Thumb, 48 bytes, Stack size 8 bytes, enc28j60.o(.text))
<BR><BR>[Stack]<UL><LI>Max Depth = 32<LI>Call Chain = enc28j60SetBank &rArr; enc28j60WriteOp
</UL>
<BR>[Calls]<UL><LI><a href="#[63]">&gt;&gt;</a>&nbsp;&nbsp;&nbsp;enc28j60WriteOp
</UL>
<BR>[Called By]<UL><LI><a href="#[6b]">&gt;&gt;</a>&nbsp;&nbsp;&nbsp;enc28j60Init
<LI><a href="#[68]">&gt;&gt;</a>&nbsp;&nbsp;&nbsp;enc28j60Write
<LI><a href="#[67]">&gt;&gt;</a>&nbsp;&nbsp;&nbsp;enc28j60Read
</UL>

<P><STRONG><a name="[67]"></a>enc28j60Read</STRONG> (Thumb, 20 bytes, Stack size 8 bytes, enc28j60.o(.text))
<BR><BR>[Stack]<UL><LI>Max Depth = 40<LI>Call Chain = enc28j60Read &rArr; enc28j60SetBank &rArr; enc28j60WriteOp
</UL>
<BR>[Calls]<UL><LI><a href="#[66]">&gt;&gt;</a>&nbsp;&nbsp;&nbsp;enc28j60SetBank
<LI><a href="#[61]">&gt;&gt;</a>&nbsp;&nbsp;&nbsp;enc28j60ReadOp
</UL>
<BR>[Called By]<UL><LI><a href="#[6e]">&gt;&gt;</a>&nbsp;&nbsp;&nbsp;enc28j60PacketReceive
<LI><a href="#[6d]">&gt;&gt;</a>&nbsp;&nbsp;&nbsp;enc28j60PacketSend
<LI><a href="#[6c]">&gt;&gt;</a>&nbsp;&nbsp;&nbsp;enc28j60getrev
<LI><a href="#[6b]">&gt;&gt;</a>&nbsp;&nbsp;&nbsp;enc28j60Init
<LI><a href="#[69]">&gt;&gt;</a>&nbsp;&nbsp;&nbsp;enc28j60PhyWrite
</UL>

<P><STRONG><a name="[68]"></a>enc28j60Write</STRONG> (Thumb, 24 bytes, Stack size 16 bytes, enc28j60.o(.text))
<BR><BR>[Stack]<UL><LI>Max Depth = 48<LI>Call Chain = enc28j60Write &rArr; enc28j60SetBank &rArr; enc28j60WriteOp
</UL>
<BR>[Calls]<UL><LI><a href="#[66]">&gt;&gt;</a>&nbsp;&nbsp;&nbsp;enc28j60SetBank
<LI><a href="#[63]">&gt;&gt;</a>&nbsp;&nbsp;&nbsp;enc28j60WriteOp
</UL>
<BR>[Called By]<UL><LI><a href="#[6e]">&gt;&gt;</a>&nbsp;&nbsp;&nbsp;enc28j60PacketReceive
<LI><a href="#[6d]">&gt;&gt;</a>&nbsp;&nbsp;&nbsp;enc28j60PacketSend
<LI><a href="#[6b]">&gt;&gt;</a>&nbsp;&nbsp;&nbsp;enc28j60Init
<LI><a href="#[6a]">&gt;&gt;</a>&nbsp;&nbsp;&nbsp;enc28j60clkout
<LI><a href="#[69]">&gt;&gt;</a>&nbsp;&nbsp;&nbsp;enc28j60PhyWrite
</UL>

<P><STRONG><a name="[69]"></a>enc28j60PhyWrite</STRONG> (Thumb, 60 bytes, Stack size 16 bytes, enc28j60.o(.text))
<BR><BR>[Stack]<UL><LI>Max Depth = 64<LI>Call Chain = enc28j60PhyWrite &rArr; enc28j60Write &rArr; enc28j60SetBank &rArr; enc28j60WriteOp
</UL>
<BR>[Calls]<UL><LI><a href="#[68]">&gt;&gt;</a>&nbsp;&nbsp;&nbsp;enc28j60Write
<LI><a href="#[67]">&gt;&gt;</a>&nbsp;&nbsp;&nbsp;enc28j60Read
</UL>
<BR>[Called By]<UL><LI><a href="#[6b]">&gt;&gt;</a>&nbsp;&nbsp;&nbsp;enc28j60Init
<LI><a href="#[58]">&gt;&gt;</a>&nbsp;&nbsp;&nbsp;simple_server
</UL>

<P><STRONG><a name="[6a]"></a>enc28j60clkout</STRONG> (Thumb, 16 bytes, Stack size 8 bytes, enc28j60.o(.text))
<BR><BR>[Stack]<UL><LI>Max Depth = 56<LI>Call Chain = enc28j60clkout &rArr; enc28j60Write &rArr; enc28j60SetBank &rArr; enc28j60WriteOp
</UL>
<BR>[Calls]<UL><LI><a href="#[68]">&gt;&gt;</a>&nbsp;&nbsp;&nbsp;enc28j60Write
</UL>
<BR>[Called By]<UL><LI><a href="#[58]">&gt;&gt;</a>&nbsp;&nbsp;&nbsp;simple_server
</UL>

<P><STRONG><a name="[6b]"></a>enc28j60Init</STRONG> (Thumb, 368 bytes, Stack size 16 bytes, enc28j60.o(.text))
<BR><BR>[Stack]<UL><LI>Max Depth = 80<LI>Call Chain = enc28j60Init &rArr; enc28j60PhyWrite &rArr; enc28j60Write &rArr; enc28j60SetBank &rArr; enc28j60WriteOp
</UL>
<BR>[Calls]<UL><LI><a href="#[69]">&gt;&gt;</a>&nbsp;&nbsp;&nbsp;enc28j60PhyWrite
<LI><a href="#[68]">&gt;&gt;</a>&nbsp;&nbsp;&nbsp;enc28j60Write
<LI><a href="#[67]">&gt;&gt;</a>&nbsp;&nbsp;&nbsp;enc28j60Read
<LI><a href="#[66]">&gt;&gt;</a>&nbsp;&nbsp;&nbsp;enc28j60SetBank
<LI><a href="#[63]">&gt;&gt;</a>&nbsp;&nbsp;&nbsp;enc28j60WriteOp
</UL>
<BR>[Called By]<UL><LI><a href="#[58]">&gt;&gt;</a>&nbsp;&nbsp;&nbsp;simple_server
</UL>

<P><STRONG><a name="[6c]"></a>enc28j60getrev</STRONG> (Thumb, 10 bytes, Stack size 8 bytes, enc28j60.o(.text))
<BR><BR>[Stack]<UL><LI>Max Depth = 48<LI>Call Chain = enc28j60getrev &rArr; enc28j60Read &rArr; enc28j60SetBank &rArr; enc28j60WriteOp
</UL>
<BR>[Calls]<UL><LI><a href="#[67]">&gt;&gt;</a>&nbsp;&nbsp;&nbsp;enc28j60Read
</UL>
<BR>[Called By]<UL><LI><a href="#[58]">&gt;&gt;</a>&nbsp;&nbsp;&nbsp;simple_server
</UL>

<P><STRONG><a name="[6d]"></a>enc28j60PacketSend</STRONG> (Thumb, 102 bytes, Stack size 16 bytes, enc28j60.o(.text))
<BR><BR>[Stack]<UL><LI>Max Depth = 64<LI>Call Chain = enc28j60PacketSend &rArr; enc28j60Write &rArr; enc28j60SetBank &rArr; enc28j60WriteOp
</UL>
<BR>[Calls]<UL><LI><a href="#[68]">&gt;&gt;</a>&nbsp;&nbsp;&nbsp;enc28j60Write
<LI><a href="#[67]">&gt;&gt;</a>&nbsp;&nbsp;&nbsp;enc28j60Read
<LI><a href="#[65]">&gt;&gt;</a>&nbsp;&nbsp;&nbsp;enc28j60WriteBuffer
<LI><a href="#[63]">&gt;&gt;</a>&nbsp;&nbsp;&nbsp;enc28j60WriteOp
</UL>
<BR>[Called By]<UL><LI><a href="#[79]">&gt;&gt;</a>&nbsp;&nbsp;&nbsp;make_tcp_ack_with_data
<LI><a href="#[78]">&gt;&gt;</a>&nbsp;&nbsp;&nbsp;make_tcp_ack_from_any
<LI><a href="#[76]">&gt;&gt;</a>&nbsp;&nbsp;&nbsp;make_tcp_synack_from_syn
<LI><a href="#[75]">&gt;&gt;</a>&nbsp;&nbsp;&nbsp;make_udp_reply_from_request
<LI><a href="#[74]">&gt;&gt;</a>&nbsp;&nbsp;&nbsp;make_echo_reply_from_request
<LI><a href="#[72]">&gt;&gt;</a>&nbsp;&nbsp;&nbsp;make_arp_answer_from_request
</UL>

<P><STRONG><a name="[6e]"></a>enc28j60PacketReceive</STRONG> (Thumb, 202 bytes, Stack size 24 bytes, enc28j60.o(.text))
<BR><BR>[Stack]<UL><LI>Max Depth = 72<LI>Call Chain = enc28j60PacketReceive &rArr; enc28j60Write &rArr; enc28j60SetBank &rArr; enc28j60WriteOp
</UL>
<BR>[Calls]<UL><LI><a href="#[68]">&gt;&gt;</a>&nbsp;&nbsp;&nbsp;enc28j60Write
<LI><a href="#[67]">&gt;&gt;</a>&nbsp;&nbsp;&nbsp;enc28j60Read
<LI><a href="#[64]">&gt;&gt;</a>&nbsp;&nbsp;&nbsp;enc28j60ReadBuffer
<LI><a href="#[63]">&gt;&gt;</a>&nbsp;&nbsp;&nbsp;enc28j60WriteOp
<LI><a href="#[61]">&gt;&gt;</a>&nbsp;&nbsp;&nbsp;enc28j60ReadOp
</UL>
<BR>[Called By]<UL><LI><a href="#[58]">&gt;&gt;</a>&nbsp;&nbsp;&nbsp;simple_server
</UL>

<P><STRONG><a name="[70]"></a>checksum</STRONG> (Thumb, 84 bytes, Stack size 12 bytes, ip_arp_udp_tcp.o(.text))
<BR><BR>[Stack]<UL><LI>Max Depth = 12<LI>Call Chain = checksum
</UL>
<BR>[Called By]<UL><LI><a href="#[79]">&gt;&gt;</a>&nbsp;&nbsp;&nbsp;make_tcp_ack_with_data
<LI><a href="#[78]">&gt;&gt;</a>&nbsp;&nbsp;&nbsp;make_tcp_ack_from_any
<LI><a href="#[76]">&gt;&gt;</a>&nbsp;&nbsp;&nbsp;make_tcp_synack_from_syn
<LI><a href="#[75]">&gt;&gt;</a>&nbsp;&nbsp;&nbsp;make_udp_reply_from_request
<LI><a href="#[6f]">&gt;&gt;</a>&nbsp;&nbsp;&nbsp;fill_ip_hdr_checksum
</UL>

<P><STRONG><a name="[80]"></a>init_ip_arp_udp_tcp</STRONG> (Thumb, 46 bytes, Stack size 12 bytes, ip_arp_udp_tcp.o(.text))
<BR><BR>[Stack]<UL><LI>Max Depth = 12<LI>Call Chain = init_ip_arp_udp_tcp
</UL>
<BR>[Called By]<UL><LI><a href="#[58]">&gt;&gt;</a>&nbsp;&nbsp;&nbsp;simple_server
</UL>

<P><STRONG><a name="[82]"></a>eth_type_is_arp_and_my_ip</STRONG> (Thumb, 64 bytes, Stack size 8 bytes, ip_arp_udp_tcp.o(.text))
<BR><BR>[Stack]<UL><LI>Max Depth = 8<LI>Call Chain = eth_type_is_arp_and_my_ip
</UL>
<BR>[Called By]<UL><LI><a href="#[58]">&gt;&gt;</a>&nbsp;&nbsp;&nbsp;simple_server
</UL>

<P><STRONG><a name="[83]"></a>eth_type_is_ip_and_my_ip</STRONG> (Thumb, 72 bytes, Stack size 8 bytes, ip_arp_udp_tcp.o(.text))
<BR><BR>[Stack]<UL><LI>Max Depth = 8<LI>Call Chain = eth_type_is_ip_and_my_ip
</UL>
<BR>[Called By]<UL><LI><a href="#[58]">&gt;&gt;</a>&nbsp;&nbsp;&nbsp;simple_server
</UL>

<P><STRONG><a name="[73]"></a>make_eth</STRONG> (Thumb, 30 bytes, Stack size 0 bytes, ip_arp_udp_tcp.o(.text))
<BR><BR>[Called By]<UL><LI><a href="#[78]">&gt;&gt;</a>&nbsp;&nbsp;&nbsp;make_tcp_ack_from_any
<LI><a href="#[76]">&gt;&gt;</a>&nbsp;&nbsp;&nbsp;make_tcp_synack_from_syn
<LI><a href="#[75]">&gt;&gt;</a>&nbsp;&nbsp;&nbsp;make_udp_reply_from_request
<LI><a href="#[74]">&gt;&gt;</a>&nbsp;&nbsp;&nbsp;make_echo_reply_from_request
<LI><a href="#[72]">&gt;&gt;</a>&nbsp;&nbsp;&nbsp;make_arp_answer_from_request
</UL>

<P><STRONG><a name="[6f]"></a>fill_ip_hdr_checksum</STRONG> (Thumb, 44 bytes, Stack size 12 bytes, ip_arp_udp_tcp.o(.text))
<BR><BR>[Stack]<UL><LI>Max Depth = 24<LI>Call Chain = fill_ip_hdr_checksum &rArr; checksum
</UL>
<BR>[Calls]<UL><LI><a href="#[70]">&gt;&gt;</a>&nbsp;&nbsp;&nbsp;checksum
</UL>
<BR>[Called By]<UL><LI><a href="#[79]">&gt;&gt;</a>&nbsp;&nbsp;&nbsp;make_tcp_ack_with_data
<LI><a href="#[71]">&gt;&gt;</a>&nbsp;&nbsp;&nbsp;make_ip
</UL>

<P><STRONG><a name="[71]"></a>make_ip</STRONG> (Thumb, 44 bytes, Stack size 12 bytes, ip_arp_udp_tcp.o(.text))
<BR><BR>[Stack]<UL><LI>Max Depth = 36<LI>Call Chain = make_ip &rArr; fill_ip_hdr_checksum &rArr; checksum
</UL>
<BR>[Calls]<UL><LI><a href="#[6f]">&gt;&gt;</a>&nbsp;&nbsp;&nbsp;fill_ip_hdr_checksum
</UL>
<BR>[Called By]<UL><LI><a href="#[78]">&gt;&gt;</a>&nbsp;&nbsp;&nbsp;make_tcp_ack_from_any
<LI><a href="#[76]">&gt;&gt;</a>&nbsp;&nbsp;&nbsp;make_tcp_synack_from_syn
<LI><a href="#[75]">&gt;&gt;</a>&nbsp;&nbsp;&nbsp;make_udp_reply_from_request
<LI><a href="#[74]">&gt;&gt;</a>&nbsp;&nbsp;&nbsp;make_echo_reply_from_request
</UL>

<P><STRONG><a name="[77]"></a>make_tcphead</STRONG> (Thumb, 164 bytes, Stack size 20 bytes, ip_arp_udp_tcp.o(.text))
<BR><BR>[Stack]<UL><LI>Max Depth = 20<LI>Call Chain = make_tcphead
</UL>
<BR>[Called By]<UL><LI><a href="#[78]">&gt;&gt;</a>&nbsp;&nbsp;&nbsp;make_tcp_ack_from_any
<LI><a href="#[76]">&gt;&gt;</a>&nbsp;&nbsp;&nbsp;make_tcp_synack_from_syn
</UL>

<P><STRONG><a name="[72]"></a>make_arp_answer_from_request</STRONG> (Thumb, 92 bytes, Stack size 16 bytes, ip_arp_udp_tcp.o(.text))
<BR><BR>[Stack]<UL><LI>Max Depth = 80<LI>Call Chain = make_arp_answer_from_request &rArr; enc28j60PacketSend &rArr; enc28j60Write &rArr; enc28j60SetBank &rArr; enc28j60WriteOp
</UL>
<BR>[Calls]<UL><LI><a href="#[73]">&gt;&gt;</a>&nbsp;&nbsp;&nbsp;make_eth
<LI><a href="#[6d]">&gt;&gt;</a>&nbsp;&nbsp;&nbsp;enc28j60PacketSend
</UL>
<BR>[Called By]<UL><LI><a href="#[58]">&gt;&gt;</a>&nbsp;&nbsp;&nbsp;simple_server
</UL>

<P><STRONG><a name="[74]"></a>make_echo_reply_from_request</STRONG> (Thumb, 62 bytes, Stack size 16 bytes, ip_arp_udp_tcp.o(.text))
<BR><BR>[Stack]<UL><LI>Max Depth = 80<LI>Call Chain = make_echo_reply_from_request &rArr; enc28j60PacketSend &rArr; enc28j60Write &rArr; enc28j60SetBank &rArr; enc28j60WriteOp
</UL>
<BR>[Calls]<UL><LI><a href="#[71]">&gt;&gt;</a>&nbsp;&nbsp;&nbsp;make_ip
<LI><a href="#[73]">&gt;&gt;</a>&nbsp;&nbsp;&nbsp;make_eth
<LI><a href="#[6d]">&gt;&gt;</a>&nbsp;&nbsp;&nbsp;enc28j60PacketSend
</UL>
<BR>[Called By]<UL><LI><a href="#[58]">&gt;&gt;</a>&nbsp;&nbsp;&nbsp;simple_server
</UL>

<P><STRONG><a name="[75]"></a>make_udp_reply_from_request</STRONG> (Thumb, 122 bytes, Stack size 32 bytes, ip_arp_udp_tcp.o(.text))
<BR><BR>[Stack]<UL><LI>Max Depth = 96<LI>Call Chain = make_udp_reply_from_request &rArr; enc28j60PacketSend &rArr; enc28j60Write &rArr; enc28j60SetBank &rArr; enc28j60WriteOp
</UL>
<BR>[Calls]<UL><LI><a href="#[71]">&gt;&gt;</a>&nbsp;&nbsp;&nbsp;make_ip
<LI><a href="#[73]">&gt;&gt;</a>&nbsp;&nbsp;&nbsp;make_eth
<LI><a href="#[70]">&gt;&gt;</a>&nbsp;&nbsp;&nbsp;checksum
<LI><a href="#[6d]">&gt;&gt;</a>&nbsp;&nbsp;&nbsp;enc28j60PacketSend
</UL>
<BR>[Called By]<UL><LI><a href="#[58]">&gt;&gt;</a>&nbsp;&nbsp;&nbsp;simple_server
</UL>

<P><STRONG><a name="[76]"></a>make_tcp_synack_from_syn</STRONG> (Thumb, 76 bytes, Stack size 16 bytes, ip_arp_udp_tcp.o(.text))
<BR><BR>[Stack]<UL><LI>Max Depth = 80<LI>Call Chain = make_tcp_synack_from_syn &rArr; enc28j60PacketSend &rArr; enc28j60Write &rArr; enc28j60SetBank &rArr; enc28j60WriteOp
</UL>
<BR>[Calls]<UL><LI><a href="#[77]">&gt;&gt;</a>&nbsp;&nbsp;&nbsp;make_tcphead
<LI><a href="#[71]">&gt;&gt;</a>&nbsp;&nbsp;&nbsp;make_ip
<LI><a href="#[73]">&gt;&gt;</a>&nbsp;&nbsp;&nbsp;make_eth
<LI><a href="#[70]">&gt;&gt;</a>&nbsp;&nbsp;&nbsp;checksum
<LI><a href="#[6d]">&gt;&gt;</a>&nbsp;&nbsp;&nbsp;enc28j60PacketSend
</UL>
<BR>[Called By]<UL><LI><a href="#[58]">&gt;&gt;</a>&nbsp;&nbsp;&nbsp;simple_server
</UL>

<P><STRONG><a name="[85]"></a>get_tcp_data_pointer</STRONG> (Thumb, 18 bytes, Stack size 0 bytes, ip_arp_udp_tcp.o(.text))
<BR><BR>[Called By]<UL><LI><a href="#[58]">&gt;&gt;</a>&nbsp;&nbsp;&nbsp;simple_server
</UL>

<P><STRONG><a name="[84]"></a>init_len_info</STRONG> (Thumb, 56 bytes, Stack size 0 bytes, ip_arp_udp_tcp.o(.text))
<BR><BR>[Called By]<UL><LI><a href="#[58]">&gt;&gt;</a>&nbsp;&nbsp;&nbsp;simple_server
</UL>

<P><STRONG><a name="[7e]"></a>fill_tcp_data_p</STRONG> (Thumb, 26 bytes, Stack size 8 bytes, ip_arp_udp_tcp.o(.text))
<BR><BR>[Stack]<UL><LI>Max Depth = 8<LI>Call Chain = fill_tcp_data_p
</UL>
<BR>[Called By]<UL><LI><a href="#[7d]">&gt;&gt;</a>&nbsp;&nbsp;&nbsp;print_webpage
<LI><a href="#[58]">&gt;&gt;</a>&nbsp;&nbsp;&nbsp;simple_server
</UL>

<P><STRONG><a name="[7f]"></a>fill_tcp_data</STRONG> (Thumb, 28 bytes, Stack size 8 bytes, ip_arp_udp_tcp.o(.text))
<BR><BR>[Stack]<UL><LI>Max Depth = 8<LI>Call Chain = fill_tcp_data
</UL>
<BR>[Called By]<UL><LI><a href="#[7d]">&gt;&gt;</a>&nbsp;&nbsp;&nbsp;print_webpage
</UL>

<P><STRONG><a name="[78]"></a>make_tcp_ack_from_any</STRONG> (Thumb, 124 bytes, Stack size 16 bytes, ip_arp_udp_tcp.o(.text))
<BR><BR>[Stack]<UL><LI>Max Depth = 80<LI>Call Chain = make_tcp_ack_from_any &rArr; enc28j60PacketSend &rArr; enc28j60Write &rArr; enc28j60SetBank &rArr; enc28j60WriteOp
</UL>
<BR>[Calls]<UL><LI><a href="#[77]">&gt;&gt;</a>&nbsp;&nbsp;&nbsp;make_tcphead
<LI><a href="#[71]">&gt;&gt;</a>&nbsp;&nbsp;&nbsp;make_ip
<LI><a href="#[73]">&gt;&gt;</a>&nbsp;&nbsp;&nbsp;make_eth
<LI><a href="#[70]">&gt;&gt;</a>&nbsp;&nbsp;&nbsp;checksum
<LI><a href="#[6d]">&gt;&gt;</a>&nbsp;&nbsp;&nbsp;enc28j60PacketSend
</UL>
<BR>[Called By]<UL><LI><a href="#[58]">&gt;&gt;</a>&nbsp;&nbsp;&nbsp;simple_server
</UL>

<P><STRONG><a name="[79]"></a>make_tcp_ack_with_data</STRONG> (Thumb, 76 bytes, Stack size 16 bytes, ip_arp_udp_tcp.o(.text))
<BR><BR>[Stack]<UL><LI>Max Depth = 80<LI>Call Chain = make_tcp_ack_with_data &rArr; enc28j60PacketSend &rArr; enc28j60Write &rArr; enc28j60SetBank &rArr; enc28j60WriteOp
</UL>
<BR>[Calls]<UL><LI><a href="#[6f]">&gt;&gt;</a>&nbsp;&nbsp;&nbsp;fill_ip_hdr_checksum
<LI><a href="#[70]">&gt;&gt;</a>&nbsp;&nbsp;&nbsp;checksum
<LI><a href="#[6d]">&gt;&gt;</a>&nbsp;&nbsp;&nbsp;enc28j60PacketSend
</UL>
<BR>[Called By]<UL><LI><a href="#[58]">&gt;&gt;</a>&nbsp;&nbsp;&nbsp;simple_server
</UL>

<P><STRONG><a name="[7a]"></a>verify_password</STRONG> (Thumb, 24 bytes, Stack size 8 bytes, simple_server.o(.text))
<BR><BR>[Stack]<UL><LI>Max Depth = 24<LI>Call Chain = verify_password &rArr; strncmp
</UL>
<BR>[Calls]<UL><LI><a href="#[7b]">&gt;&gt;</a>&nbsp;&nbsp;&nbsp;strncmp
</UL>
<BR>[Called By]<UL><LI><a href="#[7c]">&gt;&gt;</a>&nbsp;&nbsp;&nbsp;analyse_get_url
</UL>

<P><STRONG><a name="[7c]"></a>analyse_get_url</STRONG> (Thumb, 82 bytes, Stack size 16 bytes, simple_server.o(.text))
<BR><BR>[Stack]<UL><LI>Max Depth = 40<LI>Call Chain = analyse_get_url &rArr; verify_password &rArr; strncmp
</UL>
<BR>[Calls]<UL><LI><a href="#[7a]">&gt;&gt;</a>&nbsp;&nbsp;&nbsp;verify_password
</UL>
<BR>[Called By]<UL><LI><a href="#[58]">&gt;&gt;</a>&nbsp;&nbsp;&nbsp;simple_server
</UL>

<P><STRONG><a name="[7d]"></a>print_webpage</STRONG> (Thumb, 1828 bytes, Stack size 56 bytes, simple_server.o(.text))
<BR><BR>[Stack]<UL><LI>Max Depth = 64<LI>Call Chain = print_webpage &rArr; fill_tcp_data
</UL>
<BR>[Calls]<UL><LI><a href="#[7f]">&gt;&gt;</a>&nbsp;&nbsp;&nbsp;fill_tcp_data
<LI><a href="#[7e]">&gt;&gt;</a>&nbsp;&nbsp;&nbsp;fill_tcp_data_p
</UL>
<BR>[Called By]<UL><LI><a href="#[58]">&gt;&gt;</a>&nbsp;&nbsp;&nbsp;simple_server
</UL>

<P><STRONG><a name="[58]"></a>simple_server</STRONG> (Thumb, 1620 bytes, Stack size 8 bytes, simple_server.o(.text))
<BR><BR>[Stack]<UL><LI>Max Depth = 104<LI>Call Chain = simple_server &rArr; make_udp_reply_from_request &rArr; enc28j60PacketSend &rArr; enc28j60Write &rArr; enc28j60SetBank &rArr; enc28j60WriteOp
</UL>
<BR>[Calls]<UL><LI><a href="#[7b]">&gt;&gt;</a>&nbsp;&nbsp;&nbsp;strncmp
<LI><a href="#[81]">&gt;&gt;</a>&nbsp;&nbsp;&nbsp;get_temperature
<LI><a href="#[7d]">&gt;&gt;</a>&nbsp;&nbsp;&nbsp;print_webpage
<LI><a href="#[7c]">&gt;&gt;</a>&nbsp;&nbsp;&nbsp;analyse_get_url
<LI><a href="#[79]">&gt;&gt;</a>&nbsp;&nbsp;&nbsp;make_tcp_ack_with_data
<LI><a href="#[78]">&gt;&gt;</a>&nbsp;&nbsp;&nbsp;make_tcp_ack_from_any
<LI><a href="#[7e]">&gt;&gt;</a>&nbsp;&nbsp;&nbsp;fill_tcp_data_p
<LI><a href="#[84]">&gt;&gt;</a>&nbsp;&nbsp;&nbsp;init_len_info
<LI><a href="#[85]">&gt;&gt;</a>&nbsp;&nbsp;&nbsp;get_tcp_data_pointer
<LI><a href="#[76]">&gt;&gt;</a>&nbsp;&nbsp;&nbsp;make_tcp_synack_from_syn
<LI><a href="#[75]">&gt;&gt;</a>&nbsp;&nbsp;&nbsp;make_udp_reply_from_request
<LI><a href="#[74]">&gt;&gt;</a>&nbsp;&nbsp;&nbsp;make_echo_reply_from_request
<LI><a href="#[72]">&gt;&gt;</a>&nbsp;&nbsp;&nbsp;make_arp_answer_from_request
<LI><a href="#[83]">&gt;&gt;</a>&nbsp;&nbsp;&nbsp;eth_type_is_ip_and_my_ip
<LI><a href="#[82]">&gt;&gt;</a>&nbsp;&nbsp;&nbsp;eth_type_is_arp_and_my_ip
<LI><a href="#[80]">&gt;&gt;</a>&nbsp;&nbsp;&nbsp;init_ip_arp_udp_tcp
<LI><a href="#[6e]">&gt;&gt;</a>&nbsp;&nbsp;&nbsp;enc28j60PacketReceive
<LI><a href="#[6c]">&gt;&gt;</a>&nbsp;&nbsp;&nbsp;enc28j60getrev
<LI><a href="#[6b]">&gt;&gt;</a>&nbsp;&nbsp;&nbsp;enc28j60Init
<LI><a href="#[6a]">&gt;&gt;</a>&nbsp;&nbsp;&nbsp;enc28j60clkout
<LI><a href="#[69]">&gt;&gt;</a>&nbsp;&nbsp;&nbsp;enc28j60PhyWrite
</UL>
<BR>[Called By]<UL><LI><a href="#[46]">&gt;&gt;</a>&nbsp;&nbsp;&nbsp;main
</UL>

<P><STRONG><a name="[56]"></a>LED_Init</STRONG> (Thumb, 60 bytes, Stack size 16 bytes, led.o(.text))
<BR><BR>[Stack]<UL><LI>Max Depth = 36<LI>Call Chain = LED_Init &rArr; GPIO_Init
</UL>
<BR>[Calls]<UL><LI><a href="#[5a]">&gt;&gt;</a>&nbsp;&nbsp;&nbsp;RCC_AHBPeriphClockCmd
<LI><a href="#[5c]">&gt;&gt;</a>&nbsp;&nbsp;&nbsp;GPIO_SetBits
<LI><a href="#[5b]">&gt;&gt;</a>&nbsp;&nbsp;&nbsp;GPIO_Init
</UL>
<BR>[Called By]<UL><LI><a href="#[46]">&gt;&gt;</a>&nbsp;&nbsp;&nbsp;main
</UL>

<P><STRONG><a name="[57]"></a>Adc_Init</STRONG> (Thumb, 240 bytes, Stack size 0 bytes, adc.o(.text))
<BR><BR>[Called By]<UL><LI><a href="#[46]">&gt;&gt;</a>&nbsp;&nbsp;&nbsp;main
</UL>

<P><STRONG><a name="[87]"></a>Get_Adc</STRONG> (Thumb, 80 bytes, Stack size 0 bytes, adc.o(.text))
<BR><BR>[Called By]<UL><LI><a href="#[86]">&gt;&gt;</a>&nbsp;&nbsp;&nbsp;Get_Adc_Average
</UL>

<P><STRONG><a name="[86]"></a>Get_Adc_Average</STRONG> (Thumb, 36 bytes, Stack size 16 bytes, adc.o(.text))
<BR><BR>[Stack]<UL><LI>Max Depth = 16<LI>Call Chain = Get_Adc_Average
</UL>
<BR>[Calls]<UL><LI><a href="#[87]">&gt;&gt;</a>&nbsp;&nbsp;&nbsp;Get_Adc
</UL>
<BR>[Called By]<UL><LI><a href="#[81]">&gt;&gt;</a>&nbsp;&nbsp;&nbsp;get_temperature
</UL>

<P><STRONG><a name="[81]"></a>get_temperature</STRONG> (Thumb, 116 bytes, Stack size 48 bytes, temp.o(.text))
<BR><BR>[Stack]<UL><LI>Max Depth = 80<LI>Call Chain = get_temperature &rArr; __aeabi_dmul
</UL>
<BR>[Calls]<UL><LI><a href="#[8f]">&gt;&gt;</a>&nbsp;&nbsp;&nbsp;__aeabi_fmul
<LI><a href="#[88]">&gt;&gt;</a>&nbsp;&nbsp;&nbsp;__aeabi_ui2f
<LI><a href="#[90]">&gt;&gt;</a>&nbsp;&nbsp;&nbsp;__aeabi_f2uiz
<LI><a href="#[89]">&gt;&gt;</a>&nbsp;&nbsp;&nbsp;__aeabi_f2d
<LI><a href="#[8a]">&gt;&gt;</a>&nbsp;&nbsp;&nbsp;__aeabi_dmul
<LI><a href="#[8d]">&gt;&gt;</a>&nbsp;&nbsp;&nbsp;__aeabi_ddiv
<LI><a href="#[8c]">&gt;&gt;</a>&nbsp;&nbsp;&nbsp;__aeabi_drsub
<LI><a href="#[8e]">&gt;&gt;</a>&nbsp;&nbsp;&nbsp;__aeabi_dadd
<LI><a href="#[8b]">&gt;&gt;</a>&nbsp;&nbsp;&nbsp;__aeabi_d2f
<LI><a href="#[86]">&gt;&gt;</a>&nbsp;&nbsp;&nbsp;Get_Adc_Average
</UL>
<BR>[Called By]<UL><LI><a href="#[58]">&gt;&gt;</a>&nbsp;&nbsp;&nbsp;simple_server
</UL>

<P><STRONG><a name="[7b]"></a>strncmp</STRONG> (Thumb, 150 bytes, Stack size 16 bytes, strncmp.o(.text))
<BR><BR>[Stack]<UL><LI>Max Depth = 16<LI>Call Chain = strncmp
</UL>
<BR>[Called By]<UL><LI><a href="#[7a]">&gt;&gt;</a>&nbsp;&nbsp;&nbsp;verify_password
<LI><a href="#[58]">&gt;&gt;</a>&nbsp;&nbsp;&nbsp;simple_server
</UL>

<P><STRONG><a name="[103]"></a>__use_two_region_memory</STRONG> (Thumb, 2 bytes, Stack size 0 bytes, heapauxi.o(.text), UNUSED)

<P><STRONG><a name="[104]"></a>__rt_heap_escrow$2region</STRONG> (Thumb, 2 bytes, Stack size 0 bytes, heapauxi.o(.text), UNUSED)

<P><STRONG><a name="[105]"></a>__rt_heap_expand$2region</STRONG> (Thumb, 2 bytes, Stack size 0 bytes, heapauxi.o(.text), UNUSED)

<P><STRONG><a name="[42]"></a>__user_setup_stackheap</STRONG> (Thumb, 74 bytes, Stack size 8 bytes, sys_stackheap_outer.o(.text))
<BR><BR>[Stack]<UL><LI>Max Depth = 8 + Unknown Stack Size
<LI>Call Chain = __user_setup_stackheap
</UL>
<BR>[Calls]<UL><LI><a href="#[92]">&gt;&gt;</a>&nbsp;&nbsp;&nbsp;__user_initial_stackheap
<LI><a href="#[91]">&gt;&gt;</a>&nbsp;&nbsp;&nbsp;__user_perproc_libspace
</UL>
<BR>[Called By]<UL><LI><a href="#[41]">&gt;&gt;</a>&nbsp;&nbsp;&nbsp;__rt_entry_sh
</UL>

<P><STRONG><a name="[47]"></a>exit</STRONG> (Thumb, 18 bytes, Stack size 8 bytes, exit.o(.text))
<BR><BR>[Stack]<UL><LI>Max Depth = 8 + Unknown Stack Size
<LI>Call Chain = exit
</UL>
<BR>[Calls]<UL><LI><a href="#[93]">&gt;&gt;</a>&nbsp;&nbsp;&nbsp;__rt_exit
</UL>
<BR>[Called By]<UL><LI><a href="#[45]">&gt;&gt;</a>&nbsp;&nbsp;&nbsp;__rt_entry_main
</UL>

<P><STRONG><a name="[106]"></a>__user_libspace</STRONG> (Thumb, 8 bytes, Stack size 0 bytes, libspace.o(.text), UNUSED)

<P><STRONG><a name="[91]"></a>__user_perproc_libspace</STRONG> (Thumb, 0 bytes, Stack size 0 bytes, libspace.o(.text))
<BR><BR>[Called By]<UL><LI><a href="#[42]">&gt;&gt;</a>&nbsp;&nbsp;&nbsp;__user_setup_stackheap
</UL>

<P><STRONG><a name="[107]"></a>__user_perthread_libspace</STRONG> (Thumb, 0 bytes, Stack size 0 bytes, libspace.o(.text), UNUSED)

<P><STRONG><a name="[4b]"></a>_sys_exit</STRONG> (Thumb, 8 bytes, Stack size 0 bytes, sys_exit.o(.text))
<BR><BR>[Called By]<UL><LI><a href="#[4a]">&gt;&gt;</a>&nbsp;&nbsp;&nbsp;__rt_exit_exit
</UL>

<P><STRONG><a name="[108]"></a>__I$use$semihosting</STRONG> (Thumb, 0 bytes, Stack size 0 bytes, use_no_semi.o(.text), UNUSED)

<P><STRONG><a name="[109]"></a>__use_no_semihosting_swi</STRONG> (Thumb, 2 bytes, Stack size 0 bytes, use_no_semi.o(.text), UNUSED)

<P><STRONG><a name="[10a]"></a>__semihosting_library_function</STRONG> (Thumb, 0 bytes, Stack size unknown bytes, indicate_semi.o(.text), UNUSED)

<P><STRONG><a name="[8b]"></a>__aeabi_d2f</STRONG> (Thumb, 0 bytes, Stack size 32 bytes, d2f.o(x$fpl$d2f))
<BR><BR>[Stack]<UL><LI>Max Depth = 32<LI>Call Chain = __aeabi_d2f
</UL>
<BR>[Called By]<UL><LI><a href="#[81]">&gt;&gt;</a>&nbsp;&nbsp;&nbsp;get_temperature
</UL>

<P><STRONG><a name="[94]"></a>_d2f</STRONG> (Thumb, 98 bytes, Stack size 32 bytes, d2f.o(x$fpl$d2f), UNUSED)
<BR><BR>[Calls]<UL><LI><a href="#[95]">&gt;&gt;</a>&nbsp;&nbsp;&nbsp;__fpl_fretinf
<LI><a href="#[96]">&gt;&gt;</a>&nbsp;&nbsp;&nbsp;__fpl_dnaninf
</UL>

<P><STRONG><a name="[8e]"></a>__aeabi_dadd</STRONG> (Thumb, 0 bytes, Stack size 16 bytes, daddsub_clz.o(x$fpl$dadd))
<BR><BR>[Stack]<UL><LI>Max Depth = 16<LI>Call Chain = __aeabi_dadd
</UL>
<BR>[Called By]<UL><LI><a href="#[81]">&gt;&gt;</a>&nbsp;&nbsp;&nbsp;get_temperature
</UL>

<P><STRONG><a name="[97]"></a>_dadd</STRONG> (Thumb, 332 bytes, Stack size 16 bytes, daddsub_clz.o(x$fpl$dadd), UNUSED)
<BR><BR>[Calls]<UL><LI><a href="#[99]">&gt;&gt;</a>&nbsp;&nbsp;&nbsp;__fpl_dretinf
<LI><a href="#[96]">&gt;&gt;</a>&nbsp;&nbsp;&nbsp;__fpl_dnaninf
<LI><a href="#[98]">&gt;&gt;</a>&nbsp;&nbsp;&nbsp;_dsub1
</UL>

<P><STRONG><a name="[8d]"></a>__aeabi_ddiv</STRONG> (Thumb, 0 bytes, Stack size 32 bytes, ddiv.o(x$fpl$ddiv))
<BR><BR>[Stack]<UL><LI>Max Depth = 32<LI>Call Chain = __aeabi_ddiv
</UL>
<BR>[Called By]<UL><LI><a href="#[81]">&gt;&gt;</a>&nbsp;&nbsp;&nbsp;get_temperature
</UL>

<P><STRONG><a name="[9a]"></a>_ddiv</STRONG> (Thumb, 552 bytes, Stack size 32 bytes, ddiv.o(x$fpl$ddiv), UNUSED)
<BR><BR>[Calls]<UL><LI><a href="#[99]">&gt;&gt;</a>&nbsp;&nbsp;&nbsp;__fpl_dretinf
<LI><a href="#[96]">&gt;&gt;</a>&nbsp;&nbsp;&nbsp;__fpl_dnaninf
</UL>

<P><STRONG><a name="[8a]"></a>__aeabi_dmul</STRONG> (Thumb, 0 bytes, Stack size 32 bytes, dmul.o(x$fpl$dmul))
<BR><BR>[Stack]<UL><LI>Max Depth = 32<LI>Call Chain = __aeabi_dmul
</UL>
<BR>[Called By]<UL><LI><a href="#[81]">&gt;&gt;</a>&nbsp;&nbsp;&nbsp;get_temperature
</UL>

<P><STRONG><a name="[9b]"></a>_dmul</STRONG> (Thumb, 332 bytes, Stack size 32 bytes, dmul.o(x$fpl$dmul), UNUSED)
<BR><BR>[Calls]<UL><LI><a href="#[99]">&gt;&gt;</a>&nbsp;&nbsp;&nbsp;__fpl_dretinf
<LI><a href="#[96]">&gt;&gt;</a>&nbsp;&nbsp;&nbsp;__fpl_dnaninf
</UL>

<P><STRONG><a name="[96]"></a>__fpl_dnaninf</STRONG> (Thumb, 156 bytes, Stack size 16 bytes, dnaninf.o(x$fpl$dnaninf), UNUSED)
<BR><BR>[Called By]<UL><LI><a href="#[9b]">&gt;&gt;</a>&nbsp;&nbsp;&nbsp;_dmul
<LI><a href="#[9a]">&gt;&gt;</a>&nbsp;&nbsp;&nbsp;_ddiv
<LI><a href="#[9e]">&gt;&gt;</a>&nbsp;&nbsp;&nbsp;_dsub
<LI><a href="#[97]">&gt;&gt;</a>&nbsp;&nbsp;&nbsp;_dadd
<LI><a href="#[94]">&gt;&gt;</a>&nbsp;&nbsp;&nbsp;_d2f
</UL>

<P><STRONG><a name="[99]"></a>__fpl_dretinf</STRONG> (Thumb, 12 bytes, Stack size 0 bytes, dretinf.o(x$fpl$dretinf), UNUSED)
<BR><BR>[Called By]<UL><LI><a href="#[9f]">&gt;&gt;</a>&nbsp;&nbsp;&nbsp;_f2d
<LI><a href="#[9b]">&gt;&gt;</a>&nbsp;&nbsp;&nbsp;_dmul
<LI><a href="#[9a]">&gt;&gt;</a>&nbsp;&nbsp;&nbsp;_ddiv
<LI><a href="#[97]">&gt;&gt;</a>&nbsp;&nbsp;&nbsp;_dadd
</UL>

<P><STRONG><a name="[8c]"></a>__aeabi_drsub</STRONG> (Thumb, 0 bytes, Stack size 8 bytes, daddsub_clz.o(x$fpl$drsb))
<BR><BR>[Stack]<UL><LI>Max Depth = 8<LI>Call Chain = __aeabi_drsub
</UL>
<BR>[Called By]<UL><LI><a href="#[81]">&gt;&gt;</a>&nbsp;&nbsp;&nbsp;get_temperature
</UL>

<P><STRONG><a name="[9c]"></a>_drsb</STRONG> (Thumb, 22 bytes, Stack size 8 bytes, daddsub_clz.o(x$fpl$drsb), UNUSED)
<BR><BR>[Calls]<UL><LI><a href="#[98]">&gt;&gt;</a>&nbsp;&nbsp;&nbsp;_dsub1
<LI><a href="#[9d]">&gt;&gt;</a>&nbsp;&nbsp;&nbsp;_dadd1
</UL>

<P><STRONG><a name="[10b]"></a>__aeabi_dsub</STRONG> (Thumb, 0 bytes, Stack size 32 bytes, daddsub_clz.o(x$fpl$dsub), UNUSED)

<P><STRONG><a name="[9e]"></a>_dsub</STRONG> (Thumb, 464 bytes, Stack size 32 bytes, daddsub_clz.o(x$fpl$dsub), UNUSED)
<BR><BR>[Calls]<UL><LI><a href="#[96]">&gt;&gt;</a>&nbsp;&nbsp;&nbsp;__fpl_dnaninf
<LI><a href="#[9d]">&gt;&gt;</a>&nbsp;&nbsp;&nbsp;_dadd1
</UL>

<P><STRONG><a name="[89]"></a>__aeabi_f2d</STRONG> (Thumb, 0 bytes, Stack size 16 bytes, f2d.o(x$fpl$f2d))
<BR><BR>[Stack]<UL><LI>Max Depth = 16<LI>Call Chain = __aeabi_f2d
</UL>
<BR>[Called By]<UL><LI><a href="#[81]">&gt;&gt;</a>&nbsp;&nbsp;&nbsp;get_temperature
</UL>

<P><STRONG><a name="[9f]"></a>_f2d</STRONG> (Thumb, 86 bytes, Stack size 16 bytes, f2d.o(x$fpl$f2d), UNUSED)
<BR><BR>[Calls]<UL><LI><a href="#[a0]">&gt;&gt;</a>&nbsp;&nbsp;&nbsp;__fpl_fnaninf
<LI><a href="#[99]">&gt;&gt;</a>&nbsp;&nbsp;&nbsp;__fpl_dretinf
</UL>

<P><STRONG><a name="[90]"></a>__aeabi_f2uiz</STRONG> (Thumb, 0 bytes, Stack size 16 bytes, ffixu.o(x$fpl$ffixu))
<BR><BR>[Stack]<UL><LI>Max Depth = 16<LI>Call Chain = __aeabi_f2uiz
</UL>
<BR>[Called By]<UL><LI><a href="#[81]">&gt;&gt;</a>&nbsp;&nbsp;&nbsp;get_temperature
</UL>

<P><STRONG><a name="[a1]"></a>_ffixu</STRONG> (Thumb, 62 bytes, Stack size 16 bytes, ffixu.o(x$fpl$ffixu), UNUSED)
<BR><BR>[Calls]<UL><LI><a href="#[a0]">&gt;&gt;</a>&nbsp;&nbsp;&nbsp;__fpl_fnaninf
</UL>

<P><STRONG><a name="[88]"></a>__aeabi_ui2f</STRONG> (Thumb, 0 bytes, Stack size 0 bytes, fflt_clz.o(x$fpl$ffltu))
<BR><BR>[Called By]<UL><LI><a href="#[81]">&gt;&gt;</a>&nbsp;&nbsp;&nbsp;get_temperature
</UL>

<P><STRONG><a name="[10c]"></a>_ffltu</STRONG> (Thumb, 38 bytes, Stack size 0 bytes, fflt_clz.o(x$fpl$ffltu), UNUSED)

<P><STRONG><a name="[8f]"></a>__aeabi_fmul</STRONG> (Thumb, 0 bytes, Stack size 16 bytes, fmul.o(x$fpl$fmul))
<BR><BR>[Stack]<UL><LI>Max Depth = 16<LI>Call Chain = __aeabi_fmul
</UL>
<BR>[Called By]<UL><LI><a href="#[81]">&gt;&gt;</a>&nbsp;&nbsp;&nbsp;get_temperature
</UL>

<P><STRONG><a name="[a2]"></a>_fmul</STRONG> (Thumb, 258 bytes, Stack size 16 bytes, fmul.o(x$fpl$fmul), UNUSED)
<BR><BR>[Calls]<UL><LI><a href="#[95]">&gt;&gt;</a>&nbsp;&nbsp;&nbsp;__fpl_fretinf
<LI><a href="#[a0]">&gt;&gt;</a>&nbsp;&nbsp;&nbsp;__fpl_fnaninf
</UL>

<P><STRONG><a name="[a0]"></a>__fpl_fnaninf</STRONG> (Thumb, 140 bytes, Stack size 8 bytes, fnaninf.o(x$fpl$fnaninf), UNUSED)
<BR><BR>[Called By]<UL><LI><a href="#[a2]">&gt;&gt;</a>&nbsp;&nbsp;&nbsp;_fmul
<LI><a href="#[a1]">&gt;&gt;</a>&nbsp;&nbsp;&nbsp;_ffixu
<LI><a href="#[9f]">&gt;&gt;</a>&nbsp;&nbsp;&nbsp;_f2d
</UL>

<P><STRONG><a name="[95]"></a>__fpl_fretinf</STRONG> (Thumb, 10 bytes, Stack size 0 bytes, fretinf.o(x$fpl$fretinf), UNUSED)
<BR><BR>[Called By]<UL><LI><a href="#[a2]">&gt;&gt;</a>&nbsp;&nbsp;&nbsp;_fmul
<LI><a href="#[94]">&gt;&gt;</a>&nbsp;&nbsp;&nbsp;_d2f
</UL>
<P>
<H3>
Local Symbols
</H3>
<P><STRONG><a name="[59]"></a>SetSysClock</STRONG> (Thumb, 258 bytes, Stack size 12 bytes, system_stm32l1xx.o(.text))
<BR><BR>[Stack]<UL><LI>Max Depth = 12<LI>Call Chain = SetSysClock
</UL>
<BR>[Called By]<UL><LI><a href="#[3a]">&gt;&gt;</a>&nbsp;&nbsp;&nbsp;SystemInit
</UL>

<P><STRONG><a name="[9d]"></a>_dadd1</STRONG> (Thumb, 0 bytes, Stack size unknown bytes, daddsub_clz.o(x$fpl$dadd), UNUSED)
<BR><BR>[Called By]<UL><LI><a href="#[9e]">&gt;&gt;</a>&nbsp;&nbsp;&nbsp;_dsub
<LI><a href="#[9c]">&gt;&gt;</a>&nbsp;&nbsp;&nbsp;_drsb
</UL>

<P><STRONG><a name="[98]"></a>_dsub1</STRONG> (Thumb, 0 bytes, Stack size unknown bytes, daddsub_clz.o(x$fpl$dsub), UNUSED)
<BR><BR>[Called By]<UL><LI><a href="#[9c]">&gt;&gt;</a>&nbsp;&nbsp;&nbsp;_drsb
<LI><a href="#[97]">&gt;&gt;</a>&nbsp;&nbsp;&nbsp;_dadd
</UL>
<P>
<H3>
Undefined Global Symbols
</H3><HR></body></html>
