<html>
<body>
<pre>
<h1>礦ision Build Log</h1>
<h2>Project:</h2>
E:\资料\STM32L151_hard\ETHERNET以太网web页面控制led实验\Project\Ethernet.uvproj
Project File Date:  04/23/2016

<h2>Output:</h2>
Load "..\\Output\\Ethernet.axf" 
Load "..\\Output\\Ethernet.axf" 
Build target 'Ethernet'
compiling ENC28J60.C...
..\Driver\enc28j60\ENC28J60.C(167): error:  #7: unrecognized token
..\Driver\enc28j60\ENC28J60.C(167): error:  #29: expected an expression
..\Driver\enc28j60\ENC28J60.C(167): error:  #7: unrecognized token
..\Driver\enc28j60\ENC28J60.C(167): error:  #7: unrecognized token
..\Driver\enc28j60\ENC28J60.C(167): error:  #7: unrecognized token
..\Driver\enc28j60\ENC28J60.C(167): error:  #7: unrecognized token
..\Driver\enc28j60\ENC28J60.C(167): error:  #7: unrecognized token
..\Driver\enc28j60\ENC28J60.C(167): error:  #7: unrecognized token
..\Driver\enc28j60\ENC28J60.C(167): error:  #7: unrecognized token
..\Driver\enc28j60\ENC28J60.C(167): error:  #7: unrecognized token
..\Driver\enc28j60\ENC28J60.C(167): error:  #7: unrecognized token
..\Driver\enc28j60\ENC28J60.C(167): error:  #7: unrecognized token
..\Driver\enc28j60\ENC28J60.C(167): error:  #7: unrecognized token
..\Driver\enc28j60\ENC28J60.C(167): error:  #7: unrecognized token
..\Driver\enc28j60\ENC28J60.C(167): error:  #7: unrecognized token
..\Driver\enc28j60\ENC28J60.C(167): error:  #7: unrecognized token
..\Driver\enc28j60\ENC28J60.C(167): error:  #7: unrecognized token
..\Driver\enc28j60\ENC28J60.C(167): error:  #7: unrecognized token
..\Driver\enc28j60\ENC28J60.C(167): error:  #7: unrecognized token
..\Driver\enc28j60\ENC28J60.C(167): error:  #7: unrecognized token
..\Driver\enc28j60\ENC28J60.C(167): error:  #7: unrecognized token
"..\Output\Ethernet.axf" - 21 Errors, 0 Warning(s).
Target not created
Build target 'Ethernet'
compiling ENC28J60.C...
linking...
Program Size: Code=13464 RO-data=1000 RW-data=200 ZI-data=3168  
FromELF: creating hex file...
"..\Output\Ethernet.axf" - 0 Errors, 0 Warning(s).
Load "..\\Output\\Ethernet.axf" 
Load "..\\Output\\Ethernet.axf" 
Full Chip Erase Done.
Programming Done.
Verify OK.
Application running ...
