<html>
<body>
<pre>
<h1>µVision Build Log</h1>
<h2>Tool Versions:</h2>
IDE-Version: ¦ÌVision V5.24.2.0
Copyright (C) 2017 ARM Ltd and ARM Germany GmbH. All rights reserved.
License Information: dk dk, dk, LIC=Y2BTG-VS7FM-QHN8A-1HRT7-KFD84-R1ISN
 
Tool Versions:
Toolchain:       MDK-ARM Professional  Version: 5.24.1
Toolchain Path:  D:\Keil_v5\ARM\ARMCC\Bin
C Compiler:      Armcc.exe V5.06 update 5 (build 528)
Assembler:       Armasm.exe V5.06 update 5 (build 528)
Linker/Locator:  ArmLink.exe V5.06 update 5 (build 528)
Library Manager: ArmAr.exe V5.06 update 5 (build 528)
Hex Converter:   FromElf.exe V5.06 update 5 (build 528)
CPU DLL:         SARMCM3.DLL V5.24.1
Dialog DLL:      DCM.DLL V1.16.0.0
Target DLL:      UL2CM3.DLL V1.160.3.0
Dialog DLL:      TCM.DLL V1.32.0.0
 
<h2>Project:</h2>
D:\github\dk-newlock\src\Project\lock.uvprojx
Project File Date:  02/13/2018

<h2>Output:</h2>
*** Using Compiler 'V5.06 update 5 (build 528)', folder: 'D:\Keil_v5\ARM\ARMCC\Bin'
Rebuild target 'Target 1'
compiling system_stm32l1xx.c...
compiling gprs.c...
compiling button.c...
compiling adc.c...
compiling main.c...
compiling gps.c...
compiling stm32l1xx_it.c...
compiling motor.c...
compiling usart.c...
compiling timer.c...
compiling pwm.c...
compiling aes.c...
compiling bsp.c...
compiling App_md5.c...
compiling misc.c...
compiling stm32l1xx_dbgmcu.c...
compiling stm32l1xx_dac.c...
compiling stm32l1xx_comp.c...
compiling stm32l1xx_aes.c...
compiling stm32l1xx_adc.c...
compiling stm32l1xx_crc.c...
compiling stm32l1xx_aes_util.c...
compiling stm32l1xx_i2c.c...
compiling stm32l1xx_exti.c...
compiling stm32l1xx_gpio.c...
compiling stm32l1xx_fsmc.c...
compiling stm32l1xx_flash_ramfunc.c...
compiling stm32l1xx_flash.c...
compiling stm32l1xx_dma.c...
compiling stm32l1xx_sdio.c...
compiling stm32l1xx_opamp.c...
compiling stm32l1xx_lcd.c...
compiling stm32l1xx_rtc.c...
compiling stm32l1xx_pwr.c...
compiling stm32l1xx_iwdg.c...
compiling stm32l1xx_rcc.c...
assembling startup_stm32l1xx_hd.s...
compiling stm32l1xx_spi.c...
compiling stm32l1xx_usart.c...
compiling stm32l1xx_tim.c...
compiling stm32l1xx_syscfg.c...
compiling stm32l1xx_wwdg.c...
linking...
Program Size: Code=26434 RO-data=1270 RW-data=260 ZI-data=7188  
".\Objects\lock.axf" - 0 Error(s), 0 Warning(s).

<h2>Software Packages used:</h2>

Package Vendor: Keil
                http://www.keil.com/pack/Keil.STM32L1xx_DFP.1.2.0.pack
                Keil.STM32L1xx_DFP.1.2.0
                STMicroelectronics STM32L1 Series Device Support and Examples

<h2>Collection of Component include folders:</h2>
  .\RTE\_Target_1
  D:\Keil_v5\ARM\PACK\Keil\STM32L1xx_DFP\1.2.0\Device\Include

<h2>Collection of Component Files used:</h2>
Build Time Elapsed:  00:00:14
</pre>
</body>
</html>
