<html>
<body>
<pre>
<h1>礦ision Build Log</h1>
<h2>Tool Versions:</h2>
IDE-Version: μVision V5.18.0.0
Copyright (C) 2016 ARM Ltd and ARM Germany GmbH. All rights reserved.
License Information: dk dk, dk, LIC=JDAQD-8X2UW-SEYH0-BA29V-YLS2E-BKCHM
 
Tool Versions:
Toolchain:       MDK-ARM Professional  Version: 5.18
Toolchain Path:  D:\Keil_v5\ARM\ARMCC\Bin
C Compiler:      Armcc.exe V5.06 update 1 (build 61)
Assembler:       Armasm.exe V5.06 update 1 (build 61)
Linker/Locator:  ArmLink.exe V5.06 update 1 (build 61)
Library Manager: ArmAr.exe V5.06 update 1 (build 61)
Hex Converter:   FromElf.exe V5.06 update 1 (build 61)
CPU DLL:         SARMCM3.DLL V5.18
Dialog DLL:      DCM.DLL V1.13.6.0
Target DLL:      STLink\ST-LINKIII-KEIL_SWO.dll V2.0.18.0
Dialog DLL:      TCM.DLL V1.14.8.0
 
<h2>Project:</h2>
E:\github\dk-newlock\doc\STM32L151RDT6核心板资料V1.0\基础例程资料\5.ADC\Project\ADC.uvprojx
Project File Date:  02/23/2018

<h2>Output:</h2>
*** Using Compiler 'V5.06 update 1 (build 61)', folder: 'D:\Keil_v5\ARM\ARMCC\Bin'
Build target 'ADC'
assembling startup_stm32l1xx_md.s...
compiling misc.c...
compiling stm32l1xx_adc.c...
compiling stm32l1xx_aes.c...
compiling stm32l1xx_comp.c...
compiling stm32l1xx_aes_util.c...
compiling stm32l1xx_crc.c...
compiling stm32l1xx_dbgmcu.c...
compiling stm32l1xx_dac.c...
compiling stm32l1xx_dma.c...
compiling stm32l1xx_exti.c...
compiling stm32l1xx_flash.c...
compiling stm32l1xx_gpio.c...
compiling stm32l1xx_fsmc.c...
compiling stm32l1xx_i2c.c...
compiling stm32l1xx_iwdg.c...
compiling stm32l1xx_lcd.c...
compiling stm32l1xx_opamp.c...
compiling stm32l1xx_pwr.c...
compiling stm32l1xx_rcc.c...
compiling stm32l1xx_rtc.c...
compiling stm32l1xx_spi.c...
compiling stm32l1xx_sdio.c...
compiling stm32l1xx_syscfg.c...
compiling stm32l1xx_usart.c...
compiling stm32l1xx_tim.c...
compiling stm32l1xx_wwdg.c...
compiling main.c...
..\main\main.c(127): warning:  #223-D: function "strlen" declared implicitly
  				USART_OUT(
SART1,(uint8_t*)vol,(uint16_t)strlen((char*)vol));
..\main\main.c: 1 warning, 0 errors
compiling system_stm32l1xx.c...
compiling led.c...
compiling stm32l1xx_it.c...
compiling delay.c...
compiling sys.c...
linking...
Program Size: Code=9052 RO-data=276 RW-data=68 ZI-data=1028  
FromELF: creating hex file...
"..\Output\Ethernet.axf" - 0 Error(s), 1 Warning(s).

<h2>Software Packages used:</h2>

Package Vendor: ARM
                http://www.keil.com/pack/ARM.CMSIS.4.5.0.pack
                ARM::CMSIS:CORE:4.3.0
                CMSIS (Cortex Microcontroller Software Interface Standard)
   * Component: CORE Version: 4.3.0

<h2>Collection of Component include folders:</h2>
  E:\github\dk-newlock\doc\STM32L151RDT6核心板资料V1.0\基础例程资料\5.ADC\Project\RTE
  D:\Keil_v5\ARM\PACK\ARM\CMSIS\4.5.0\CMSIS\Include
  D:\Keil_v5\ARM\PACK\Keil\STM32L1xx_DFP\1.2.0\Device\Include

<h2>Collection of Component Files used:</h2>

   * Component: ARM::CMSIS:CORE:4.3.0
Build Time Elapsed:  00:00:08
</pre>
</body>
</html>
