<html>
<body>
<pre>
<h1>µVision Build Log</h1>
<h2>Project:</h2>
E:\×ÊÁÏ\STM32L151_hard\ADC\Project\ADC.uvproj
Project File Date:  08/18/2016

<h2>Output:</h2>
*** Note: 'Create Batch File' is active - using 'Rebuild'.
Rebuild target 'ADC'
assembling startup_stm32l1xx_md.s...
compiling misc.c...
compiling stm32l1xx_adc.c...
compiling stm32l1xx_aes.c...
"..\Output\Ethernet.axf" - 0 Errors, 0 Warning(s).
Project build/rebuild aborted.
compiling main.c...
"..\main\main.c" - 0 Errors, 0 Warning(s).
*** Note: 'Create Batch File' is active - using 'Rebuild'.
Rebuild target 'ADC'
assembling startup_stm32l1xx_md.s...
compiling misc.c...
compiling stm32l1xx_adc.c...
compiling stm32l1xx_aes.c...
compiling stm32l1xx_aes_util.c...
compiling stm32l1xx_comp.c...
compiling stm32l1xx_crc.c...
compiling stm32l1xx_dac.c...
compiling stm32l1xx_dbgmcu.c...
compiling stm32l1xx_dma.c...
compiling stm32l1xx_exti.c...
compiling stm32l1xx_flash.c...
compiling stm32l1xx_fsmc.c...
compiling stm32l1xx_gpio.c...
compiling stm32l1xx_i2c.c...
compiling stm32l1xx_iwdg.c...
compiling stm32l1xx_lcd.c...
compiling stm32l1xx_opamp.c...
compiling stm32l1xx_pwr.c...
compiling stm32l1xx_rcc.c...
compiling stm32l1xx_rtc.c...
compiling stm32l1xx_sdio.c...
compiling stm32l1xx_spi.c...
compiling stm32l1xx_syscfg.c...
compiling stm32l1xx_tim.c...
compiling stm32l1xx_usart.c...
compiling stm32l1xx_wwdg.c...
compiling main.c...
compiling system_stm32l1xx.c...
compiling stm32l1xx_it.c...
compiling led.c...
compiling delay.c...
compiling sys.c...
linking...
Program Size: Code=8032 RO-data=276 RW-data=64 ZI-data=1024  
FromELF: creating hex file...
"..\Output\Ethernet.axf" - 0 Errors, 0 Warning(s).
compiling main.c...
..\main\main.c(127): error:  #31: expression must have integral type
..\main\main.c(128): error:  #31: expression must have integral type
..\main\main.c(129): error:  #31: expression must have integral type
"..\main\main.c" - 3 Errors, 0 Warning(s).
*** Note: 'Create Batch File' is active - using 'Rebuild'.
Rebuild target 'ADC'
assembling startup_stm32l1xx_md.s...
compiling misc.c...
compiling stm32l1xx_adc.c...
compiling stm32l1xx_aes.c...
compiling stm32l1xx_aes_util.c...
compiling stm32l1xx_comp.c...
compiling stm32l1xx_crc.c...
compiling stm32l1xx_dac.c...
compiling stm32l1xx_dbgmcu.c...
compiling stm32l1xx_dma.c...
compiling stm32l1xx_exti.c...
compiling stm32l1xx_flash.c...
compiling stm32l1xx_fsmc.c...
compiling stm32l1xx_gpio.c...
compiling stm32l1xx_i2c.c...
compiling stm32l1xx_iwdg.c...
compiling stm32l1xx_lcd.c...
compiling stm32l1xx_opamp.c...
compiling stm32l1xx_pwr.c...
compiling stm32l1xx_rcc.c...
compiling stm32l1xx_rtc.c...
compiling stm32l1xx_sdio.c...
compiling stm32l1xx_spi.c...
compiling stm32l1xx_syscfg.c...
compiling stm32l1xx_tim.c...
compiling stm32l1xx_usart.c...
compiling stm32l1xx_wwdg.c...
compiling main.c...
compiling system_stm32l1xx.c...
compiling stm32l1xx_it.c...
compiling led.c...
compiling delay.c...
compiling sys.c...
linking...
Program Size: Code=9300 RO-data=276 RW-data=64 ZI-data=1024  
FromELF: creating hex file...
"..\Output\Ethernet.axf" - 0 Errors, 0 Warning(s).
*** Note: 'Create Batch File' is active - using 'Rebuild'.
Rebuild target 'ADC'
assembling startup_stm32l1xx_md.s...
compiling misc.c...
compiling stm32l1xx_adc.c...
compiling stm32l1xx_aes.c...
compiling stm32l1xx_aes_util.c...
compiling stm32l1xx_comp.c...
compiling stm32l1xx_crc.c...
compiling stm32l1xx_dac.c...
compiling stm32l1xx_dbgmcu.c...
compiling stm32l1xx_dma.c...
compiling stm32l1xx_exti.c...
compiling stm32l1xx_flash.c...
compiling stm32l1xx_fsmc.c...
compiling stm32l1xx_gpio.c...
compiling stm32l1xx_i2c.c...
compiling stm32l1xx_iwdg.c...
compiling stm32l1xx_lcd.c...
compiling stm32l1xx_opamp.c...
compiling stm32l1xx_pwr.c...
compiling stm32l1xx_rcc.c...
compiling stm32l1xx_rtc.c...
compiling stm32l1xx_sdio.c...
compiling stm32l1xx_spi.c...
compiling stm32l1xx_syscfg.c...
compiling stm32l1xx_tim.c...
compiling stm32l1xx_usart.c...
compiling stm32l1xx_wwdg.c...
compiling main.c...
compiling system_stm32l1xx.c...
compiling stm32l1xx_it.c...
compiling led.c...
compiling delay.c...
compiling sys.c...
linking...
Program Size: Code=9492 RO-data=276 RW-data=64 ZI-data=1024  
FromELF: creating hex file...
"..\Output\Ethernet.axf" - 0 Errors, 0 Warning(s).
Build target 'ADC'
linking...
Program Size: Code=9492 RO-data=276 RW-data=64 ZI-data=1024  
FromELF: creating hex file...
"..\Output\Ethernet.axf" - 0 Errors, 0 Warning(s).
Build target 'ADC'
linking...
Program Size: Code=9492 RO-data=276 RW-data=64 ZI-data=1024  
FromELF: creating hex file...
"..\Output\Ethernet.axf" - 0 Errors, 0 Warning(s).
Load "..\\Output\\Ethernet.axf" 
Load "..\\Output\\Ethernet.axf" 
Erase Done.
Programming Done.
Verify OK.
Build target 'ADC'
compiling main.c...
linking...
Program Size: Code=9140 RO-data=276 RW-data=64 ZI-data=1024  
FromELF: creating hex file...
"..\Output\Ethernet.axf" - 0 Errors, 0 Warning(s).
Build target 'ADC'
linking...
Program Size: Code=9140 RO-data=276 RW-data=64 ZI-data=1024  
FromELF: creating hex file...
"..\Output\Ethernet.axf" - 0 Errors, 0 Warning(s).
Build target 'ADC'
linking...
Program Size: Code=9140 RO-data=276 RW-data=64 ZI-data=1024  
FromELF: creating hex file...
"..\Output\Ethernet.axf" - 0 Errors, 0 Warning(s).
Build target 'ADC'
linking...
Program Size: Code=9140 RO-data=276 RW-data=64 ZI-data=1024  
FromELF: creating hex file...
"..\Output\Ethernet.axf" - 0 Errors, 0 Warning(s).
Load "..\\Output\\Ethernet.axf" 
Load "..\\Output\\Ethernet.axf" 
Erase Done.
Programming Done.
Verify OK.
Build target 'ADC'
compiling main.c...
linking...
Program Size: Code=9140 RO-data=276 RW-data=64 ZI-data=1024  
FromELF: creating hex file...
"..\Output\Ethernet.axf" - 0 Errors, 0 Warning(s).
Build target 'ADC'
linking...
Program Size: Code=9140 RO-data=276 RW-data=64 ZI-data=1024  
FromELF: creating hex file...
"..\Output\Ethernet.axf" - 0 Errors, 0 Warning(s).
Build target 'ADC'
linking...
Program Size: Code=9140 RO-data=276 RW-data=64 ZI-data=1024  
FromELF: creating hex file...
"..\Output\Ethernet.axf" - 0 Errors, 0 Warning(s).
Load "..\\Output\\Ethernet.axf" 
Erase Done.
Programming Done.
Verify OK.
Build target 'ADC'
linking...
Program Size: Code=9140 RO-data=276 RW-data=64 ZI-data=1024  
FromELF: creating hex file...
"..\Output\Ethernet.axf" - 0 Errors, 0 Warning(s).
Load "..\\Output\\Ethernet.axf" 
Erase Done.
Programming Done.
Verify OK.
Application running ...
Build target 'ADC'
compiling main.c...
linking...
Program Size: Code=9156 RO-data=276 RW-data=64 ZI-data=1024  
FromELF: creating hex file...
"..\Output\Ethernet.axf" - 0 Errors, 0 Warning(s).
Build target 'ADC'
linking...
Program Size: Code=9156 RO-data=276 RW-data=64 ZI-data=1024  
FromELF: creating hex file...
"..\Output\Ethernet.axf" - 0 Errors, 0 Warning(s).
Load "..\\Output\\Ethernet.axf" 
Erase Done.
Programming Done.
Verify OK.
Application running ...
Build target 'ADC'
compiling main.c...
linking...
Program Size: Code=8984 RO-data=276 RW-data=64 ZI-data=1024  
FromELF: creating hex file...
"..\Output\Ethernet.axf" - 0 Errors, 0 Warning(s).
Load "..\\Output\\Ethernet.axf" 
Erase Done.
Programming Done.
Verify OK.
Application running ...
compiling main.c...
"..\main\main.c" - 0 Errors, 0 Warning(s).
Build target 'ADC'
linking...
Program Size: Code=8984 RO-data=276 RW-data=64 ZI-data=1024  
FromELF: creating hex file...
"..\Output\Ethernet.axf" - 0 Errors, 0 Warning(s).
Build target 'ADC'
linking...
Program Size: Code=8984 RO-data=276 RW-data=64 ZI-data=1024  
FromELF: creating hex file...
"..\Output\Ethernet.axf" - 0 Errors, 0 Warning(s).
Load "..\\Output\\Ethernet.axf" 
Erase Done.
Programming Done.
Verify OK.
Application running ...
Build target 'ADC'
compiling main.c...
linking...
Program Size: Code=8988 RO-data=276 RW-data=64 ZI-data=1024  
FromELF: creating hex file...
"..\Output\Ethernet.axf" - 0 Errors, 0 Warning(s).
Load "..\\Output\\Ethernet.axf" 
Erase Done.
Programming Done.
Verify OK.
Application running ...
Load "..\\Output\\Ethernet.axf" 
Erase Done.
Programming Done.
Verify OK.
Application running ...
Build target 'ADC'
compiling main.c...
linking...
Program Size: Code=8988 RO-data=276 RW-data=64 ZI-data=1024  
FromELF: creating hex file...
"..\Output\Ethernet.axf" - 0 Errors, 0 Warning(s).
Load "..\\Output\\Ethernet.axf" 
Erase Done.
Programming Done.
Verify OK.
Application running ...
Build target 'ADC'
compiling main.c...
..\main\main.c(83): warning:  #223-D: function "printf" declared implicitly
linking...
Program Size: Code=9072 RO-data=356 RW-data=68 ZI-data=1028  
FromELF: creating hex file...
"..\Output\Ethernet.axf" - 0 Errors, 1 Warning(s).
Load "..\\Output\\Ethernet.axf" 
Erase Done.
Programming Done.
Verify OK.
Application running ...
compiling main.c...
..\main\main.c(18): error:  #20: identifier "FILE" is undefined
..\main\main.c(24): error:  #20: identifier "FILE" is undefined
..\main\main.c(31): error:  #20: identifier "FILE" is undefined
..\main\main.c(31): error:  #247: function "fputc" has already been defined
..\main\main.c(103): warning:  #223-D: function "printf" declared implicitly
"..\main\main.c" - 4 Errors, 1 Warning(s).
Build target 'ADC'
compiling main.c...
..\main\main.c(82): warning:  #223-D: function "printf" declared implicitly
linking...
Program Size: Code=9120 RO-data=356 RW-data=68 ZI-data=1028  
FromELF: creating hex file...
"..\Output\Ethernet.axf" - 0 Errors, 1 Warning(s).
Build target 'ADC'
linking...
Program Size: Code=9120 RO-data=356 RW-data=68 ZI-data=1028  
FromELF: creating hex file...
"..\Output\Ethernet.axf" - 0 Errors, 0 Warning(s).
Build target 'ADC'
linking...
Program Size: Code=9120 RO-data=356 RW-data=68 ZI-data=1028  
FromELF: creating hex file...
"..\Output\Ethernet.axf" - 0 Errors, 0 Warning(s).
compiling main.c...
..\main\main.c(123): error:  #29: expected an expression
..\main\main.c(123): error:  #167: argument of type "int" is incompatible with parameter of type "uint8_t *"
..\main\main.c(124): error:  #167: argument of type "int" is incompatible with parameter of type "uint8_t *"
..\main\main.c(124): error:  #165: too few arguments in function call
..\main\main.c(125): error:  #167: argument of type "int" is incompatible with parameter of type "uint8_t *"
..\main\main.c(125): error:  #165: too few arguments in function call
..\main\main.c(126): error:  #167: argument of type "int" is incompatible with parameter of type "uint8_t *"
..\main\main.c(126): error:  #165: too few arguments in function call
..\main\main.c(127): error:  #167: argument of type "int" is incompatible with parameter of type "uint8_t *"
..\main\main.c(127): error:  #165: too few arguments in function call
..\main\main.c(128): error:  #167: argument of type "int" is incompatible with parameter of type "uint8_t *"
..\main\main.c(128): error:  #165: too few arguments in function call
..\main\main.c(129): error:  #167: argument of type "int" is incompatible with parameter of type "uint8_t *"
..\main\main.c(129): error:  #165: too few arguments in function call
"..\main\main.c" - 14 Errors, 0 Warning(s).
Build target 'ADC'
compiling main.c...
linking...
Program Size: Code=8912 RO-data=284 RW-data=72 ZI-data=1024  
FromELF: creating hex file...
"..\Output\Ethernet.axf" - 0 Errors, 0 Warning(s).
Build target 'ADC'
linking...
Program Size: Code=8912 RO-data=284 RW-data=72 ZI-data=1024  
FromELF: creating hex file...
"..\Output\Ethernet.axf" - 0 Errors, 0 Warning(s).
compiling main.c...
"..\main\main.c" - 0 Errors, 0 Warning(s).
compiling main.c...
"..\main\main.c" - 0 Errors, 0 Warning(s).
compiling main.c...
..\main\main.c(127): warning:  #223-D: function "strlen" declared implicitly
"..\main\main.c" - 0 Errors, 1 Warning(s).
Build target 'ADC'
compiling main.c...
..\main\main.c(127): warning:  #223-D: function "strlen" declared implicitly
linking...
Program Size: Code=9088 RO-data=284 RW-data=72 ZI-data=1024  
FromELF: creating hex file...
"..\Output\Ethernet.axf" - 0 Errors, 1 Warning(s).
Build target 'ADC'
compiling main.c...
..\main\main.c(127): warning:  #223-D: function "strlen" declared implicitly
linking...
Program Size: Code=9088 RO-data=284 RW-data=72 ZI-data=1024  
FromELF: creating hex file...
"..\Output\Ethernet.axf" - 0 Errors, 1 Warning(s).
Load "..\\Output\\Ethernet.axf" 
Erase Done.
Programming Done.
Verify OK.
Application running ...
compiling main.c...
..\main\main.c(127): warning:  #223-D: function "strlen" declared implicitly
"..\main\main.c" - 0 Errors, 1 Warning(s).
Build target 'ADC'
linking...
Program Size: Code=9096 RO-data=284 RW-data=72 ZI-data=1024  
FromELF: creating hex file...
"..\Output\Ethernet.axf" - 0 Errors, 0 Warning(s).
Load "..\\Output\\Ethernet.axf" 
Erase Done.
Programming Done.
Verify OK.
Application running ...
Build target 'ADC'
compiling main.c...
..\main\main.c(122): error:  #137: expression must be a modifiable lvalue
..\main\main.c(123): error:  #137: expression must be a modifiable lvalue
..\main\main.c(124): error:  #137: expression must be a modifiable lvalue
..\main\main.c(125): error:  #137: expression must be a modifiable lvalue
..\main\main.c(126): error:  #137: expression must be a modifiable lvalue
..\main\main.c(127): warning:  #223-D: function "strlen" declared implicitly
"..\Output\Ethernet.axf" - 5 Errors, 1 Warning(s).
Target not created
compiling main.c...
..\main\main.c(127): warning:  #223-D: function "strlen" declared implicitly
"..\main\main.c" - 0 Errors, 1 Warning(s).
compiling main.c...
..\main\main.c(127): warning:  #223-D: function "strlen" declared implicitly
"..\main\main.c" - 0 Errors, 1 Warning(s).
Build target 'ADC'
linking...
Program Size: Code=9032 RO-data=276 RW-data=68 ZI-data=1028  
FromELF: creating hex file...
"..\Output\Ethernet.axf" - 0 Errors, 0 Warning(s).
Load "..\\Output\\Ethernet.axf" 
Erase Done.
Programming Done.
Verify OK.
Application running ...
compiling delay.c...
"..\Driver\system\delay\delay.c" - 0 Errors, 0 Warning(s).
Build target 'ADC'
compiling main.c...
..\main\main.c(127): warning:  #223-D: function "strlen" declared implicitly
linking...
Program Size: Code=9044 RO-data=276 RW-data=68 ZI-data=1028  
FromELF: creating hex file...
"..\Output\Ethernet.axf" - 0 Errors, 1 Warning(s).
Load "..\\Output\\Ethernet.axf" 
Erase Done.
Programming Done.
Verify OK.
Application running ...
Build target 'ADC'
compiling main.c...
..\main\main.c(127): warning:  #223-D: function "strlen" declared implicitly
linking...
Program Size: Code=9044 RO-data=276 RW-data=68 ZI-data=1028  
FromELF: creating hex file...
"..\Output\Ethernet.axf" - 0 Errors, 1 Warning(s).
Load "..\\Output\\Ethernet.axf" 
Erase Done.
Programming Done.
Verify OK.
Application running ...
Build target 'ADC'
compiling main.c...
..\main\main.c(127): warning:  #223-D: function "strlen" declared implicitly
linking...
Program Size: Code=9048 RO-data=276 RW-data=68 ZI-data=1028  
FromELF: creating hex file...
"..\Output\Ethernet.axf" - 0 Errors, 1 Warning(s).
Build target 'ADC'
linking...
Program Size: Code=9048 RO-data=276 RW-data=68 ZI-data=1028  
FromELF: creating hex file...
"..\Output\Ethernet.axf" - 0 Errors, 0 Warning(s).
Load "..\\Output\\Ethernet.axf" 
Erase Done.
Programming Done.
Verify OK.
Application running ...
compiling main.c...
..\main\main.c(127): warning:  #223-D: function "strlen" declared implicitly
"..\main\main.c" - 0 Errors, 1 Warning(s).
